
[Agent Startup] Command line arguments:
/mnt/d/eval-coding-agent/harness/agent.py --task-file tasks/message-board --condition interactive --workspace /tmp/runs/smokes/gemma-q4/message-board/interactive/runs/101/app/ --run-dir /tmp/runs/smokes/gemma-q4/message-board/interactive/runs/101/smoke/logs/ --model gemma-4-31b --api-key lm-studio --max-steps 10000 --max-total-tokens 20000000 --max-same-calls 500 --max-cycle-repeats 3 --max-blocked-calls 3 --max-repeat-steps 30 --base-url http://192.168.1.110:7777/v1 --screenshot-dir /tmp/runs/smokes/gemma-q4/message-board/interactive/runs/101/smoke/screenshot --verbose --clean-workspace --briefing-mode universal --quantization Q4_K_M --quant-registry /mnt/d/eval-coding-agent/quant-registry.json --no-replay-reasoning --extra-body {"chat_template_kwargs":{"enable_thinking":false,"preserve_thinking":true}} --think-preamble none --replay-format field --temperature 1.0 --top-p 0.95 --top-k 64 --min-p 0.0 --presence-penalty 0.0 --decoding-profile non_thinking --decoding-registry /mnt/d/eval-coding-agent/decoding-registry.json --seed 1

[quantization] declared as 'Q4_K_M' (recorded in the manifest; no effect on the run)
[reasoning] replay OFF — the model's chain of thought is discarded after each assistant turn
[quantization] registry: publisher=Unsloth method=PTQ sha256=38bd64c852c4b460...
WARNING: --extra-body is in force: {"chat_template_kwargs": {"enable_thinking": false, "preserve_thinking": true}}. These fields go to the server on EVERY request and are part of this run's treatment. Recorded in the manifest as extra_body; do not mix runs that differ here into one batch.
[preflight] server OK, serving 'gemma-4-31b'
[serving] D:\llm_models\LM Studio\unsloth\gemma-4-31B-it-GGUF\gemma-4-31B-it-Q4_K_M.gguf n_ctx=65536 template_sha=aa3185dfc6505104
[serving] served file matches the registry entry (gemma-4-31B-it-Q4_K_M.gguf)
Cleaning workspace directory: /tmp/runs/smokes/gemma-q4/message-board/interactive/runs/101/app

--- Step 1 ---
Tool Call: run_command({"command": "mkdir -p backend frontend"})
Tool Result (run_command): $ mkdir -p backend frontend [exit 0] 
[tool] run_command applied in 0.00s (call 1 of 1) - tools done for this step
[agent] sending 1 tool response to the model (37 chars)

--- Step 2 ---
Tool Call: write_file({"content": "{\n  \"name\": \"message-board\",\n  \"version\": \"1.0.0\",\n  \"private\": true,\n  \"scripts\": {\n    \"dev\": \"concurrently \\\"npm run dev:backend\\\" \\\"npm run dev:frontend\\\"\",\n    \"dev:backend\": \"npm run dev --prefix backend\",\n    \"dev:frontend\": \"npm run dev --prefix frontend\"\n  },\n  \"devDependencies\": {\n    \"concurrently\": \"^8.2.2\"\n  }\n}\n", "path": "package.json"})
Tool Result (write_file): wrote 327 chars to package.json
[tool] write_file applied in 0.00s (call 1 of 1) - tools done for this step
[agent] sending 1 tool response to the model (31 chars)

--- Step 3 ---
Tool Call: write_file({"content": "{\n  \"name\": \"backend\",\n  \"version\": \"1.0.0\",\n  \"main\": \"index.js\",\n  \"type\": \"module\",\n  \"scripts\": {\n    \"dev\": \"node index.js\"\n  },\n  \"dependencies\": {\n    \"@electric-sql/pglite\": \"^0.2.0\",\n    \"cors\": \"^2.8.5\",\n    \"express\": \"^4.19.2\"\n  }\n}\n", "path": "backend/package.json"})
Tool Result (write_file): wrote 245 chars to backend/package.json
[tool] write_file applied in 0.00s (call 1 of 1) - tools done for this step
[agent] sending 1 tool response to the model (39 chars)

--- Step 4 ---
Tool Call: run_command({"command": "npm init vite frontend -- --template vanilla"})
Tool Result (run_command): $ npm init vite frontend -- --template vanilla [exit 0] STDOUT: │ ◇  Scaffolding project in /tmp/runs/smokes/gemma-q4/message-board/interactive/runs/1...
[tool] run_command applied in 0.35s (call 1 of 1) - tools done for this step
[agent] sending 1 tool response to the model (339 chars)

--- Step 5 ---
Tool Call: write_file({"content": "import express from 'express';\nimport cors from 'cors';\nimport { PGLite } from '@electric-sql/pglite';\nimport path from 'path';\n\nconst app = express();\nconst port = 3000;\n\napp.use(cors());\napp.use(express.json());\n\n// Initialize PGLite with a local directory for persistence\nconst db = new PGLite('./pgdata');\n\n// Initialize database table\nasync function initDb() {\n  await db.exec(`\n    CREATE TABLE IF NOT EXISTS messages (\n      id SERIAL PRIMARY KEY,\n      text TEXT NOT NULL,\n      created_at TIMESTAMP WITH TIME ZONE DEFAULT CURRENT_TIMESTAMP\n    );\n  `);\n}\n\ninitDb().catch(err => console.error('DB Init Error:', err));\n\n// Store active SSE connections\nlet clients = [];\n\n// GET /api/messages - Fetch historical messages\napp.get('/api/messages', async (req, res) => {\n  try {\n    const result = await db.query('SELECT * FROM messages ORDER BY created_at ASC');\n    res.json(result.rows);\n  } catch (err) {\n    res.status(500).json({ error: err.message });\n  }\n});\n\n// GET /api/stream - SSE endpoint\napp.get('/api/stream', (req, res) => {\n  res.setHeader('Content-Type', 'text/event-stream');\n  res.setHeader('Cache-Control', 'no-cache');\n  res.setHeader('Connection', 'keep-alive');\n\n  const client = res;\n  clients.push(client);\n\n  req.on('close', () => {\n    clients = clients.filter(c => c !== client);\n  });\n});\n\n// POST /api/messages - Post a new message\napp.post('/api/messages', async (req, res) => {\n  const { text } = req.body;\n  if (!text) {\n    return res.status(400).json({ error: 'Text is required' });\n  }\n\n  try {\n    const result = await db.query(\n      'INSERT INTO messages (text) VALUES ($1) RETURNING *',\n      [text]\n    );\n    const newMessage = result.rows[0];\n\n    // Broadcast to all SSE clients\n    const data = `data: ${JSON.stringify(newMessage)}\\n\\n`;\n    clients.forEach(client => client.write(data));\n\n    res.status(201).json(newMessage);\n  } catch (err) {\n    res.status(500).json({ error: err.message });\n  }\n});\n\napp.listen(port, () => {\n  console.log(`Backend server listening at http://localhost:${port}`);\n});\n", "path": "backend/index.js"})
Tool Result (write_file): wrote 2054 chars to backend/index.js
[tool] write_file applied in 0.00s (call 1 of 1) - tools done for this step
[agent] sending 1 tool response to the model (36 chars)

--- Step 6 ---
Tool Call: write_file({"content": "<!DOCTYPE html>\n<html lang=\"en\">\n  <head>\n    <meta charset=\"UTF-8\" />\n    <meta name=\"viewport\" content=\"width=device-width, initial-scale=1.0\" />\n    <title>Real-time Message Board</title>\n    <style>\n      body {\n        font-family: sans-serif;\n        max-width: 600px;\n        margin: 2rem auto;\n        padding: 0 1rem;\n      }\n      #messages {\n        border: 1px solid #ccc;\n        height: 400px;\n        overflow-y: auto;\n        padding: 1rem;\n        margin-bottom: 1rem;\n        display: flex;\n        flex-direction: column;\n        gap: 0.5rem;\n      }\n      .message {\n        background: #f4f4f4;\n        padding: 0.5rem;\n        border-radius: 4px;\n      }\n      .message-time {\n        font-size: 0.75rem;\n        color: #666;\n        margin-left: 0.5rem;\n      }\n      form {\n        display: flex;\n        gap: 0.5rem;\n      }\n      input {\n        flex-grow: 1;\n        padding: 0.5rem;\n      }\n      button {\n        padding: 0.5rem 1rem;\n        cursor: pointer;\n      }\n    </style>\n  </head>\n  <body>\n    <h1>Message Board</h1>\n    <div id=\"messages\"></div>\n    <form id=\"message-form\">\n      <input type=\"text\" id=\"message-input\" placeholder=\"Type a message...\" required />\n      <button type=\"submit\">Send</button>\n    </form>\n    <script type=\"module\" src=\"/main.js\"></script>\n  </body>\n</html>\n", "path": "frontend/index.html"})
Tool Result (write_file): wrote 1326 chars to frontend/index.html
[tool] write_file applied in 0.00s (call 1 of 1) - tools done for this step
[agent] sending 1 tool response to the model (39 chars)

--- Step 7 ---
Tool Call: write_file({"content": "const API_BASE = 'http://localhost:3000/api';\nconst messagesContainer = document.getElementById('messages');\nconst messageForm = document.getElementById('message-form');\nconst messageInput = document.getElementById('message-input');\n\nfunction appendMessage(msg) {\n  const div = document.createElement('div');\n  div.className = 'message';\n  \n  const time = new Date(msg.created_at).toLocaleTimeString();\n  div.innerHTML = `<span>${msg.text}</span><span class=\"message-time\">${time}</span>`;\n  \n  messagesContainer.appendChild(div);\n  messagesContainer.scrollTop = messagesContainer.scrollHeight;\n}\n\nasync function loadMessages() {\n  try {\n    const response = await fetch(`${API_BASE}/messages`);\n    const messages = await response.json();\n    messages.forEach(appendMessage);\n  } catch (err) {\n    console.error('Error loading messages:', err);\n  }\n}\n\nfunction setupSSE() {\n  const eventSource = new EventSource(`${API_BASE}/stream`);\n  \n  eventSource.onmessage = (event) => {\n    const msg = JSON.parse(event.data);\n    appendMessage(msg);\n  };\n\n  eventSource.onerror = (err) => {\n    console.error('SSE Error:', err);\n  };\n}\n\nmessageForm.addEventListener('submit', async (e) => {\n  e.preventDefault();\n  const text = messageInput.value;\n  \n  try {\n    const response = await fetch(`${API_BASE}/messages`, {\n      method: 'POST',\n      headers: { 'Content-Type': 'application/json' },\n      body: JSON.stringify({ text }),\n    });\n    \n    if (response.ok) {\n      messageInput.value = '';\n    }\n  } catch (err) {\n    console.error('Error sending message:', err);\n  }\n});\n\nloadMessages();\nsetupSSE();\n", "path": "frontend/main.js"})
Tool Result (write_file): wrote 1603 chars to frontend/main.js
[tool] write_file applied in 0.00s (call 1 of 1) - tools done for this step
[agent] sending 1 tool response to the model (36 chars)

--- Step 8 ---
Tool Call: run_background_command({"command": "npm run dev"})
Tool Result (run_background_command): ERROR: Background command 'npm run dev' failed immediately with exit code 127. Output: npm notice run message-board@1.0.0 dev npm notice run concurren...
[tool] run_background_command applied in 1.50s (call 1 of 1) - tools done for this step
[agent] sending 1 tool response to the model (230 chars)

--- Step 9 ---
Tool Call: run_command({"command": "npm install && npm install --prefix backend && npm install --prefix frontend"})
Tool Result (run_command): $ npm install && npm install --prefix backend && npm install --prefix frontend [exit 0] STDOUT:  added 29 packages, and audited 30 packages in 5s  7 p...
[tool] run_command applied in 9.02s (call 1 of 1) - tools done for this step
[agent] sending 1 tool response to the model (684 chars)

--- Step 10 ---
Tool Call: run_background_command({"command": "npm run dev"})
Tool Result (run_background_command): Background command 'npm run dev' started with PID 40096. Listening on port(s): 5173. Output is logged to .agent_logs/cmd_out_1791402936.log (use read_...
[tool] run_background_command applied in 1.51s (call 1 of 1) - tools done for this step
[agent] sending 1 tool response to the model (156 chars)

--- Step 11 ---
Tool Call: browser_navigate({"url": "http://localhost:5173"})
Skipping host requirements validation logic because `PLAYWRIGHT_SKIP_VALIDATE_HOST_REQUIREMENTS` env variable is set.
Tool Result (browser_navigate): Navigated to http://localhost:5173 [HTTP 200] URL: http://localhost:5173/  TITLE: Real-time Message Board CONSOLE ERRORS (new since last report): cons...
[tool] browser_navigate applied in 1.04s (call 1 of 1) - tools done for this step
[agent] sending 1 tool response to the model (577 chars)

--- Step 12 ---
Tool Call: run_command_and_capture_output({"command": "tail -n 20 .agent_logs/cmd_out_1791402936.log", "duration": 2})
Tool Result (run_command_and_capture_output): $ tail -n 20 .agent_logs/cmd_out_1791402936.log [exit 0] STDOUT: [1] npm notice run frontend@0.0.0 dev [1] npm notice run vite [0] npm notice run back...
[tool] run_command_and_capture_output applied in 0.00s (call 1 of 1) - tools done for this step
[agent] sending 1 tool response to the model (956 chars)

--- Step 13 ---
Tool Call: edit_file({"new_str": "import pgLite from '@electric-sql/pglite';", "old_str": "import { PGLite } from '@electric-sql/pglite';", "path": "backend/index.js"})
Tool Result (edit_file): edited backend/index.js NOTE: background process(es) started earlier in this run are still running: PID 40096 (npm run dev). A running process does no...
[tool] edit_file applied in 0.00s (call 1 of 1) - tools done for this step
[agent] sending 1 tool response to the model (213 chars)

--- Step 14 ---
Tool Call: edit_file({"new_str": "const db = new pgLite('./pgdata');", "old_str": "const db = new PGLite('./pgdata');", "path": "backend/index.js"})
Tool Result (edit_file): edited backend/index.js NOTE: background process(es) started earlier in this run are still running: PID 40096 (npm run dev). A running process does no...
[tool] edit_file applied in 0.00s (call 1 of 1) - tools done for this step
[agent] sending 1 tool response to the model (213 chars)

--- Step 15 ---
Tool Call: stop_background_command({"pid": 40096})
Tool Result (stop_background_command): Stopped background PID 40096.
[tool] stop_background_command applied in 0.50s (call 1 of 1) - tools done for this step
[agent] sending 1 tool response to the model (29 chars)

--- Step 16 ---
Tool Call: run_background_command({"command": "npm run dev"})
Tool Result (run_background_command): Background command 'npm run dev' started with PID 40334. Listening on port(s): 5173. Output is logged to .agent_logs/cmd_out_1791402945.log (use read_...
[tool] run_background_command applied in 1.50s (call 1 of 1) - tools done for this step
[agent] sending 1 tool response to the model (156 chars)

--- Step 17 ---
Tool Call: browser_navigate({"url": "http://localhost:5173"})
Tool Result (browser_navigate): Navigated to http://localhost:5173 [HTTP 200] URL: http://localhost:5173/  TITLE: Real-time Message Board CONSOLE ERRORS (new since last report): cons...
[tool] browser_navigate applied in 0.56s (call 1 of 1) - tools done for this step
[agent] sending 1 tool response to the model (645 chars)

--- Step 18 ---
Tool Call: run_command_and_capture_output({"command": "tail -n 20 .agent_logs/cmd_out_1791402945.log", "duration": 2})
Tool Result (run_command_and_capture_output): $ tail -n 20 .agent_logs/cmd_out_1791402945.log [exit 0] STDOUT: [0] npm notice run backend@1.0.0 dev [0] npm notice run node index.js [1] npm notice ...
[tool] run_command_and_capture_output applied in 0.00s (call 1 of 1) - tools done for this step
[agent] sending 1 tool response to the model (951 chars)

--- Step 19 ---
Tool Call: run_command({"command": "npm list @electric-sql/pglite"})
Tool Result (run_command): $ npm list @electric-sql/pglite [exit 1] STDOUT: message-board@1.0.0 /tmp/runs/smokes/gemma-q4/message-board/interactive/runs/101/app └── (empty)   
[tool] run_command applied in 0.22s (call 1 of 1) - tools done for this step
[agent] sending 1 tool response to the model (148 chars)

--- Step 20 ---
Tool Call: run_command({"command": "npm list --prefix backend @electric-sql/pglite"})
Tool Result (run_command): $ npm list --prefix backend @electric-sql/pglite [exit 0] STDOUT: backend@1.0.0 /tmp/runs/smokes/gemma-q4/message-board/interactive/runs/101/app/backe...
[tool] run_command applied in 0.20s (call 1 of 1) - tools done for this step
[agent] sending 1 tool response to the model (187 chars)

--- Step 21 ---
Tool Call: edit_file({"new_str": "import * as pgLiteModule from '@electric-sql/pglite';", "old_str": "import pgLite from '@electric-sql/pglite';", "path": "backend/index.js"})
Tool Result (edit_file): edited backend/index.js NOTE: background process(es) started earlier in this run are still running: PID 40334 (npm run dev). A running process does no...
[tool] edit_file applied in 0.00s (call 1 of 1) - tools done for this step
[agent] sending 1 tool response to the model (213 chars)

--- Step 22 ---
Tool Call: edit_file({"new_str": "const db = new pgLiteModule.PGLite('./pgdata');", "old_str": "const db = new pgLite('./pgdata');", "path": "backend/index.js"})
Tool Result (edit_file): edited backend/index.js NOTE: background process(es) started earlier in this run are still running: PID 40334 (npm run dev). A running process does no...
[tool] edit_file applied in 0.00s (call 1 of 1) - tools done for this step
[agent] sending 1 tool response to the model (213 chars)

--- Step 23 ---
Tool Call: stop_background_command({"pid": 40334})
Tool Result (stop_background_command): Stopped background PID 40334.
[tool] stop_background_command applied in 0.50s (call 1 of 1) - tools done for this step
[agent] sending 1 tool response to the model (29 chars)

--- Step 24 ---
Tool Call: run_background_command({"command": "npm run dev"})
Tool Result (run_background_command): Background command 'npm run dev' started with PID 40485. Listening on port(s): 5173. Output is logged to .agent_logs/cmd_out_1791402956.log (use read_...
[tool] run_background_command applied in 1.51s (call 1 of 1) - tools done for this step
[agent] sending 1 tool response to the model (156 chars)

--- Step 25 ---
Tool Call: browser_navigate({"url": "http://localhost:5173"})
Tool Result (browser_navigate): Navigated to http://localhost:5173 [HTTP 200] URL: http://localhost:5173/  TITLE: Real-time Message Board CONSOLE ERRORS (new since last report): cons...
[tool] browser_navigate applied in 0.54s (call 1 of 1) - tools done for this step
[agent] sending 1 tool response to the model (645 chars)

--- Step 26 ---
Tool Call: run_command_and_capture_output({"command": "tail -n 20 .agent_logs/cmd_out_1791402956.log", "duration": 2})
Tool Result (run_command_and_capture_output): $ tail -n 20 .agent_logs/cmd_out_1791402956.log [exit 0] STDOUT: [0] npm notice run node index.js [1] npm notice run frontend@0.0.0 dev [1] npm notice...
[tool] run_command_and_capture_output applied in 0.00s (call 1 of 1) - tools done for this step
[agent] sending 1 tool response to the model (902 chars)

--- Step 27 ---
Tool Call: write_file({"content": "import express from 'express';\nimport cors from 'cors';\nimport { PGLite } from '@electric-sql/pglite';\nimport path from 'path';\n\nconst app = express();\nconst port = 3000;\n\napp.use(cors());\napp.use(express.json());\n\n// Initialize PGLite with a local directory for persistence\nconst db = new PGLite('./pgdata');\n\n// Initialize database table\nasync function initDb() {\n  await db.exec(`\n    CREATE TABLE IF NOT EXISTS messages (\n      id SERIAL PRIMARY KEY,\n      text TEXT NOT NULL,\n      created_at TIMESTAMP WITH TIME ZONE DEFAULT CURRENT_TIMESTAMP\n    );\n  `);\n}\n\ninitDb().catch(err => console.error('DB Init Error:', err));\n\n// Store active SSE connections\nlet clients = [];\n\n// GET /api/messages - Fetch historical messages\napp.get('/api/messages', async (req, res) => {\n  try {\n    const result = await db.query('SELECT * FROM messages ORDER BY created_at ASC');\n    res.json(result.rows);\n  } catch (err) {\n    res.status(500).json({ error: err.message });\n  }\n});\n\n// GET /api/stream - SSE endpoint\napp.get('/api/stream', (req, res) => {\n  res.setHeader('Content-Type', 'text/event-stream');\n  res.setHeader('Cache-Control', 'no-cache');\n  res.setHeader('Connection', 'keep-alive');\n\n  const client = res;\n  clients.push(client);\n\n  req.on('close', () => {\n    clients = clients.filter(c => c !== client);\n  });\n});\n\n// POST /api/messages - Post a new message\napp.post('/api/messages', async (req, res) => {\n  const { text } = req.body;\n  if (!text) {\n    return res.status(400).json({ error: 'Text is required' });\n  }\n\n  try {\n    const result = await db.query(\n      'INSERT INTO messages (text) VALUES ($1) RETURNING *',\n      [text]\n    );\n    const newMessage = result.rows[0];\n\n    // Broadcast to all SSE clients\n    const data = `data: ${JSON.stringify(newMessage)}\\n\\n`;\n    clients.forEach(client => client.write(data));\n\n    res.status(201).json(newMessage);\n  } catch (err) {\n    res.status(500).json({ error: err.message });\n  }\n});\n\napp.listen(port, () => {\n  console.log(`Backend server listening at http://localhost:${port}`);\n});\n", "path": "backend/index.js"})
Tool Result (write_file): wrote 2054 chars to backend/index.js NOTE: 2 write or edit calls in this run, this one included, have left backend/index.js with exactly this content;...
[tool] write_file applied in 0.00s (call 1 of 1) - tools done for this step
[agent] sending 1 tool response to the model (375 chars)

--- Step 28 ---
Tool Call: stop_background_command({"pid": 40485})
Tool Result (stop_background_command): Stopped background PID 40485.
[tool] stop_background_command applied in 0.50s (call 1 of 1) - tools done for this step
[agent] sending 1 tool response to the model (29 chars)

--- Step 29 ---
Tool Call: run_background_command({"command": "npm run dev"})
Tool Result (run_background_command): Background command 'npm run dev' started with PID 40621. Listening on port(s): 5173. Output is logged to .agent_logs/cmd_out_1791402977.log (use read_...
[tool] run_background_command applied in 1.51s (call 1 of 1) - tools done for this step
[agent] sending 1 tool response to the model (156 chars)

--- Step 30 ---
Tool Call: browser_navigate({"url": "http://localhost:5173"})
Tool Result (browser_navigate): Navigated to http://localhost:5173 [HTTP 200] URL: http://localhost:5173/  TITLE: Real-time Message Board CONSOLE ERRORS (new since last report): cons...
[tool] browser_navigate applied in 0.54s (call 1 of 1) - tools done for this step
[agent] sending 1 tool response to the model (645 chars)

--- Step 31 ---
Tool Call: run_command_and_capture_output({"command": "tail -n 20 .agent_logs/cmd_out_1791402977.log", "duration": 2})
Tool Result (run_command_and_capture_output): $ tail -n 20 .agent_logs/cmd_out_1791402977.log [exit 0] STDOUT: [0] npm notice run backend@1.0.0 dev [0] npm notice run node index.js [1] npm notice ...
[tool] run_command_and_capture_output applied in 0.01s (call 1 of 1) - tools done for this step
[agent] sending 1 tool response to the model (956 chars)

--- Step 32 ---
Tool Call: run_command({"command": "cat node_modules/@electric-sql/pglite/package.json"})
Tool Result (run_command): $ cat node_modules/@electric-sql/pglite/package.json [exit 1] STDERR: cat: node_modules/@electric-sql/pglite/package.json: No such file or directory  
[tool] run_command applied in 0.01s (call 1 of 1) - tools done for this step
[agent] sending 1 tool response to the model (150 chars)

--- Step 33 ---
Tool Call: run_command({"command": "cat backend/node_modules/@electric-sql/pglite/package.json"})
Tool Result (run_command): $ cat backend/node_modules/@electric-sql/pglite/package.json [exit 0] STDOUT: {   "name": "@electric-sql/pglite",   "version": "0.2.17",   "private": ...
[tool] run_command applied in 0.00s (call 1 of 1) - tools done for this step
[agent] sending 1 tool response to the model (4,193 chars)

--- Step 34 ---
Tool Call: run_command({"command": "ls backend/node_modules/@electric-sql/pglite/dist/index.js"})
Tool Result (run_command): $ ls backend/node_modules/@electric-sql/pglite/dist/index.js [exit 0] STDOUT: backend/node_modules/@electric-sql/pglite/dist/index.js  
[tool] run_command applied in 0.01s (call 1 of 1) - tools done for this step
[agent] sending 1 tool response to the model (135 chars)

--- Step 35 ---
Tool Call: run_command({"command": "grep \"export class PGLite\" backend/node_modules/@electric-sql/pglite/dist/index.js"})
Tool Result (run_command): $ grep "export class PGLite" backend/node_modules/@electric-sql/pglite/dist/index.js [exit 1] 
[tool] run_command applied in 0.01s (call 1 of 1) - tools done for this step
[agent] sending 1 tool response to the model (94 chars)

--- Step 36 ---
Tool Call: run_command({"command": "grep \"export\" backend/node_modules/@electric-sql/pglite/dist/index.js | head -n 20"})
Tool Result (run_command): $ grep "export" backend/node_modules/@electric-sql/pglite/dist/index.js | head -n 20 [exit 0] STDOUT: import{a as ve}from"./chunk-A7RFOIQ7.js";import{...
[tool] run_command applied in 0.02s (call 1 of 1) - tools done for this step
[agent] sending 1 tool response to the model (6,032 chars)

--- Step 37 ---
Tool Call: run_command({"command": "grep \"export{.*Ue as PGlite\" backend/node_modules/@electric-sql/pglite/dist/index.js"})
Tool Result (run_command): $ grep "export{.*Ue as PGlite" backend/node_modules/@electric-sql/pglite/dist/index.js [exit 0] STDOUT: ${n}`),0}},__dlopen_js=e=>dlopenInternal(e,{lo...
[tool] run_command applied in 0.00s (call 1 of 1) - tools done for this step
[agent] sending 1 tool response to the model (6,032 chars)

--- Step 38 ---
Tool Call: edit_file({"new_str": "import { PGLite } from '@electric-sql/pglite-node';", "old_str": "import { PGLite } from '@electric-sql/pglite';", "path": "backend/index.js"})
Tool Result (edit_file): edited backend/index.js NOTE: background process(es) started earlier in this run are still running: PID 40621 (npm run dev). A running process does no...
[tool] edit_file applied in 0.00s (call 1 of 1) - tools done for this step
[agent] sending 1 tool response to the model (213 chars)

--- Step 39 ---
Tool Call: run_command({"command": "npm install --prefix backend @electric-sql/pglite-node"})
Tool Result (run_command): $ npm install --prefix backend @electric-sql/pglite-node [exit 1] STDERR: npm error code E404 npm error 404 Not Found - GET https://registry.npmjs.org...
[tool] run_command applied in 0.58s (call 1 of 1) - tools done for this step
[agent] sending 1 tool response to the model (576 chars)

--- Step 40 ---
Tool Call: edit_file({"new_str": "import { PGLite } from '@electric-sql/pglite';", "old_str": "import { PGLite } from '@electric-sql/pglite-node';", "path": "backend/index.js"})
Tool Result (edit_file): edited backend/index.js NOTE: 3 write or edit calls in this run, this one included, have left backend/index.js with exactly this content; the previous...
[tool] edit_file applied in 0.00s (call 1 of 1) - tools done for this step
[agent] sending 1 tool response to the model (362 chars)

--- Step 41 ---
Tool Call: stop_background_command({"pid": 40621})
Tool Result (stop_background_command): Stopped background PID 40621.
[tool] stop_background_command applied in 0.50s (call 1 of 1) - tools done for this step
[agent] sending 1 tool response to the model (29 chars)

--- Step 42 ---
Tool Call: run_background_command({"command": "npm run dev"})
Tool Result (run_background_command): Background command 'npm run dev' started with PID 40777. Listening on port(s): 5173. Output is logged to .agent_logs/cmd_out_1791403001.log (use read_...
[tool] run_background_command applied in 1.51s (call 1 of 1) - tools done for this step
[agent] sending 1 tool response to the model (156 chars)

--- Step 43 ---
Tool Call: browser_navigate({"url": "http://localhost:5173"})
Tool Result (browser_navigate): Navigated to http://localhost:5173 [HTTP 200] URL: http://localhost:5173/  TITLE: Real-time Message Board CONSOLE ERRORS (new since last report): cons...
[tool] browser_navigate applied in 0.54s (call 1 of 1) - tools done for this step
[agent] sending 1 tool response to the model (645 chars)

--- Step 44 ---
Tool Call: run_command_and_capture_output({"command": "tail -n 20 .agent_logs/cmd_out_1791403001.log", "duration": 2})
Tool Result (run_command_and_capture_output): $ tail -n 20 .agent_logs/cmd_out_1791403001.log [exit 0] STDOUT: [1] npm notice run frontend@0.0.0 dev [1] npm notice run vite [0] npm notice run back...
[tool] run_command_and_capture_output applied in 0.00s (call 1 of 1) - tools done for this step
[agent] sending 1 tool response to the model (956 chars)

--- Step 45 ---
Tool Call: edit_file({"new_str": "import pkg from '@electric-sql/pglite';\nconst { PGLite } = pkg;", "old_str": "import { PGLite } from '@electric-sql/pglite';", "path": "backend/index.js"})
Tool Result (edit_file): edited backend/index.js NOTE: background process(es) started earlier in this run are still running: PID 40777 (npm run dev). A running process does no...
[tool] edit_file applied in 0.00s (call 1 of 1) - tools done for this step
[agent] sending 1 tool response to the model (213 chars)

--- Step 46 ---
Tool Call: stop_background_command({"pid": 40777})
Tool Result (stop_background_command): Stopped background PID 40777.
[tool] stop_background_command applied in 0.50s (call 1 of 1) - tools done for this step
[agent] sending 1 tool response to the model (29 chars)

--- Step 47 ---
Tool Call: run_background_command({"command": "npm run dev"})
Tool Result (run_background_command): Background command 'npm run dev' started with PID 40899. Listening on port(s): 5173. Output is logged to .agent_logs/cmd_out_1791403011.log (use read_...
[tool] run_background_command applied in 1.51s (call 1 of 1) - tools done for this step
[agent] sending 1 tool response to the model (156 chars)

--- Step 48 ---
Tool Call: browser_navigate({"url": "http://localhost:5173"})
Tool Result (browser_navigate): Navigated to http://localhost:5173 [HTTP 200] URL: http://localhost:5173/  TITLE: Real-time Message Board CONSOLE ERRORS (new since last report): cons...
[tool] browser_navigate applied in 0.54s (call 1 of 1) - tools done for this step
[agent] sending 1 tool response to the model (645 chars)

--- Step 49 ---
Tool Call: run_command_and_capture_output({"command": "tail -n 20 .agent_logs/cmd_out_1791403011.log", "duration": 2})
Tool Result (run_command_and_capture_output): $ tail -n 20 .agent_logs/cmd_out_1791403011.log [exit 0] STDOUT: [1] npm notice run frontend@0.0.0 dev [1] npm notice run vite [0] npm notice run back...
[tool] run_command_and_capture_output applied in 0.00s (call 1 of 1) - tools done for this step
[agent] sending 1 tool response to the model (945 chars)

--- Step 50 ---
Tool Call: edit_file({"new_str": "import * as pglite from '@electric-sql/pglite';\nconst { PGLite } = pglite;", "old_str": "import pkg from '@electric-sql/pglite';\nconst { PGLite } = pkg;", "path": "backend/index.js"})
Tool Result (edit_file): edited backend/index.js NOTE: background process(es) started earlier in this run are still running: PID 40899 (npm run dev). A running process does no...
[tool] edit_file applied in 0.00s (call 1 of 1) - tools done for this step
[agent] sending 1 tool response to the model (213 chars)

--- Step 51 ---
Tool Call: stop_background_command({"pid": 40899})
Tool Result (stop_background_command): Stopped background PID 40899.
[tool] stop_background_command applied in 0.50s (call 1 of 1) - tools done for this step
[agent] sending 1 tool response to the model (29 chars)

--- Step 52 ---
Tool Call: run_background_command({"command": "npm run dev"})
Tool Result (run_background_command): Background command 'npm run dev' started with PID 41021. Listening on port(s): 5173. Output is logged to .agent_logs/cmd_out_1791403021.log (use read_...
[tool] run_background_command applied in 1.50s (call 1 of 1) - tools done for this step
[agent] sending 1 tool response to the model (156 chars)

--- Step 53 ---
Tool Call: browser_navigate({"url": "http://localhost:5173"})
Tool Result (browser_navigate): Navigated to http://localhost:5173 [HTTP 200] URL: http://localhost:5173/  TITLE: Real-time Message Board CONSOLE ERRORS (new since last report): cons...
[tool] browser_navigate applied in 0.54s (call 1 of 1) - tools done for this step
[agent] sending 1 tool response to the model (645 chars)

--- Step 54 ---
Tool Call: run_command_and_capture_output({"command": "tail -n 20 .agent_logs/cmd_out_1791403021.log", "duration": 2})
Tool Result (run_command_and_capture_output): $ tail -n 20 .agent_logs/cmd_out_1791403021.log [exit 0] STDOUT: [0] npm notice run node index.js [1] npm notice run frontend@0.0.0 dev [1] npm notice...
[tool] run_command_and_capture_output applied in 0.00s (call 1 of 1) - tools done for this step
[agent] sending 1 tool response to the model (876 chars)

--- Step 55 ---
Tool Call: edit_file({"new_str": "import * as pglite from '@electric-sql/pglite';\nconst PGLite = pglite.Ue;", "old_str": "import * as pglite from '@electric-sql/pglite';\nconst { PGLite } = pglite;", "path": "backend/index.js"})
Tool Result (edit_file): edited backend/index.js NOTE: background process(es) started earlier in this run are still running: PID 41021 (npm run dev). A running process does no...
[tool] edit_file applied in 0.00s (call 1 of 1) - tools done for this step
[agent] sending 1 tool response to the model (213 chars)

--- Step 56 ---
Tool Call: stop_background_command({"pid": 41021})
Tool Result (stop_background_command): Stopped background PID 41021.
[tool] stop_background_command applied in 0.50s (call 1 of 1) - tools done for this step
[agent] sending 1 tool response to the model (29 chars)

--- Step 57 ---
Tool Call: run_background_command({"command": "npm run dev"})
Tool Result (run_background_command): Background command 'npm run dev' started with PID 41143. Listening on port(s): 5173. Output is logged to .agent_logs/cmd_out_1791403032.log (use read_...
[tool] run_background_command applied in 1.51s (call 1 of 1) - tools done for this step
[agent] sending 1 tool response to the model (156 chars)

--- Step 58 ---
Tool Call: browser_navigate({"url": "http://localhost:5173"})
Tool Result (browser_navigate): Navigated to http://localhost:5173 [HTTP 200] URL: http://localhost:5173/  TITLE: Real-time Message Board CONSOLE ERRORS (new since last report): cons...
[tool] browser_navigate applied in 0.54s (call 1 of 1) - tools done for this step
[agent] sending 1 tool response to the model (645 chars)

--- Step 59 ---
Tool Call: run_command_and_capture_output({"command": "tail -n 20 .agent_logs/cmd_out_1791403032.log", "duration": 2})
Tool Result (run_command_and_capture_output): $ tail -n 20 .agent_logs/cmd_out_1791403032.log [exit 0] STDOUT: [0] npm notice run node index.js [1] npm notice run frontend@0.0.0 dev [1] npm notice...
[tool] run_command_and_capture_output applied in 0.00s (call 1 of 1) - tools done for this step
[agent] sending 1 tool response to the model (876 chars)

--- Step 60 ---
Tool Call: edit_file({"new_str": "import { PGLite } from '@electric-sql/pglite';", "old_str": "import * as pglite from '@electric-sql/pglite';\nconst PGLite = pglite.Ue;", "path": "backend/index.js"})
Tool Result (edit_file): edited backend/index.js NOTE: 4 write or edit calls in this run, this one included, have left backend/index.js with exactly this content; the previous...
[tool] edit_file applied in 0.00s (call 1 of 1) - tools done for this step
[agent] sending 1 tool response to the model (362 chars)

--- Step 61 ---
Tool Call: stop_background_command({"pid": 41143})
Tool Result (stop_background_command): Stopped background PID 41143.
[tool] stop_background_command applied in 0.50s (call 1 of 1) - tools done for this step
[agent] sending 1 tool response to the model (29 chars)

--- Step 62 ---
Tool Call: run_background_command({"command": "npm run dev"})
Tool Result (run_background_command): Background command 'npm run dev' started with PID 41267. Listening on port(s): 5173. Output is logged to .agent_logs/cmd_out_1791403044.log (use read_...
[tool] run_background_command applied in 1.50s (call 1 of 1) - tools done for this step
[agent] sending 1 tool response to the model (156 chars)

--- Step 63 ---
Tool Call: browser_navigate({"url": "http://localhost:5173"})
Tool Result (browser_navigate): Navigated to http://localhost:5173 [HTTP 200] URL: http://localhost:5173/  TITLE: Real-time Message Board CONSOLE ERRORS (new since last report): cons...
[tool] browser_navigate applied in 0.54s (call 1 of 1) - tools done for this step
[agent] sending 1 tool response to the model (645 chars)

--- Step 64 ---
Tool Call: run_command_and_capture_output({"command": "tail -n 20 .agent_logs/cmd_out_1791403044.log", "duration": 2})
Tool Result (run_command_and_capture_output): $ tail -n 20 .agent_logs/cmd_out_1791403044.log [exit 0] STDOUT: [0] npm notice run backend@1.0.0 dev [0] npm notice run node index.js [1] npm notice ...
[tool] run_command_and_capture_output applied in 0.00s (call 1 of 1) - tools done for this step
[agent] sending 1 tool response to the model (956 chars)

--- Step 65 ---
Tool Call: write_file({"content": "import express from 'express';\nimport cors from 'cors';\nimport pglite from '@electric-sql/pglite';\nimport path from 'path';\n\nconst app = express();\nconst port = 3000;\n\napp.use(cors());\napp.use(express.json());\n\n// PGLite often exports as a default function or has a different structure in CJS/ESM\n// Based on the grep output, it seems to be a minified bundle.\n// Let's try to use the default export as the constructor.\nconst PGLite = pglite;\nconst db = new PGLite('./pgdata');\n\n// Initialize database table\nasync function initDb() {\n  await db.exec(`\n    CREATE TABLE IF NOT EXISTS messages (\n      id SERIAL PRIMARY KEY,\n      text TEXT NOT NULL,\n      created_at TIMESTAMP WITH TIME ZONE DEFAULT CURRENT_TIMESTAMP\n    );\n  `);\n}\n\ninitDb().catch(err => console.error('DB Init Error:', err));\n\n// Store active SSE connections\nlet clients = [];\n\n// GET /api/messages - Fetch historical messages\napp.get('/api/messages', async (req, res) => {\n  try {\n    const result = await db.query('SELECT * FROM messages ORDER BY created_at ASC');\n    res.json(result.rows);\n  } catch (err) {\n    res.status(500).json({ error: err.message });\n  }\n});\n\n// GET /api/stream - SSE endpoint\napp.get('/api/stream', (req, res) => {\n  res.setHeader('Content-Type', 'text/event-stream');\n  res.setHeader('Cache-Control', 'no-cache');\n  res.setHeader('Connection', 'keep-alive');\n\n  const client = res;\n  clients.push(client);\n\n  req.on('close', () => {\n    clients = clients.filter(c => c !== client);\n  });\n});\n\n// POST /api/messages - Post a new message\napp.post('/api/messages', async (req, res) => {\n  const { text } = req.body;\n  if (!text) {\n    return res.status(400).json({ error: 'Text is required' });\n  }\n\n  try {\n    const result = await db.query(\n      'INSERT INTO messages (text) VALUES ($1) RETURNING *',\n      [text]\n    );\n    const newMessage = result.rows[0];\n\n    // Broadcast to all SSE clients\n    const data = `data: ${JSON.stringify(newMessage)}\\n\\n`;\n    clients.forEach(client => client.write(data));\n\n    res.status(201).json(newMessage);\n  } catch (err) {\n    res.status(500).json({ error: err.message });\n  }\n});\n\napp.listen(port, () => {\n  console.log(`Backend server listening at http://localhost:${port}`);\n});\n", "path": "backend/index.js"})
Tool Result (write_file): wrote 2221 chars to backend/index.js NOTE: background process(es) started earlier in this run are still running: PID 41267 (npm run dev). A running pr...
[tool] write_file applied in 0.00s (call 1 of 1) - tools done for this step
[agent] sending 1 tool response to the model (226 chars)

--- Step 66 ---
Tool Call: stop_background_command({"pid": 41267})
Tool Result (stop_background_command): Stopped background PID 41267.
[tool] stop_background_command applied in 0.50s (call 1 of 1) - tools done for this step
[agent] sending 1 tool response to the model (29 chars)

--- Step 67 ---
Tool Call: run_background_command({"command": "npm run dev"})
Tool Result (run_background_command): Background command 'npm run dev' started with PID 41389. Listening on port(s): 5173. Output is logged to .agent_logs/cmd_out_1791403076.log (use read_...
[tool] run_background_command applied in 1.50s (call 1 of 1) - tools done for this step
[agent] sending 1 tool response to the model (156 chars)

--- Step 68 ---
Tool Call: browser_navigate({"url": "http://localhost:5173"})
Tool Result (browser_navigate): Navigated to http://localhost:5173 [HTTP 200] URL: http://localhost:5173/  TITLE: Real-time Message Board CONSOLE ERRORS (new since last report): cons...
[tool] browser_navigate applied in 0.54s (call 1 of 1) - tools done for this step
[agent] sending 1 tool response to the model (645 chars)

--- Step 69 ---
Tool Call: run_command_and_capture_output({"command": "tail -n 20 .agent_logs/cmd_out_1791403076.log", "duration": 2})
Tool Result (run_command_and_capture_output): $ tail -n 20 .agent_logs/cmd_out_1791403076.log [exit 0] STDOUT: [0] npm notice run backend@1.0.0 dev [0] npm notice run node index.js [1] npm notice ...
[tool] run_command_and_capture_output applied in 0.00s (call 1 of 1) - tools done for this step
[agent] sending 1 tool response to the model (951 chars)

--- Step 70 ---
Tool Call: write_file({"content": "import express from 'express';\nimport cors from 'cors';\nimport * as pglite from '@electric-sql/pglite';\nimport path from 'path';\n\nconst app = express();\nconst port = 3000;\n\napp.use(cors());\napp.use(express.json());\n\n// PGLite export is named 'PGLite' in the compiled bundle's exports.\n// Let's try to access it from the module object.\nconst PGLite = pglite.PGLite || pglite.Ue;\nconst db = new PGLite('./pgdata');\n\n// Initialize database table\nasync function initDb() {\n  await db.exec(`\n    CREATE TABLE IF NOT EXISTS messages (\n      id SERIAL PRIMARY KEY,\n      text TEXT NOT NULL,\n      created_at TIMESTAMP WITH TIME ZONE DEFAULT CURRENT_TIMESTAMP\n    );\n  `);\n}\n\ninitDb().catch(err => console.error('DB Init Error:', err));\n\n// Store active SSE connections\nlet clients = [];\n\n// GET /api/messages - Fetch historical messages\napp.get('/api/messages', async (req, res) => {\n  try {\n    const result = await db.query('SELECT * FROM messages ORDER BY created_at ASC');\n    res.json(result.rows);\n  } catch (err) {\n    res.status(500).json({ error: err.message });\n  }\n});\n\n// GET /api/stream - SSE endpoint\napp.get('/api/stream', (req, res) => {\n  res.setHeader('Content-Type', 'text/event-stream');\n  res.setHeader('Cache-Control', 'no-cache');\n  res.setHeader('Connection', 'keep-alive');\n\n  const client = res;\n  clients.push(client);\n\n  req.on('close', () => {\n    clients = clients.filter(c => c !== client);\n  });\n});\n\n// POST /api/messages - Post a new message\napp.post('/api/messages', async (req, res) => {\n  const { text } = req.body;\n  if (!text) {\n    return res.status(400).json({ error: 'Text is required' });\n  }\n\n  try {\n    const result = await db.query(\n      'INSERT INTO messages (text) VALUES ($1) RETURNING *',\n      [text]\n    );\n    const newMessage = result.rows[0];\n\n    // Broadcast to all SSE clients\n    const data = `data: ${JSON.stringify(newMessage)}\\n\\n`;\n    clients.forEach(client => client.write(data));\n\n    res.status(201).json(newMessage);\n  } catch (err) {\n    res.status(500).json({ error: err.message });\n  }\n});\n\napp.listen(port, () => {\n  console.log(`Backend server listening at http://localhost:${port}`);\n});\n", "path": "backend/index.js"})
Tool Result (write_file): wrote 2157 chars to backend/index.js NOTE: background process(es) started earlier in this run are still running: PID 41389 (npm run dev). A running pr...
[tool] write_file applied in 0.00s (call 1 of 1) - tools done for this step
[agent] sending 1 tool response to the model (226 chars)

--- Step 71 ---
Tool Call: stop_background_command({"pid": 41389})
Tool Result (stop_background_command): Stopped background PID 41389.
[tool] stop_background_command applied in 0.50s (call 1 of 1) - tools done for this step
[agent] sending 1 tool response to the model (29 chars)

--- Step 72 ---
Tool Call: run_background_command({"command": "npm run dev"})
Tool Result (run_background_command): Background command 'npm run dev' started with PID 41511. Listening on port(s): 5173. Output is logged to .agent_logs/cmd_out_1791403109.log (use read_...
[tool] run_background_command applied in 1.51s (call 1 of 1) - tools done for this step
[agent] sending 1 tool response to the model (156 chars)

--- Step 73 ---
Tool Call: browser_navigate({"url": "http://localhost:5173"})
Tool Result (browser_navigate): Navigated to http://localhost:5173 [HTTP 200] URL: http://localhost:5173/  TITLE: Real-time Message Board CONSOLE ERRORS (new since last report): cons...
[tool] browser_navigate applied in 0.54s (call 1 of 1) - tools done for this step
[agent] sending 1 tool response to the model (645 chars)

--- Step 74 ---
Tool Call: run_command_and_capture_output({"command": "tail -n 20 .agent_logs/cmd_out_1791403109.log", "duration": 2})
Tool Result (run_command_and_capture_output): $ tail -n 20 .agent_logs/cmd_out_1791403109.log [exit 0] STDOUT: [1] npm notice run vite [0] npm notice run backend@1.0.0 dev [0] npm notice run node ...
[tool] run_command_and_capture_output applied in 0.00s (call 1 of 1) - tools done for this step
[agent] sending 1 tool response to the model (875 chars)

--- Step 75 ---
Tool Call: edit_file({"new_str": "const PGLite = pglite.Ue || pglite.PGLite;", "old_str": "const PGLite = pglite.PGLite || pglite.Ue;", "path": "backend/index.js"})
Tool Result (edit_file): edited backend/index.js NOTE: background process(es) started earlier in this run are still running: PID 41511 (npm run dev). A running process does no...
[tool] edit_file applied in 0.00s (call 1 of 1) - tools done for this step
[agent] sending 1 tool response to the model (213 chars)

--- Step 76 ---
Tool Call: stop_background_command({"pid": 41511})
Tool Result (stop_background_command): Stopped background PID 41511.
[tool] stop_background_command applied in 0.50s (call 1 of 1) - tools done for this step
[agent] sending 1 tool response to the model (29 chars)

--- Step 77 ---
Tool Call: run_background_command({"command": "npm run dev"})
Tool Result (run_background_command): Background command 'npm run dev' started with PID 41633. Listening on port(s): 5173. Output is logged to .agent_logs/cmd_out_1791403123.log (use read_...
[tool] run_background_command applied in 1.51s (call 1 of 1) - tools done for this step
[agent] sending 1 tool response to the model (156 chars)

--- Step 78 ---
Tool Call: browser_navigate({"url": "http://localhost:5173"})
Tool Result (browser_navigate): Navigated to http://localhost:5173 [HTTP 200] URL: http://localhost:5173/  TITLE: Real-time Message Board CONSOLE ERRORS (new since last report): cons...
[tool] browser_navigate applied in 0.54s (call 1 of 1) - tools done for this step
[agent] sending 1 tool response to the model (645 chars)

--- Step 79 ---
Tool Call: run_command_and_capture_output({"command": "tail -n 20 .agent_logs/cmd_out_1791403123.log", "duration": 2})
Tool Result (run_command_and_capture_output): $ tail -n 20 .agent_logs/cmd_out_1791403123.log [exit 0] STDOUT: [1] npm notice run vite [0] npm notice run backend@1.0.0 dev [0] npm notice run node ...
[tool] run_command_and_capture_output applied in 0.00s (call 1 of 1) - tools done for this step
[agent] sending 1 tool response to the model (875 chars)

--- Step 80 ---
Tool Call: edit_file({"new_str": "import { PGLite } from '@electric-sql/pglite';", "old_str": "import * as pglite from '@electric-sql/pglite';\nconst PGLite = pglite.Ue || pglite.PGLite;", "path": "backend/index.js"})
Tool Result (edit_file): ERROR: old_str not found
[tool] edit_file applied in 0.00s (call 1 of 1) - tools done for this step
[agent] sending 1 tool response to the model (24 chars)

--- Step 81 ---
Tool Call: read_file({"path": "backend/index.js"})
Tool Result (read_file): import express from 'express'; import cors from 'cors'; import * as pglite from '@electric-sql/pglite'; import path from 'path';  const app = express(...
[tool] read_file applied in 0.00s (call 1 of 1) - tools done for this step
[agent] sending 1 tool response to the model (2,157 chars)

--- Step 82 ---
Tool Call: edit_file({"new_str": "import { PGLite } from '@electric-sql/pglite';", "old_str": "import * as pglite from '@electric-sql/pglite';\nconst PGLite = pglite.Ue || pglite.PGLite;", "path": "backend/index.js"})
Tool Result (edit_file): ERROR: old_str not found
[tool] edit_file applied in 0.00s (call 1 of 1) - tools done for this step
[agent] sending 1 tool response to the model (24 chars)

--- Step 83 ---
Tool Call: edit_file({"new_str": "import { PGLite } from '@electric-sql/pglite';", "old_str": "import * as pglite from '@electric-sql/pglite';", "path": "backend/index.js"})
Tool Result (edit_file): edited backend/index.js NOTE: background process(es) started earlier in this run are still running: PID 41633 (npm run dev). A running process does no...
[tool] edit_file applied in 0.00s (call 1 of 1) - tools done for this step
[agent] sending 1 tool response to the model (213 chars)

--- Step 84 ---
Tool Call: edit_file({"new_str": "const db = new PGLite('./pgdata');", "old_str": "const PGLite = pglite.Ue || pglite.PGLite;\nconst db = new PGLite('./pgdata');", "path": "backend/index.js"})
Tool Result (edit_file): edited backend/index.js NOTE: background process(es) started earlier in this run are still running: PID 41633 (npm run dev). A running process does no...
[tool] edit_file applied in 0.00s (call 1 of 1) - tools done for this step
[agent] sending 1 tool response to the model (213 chars)

--- Step 85 ---
Tool Call: stop_background_command({"pid": 41633})
Tool Result (stop_background_command): Stopped background PID 41633.
[tool] stop_background_command applied in 0.50s (call 1 of 1) - tools done for this step
[agent] sending 1 tool response to the model (29 chars)

--- Step 86 ---
Tool Call: run_background_command({"command": "npm run dev"})
Tool Result (run_background_command): Background command 'npm run dev' started with PID 41759. Listening on port(s): 5173. Output is logged to .agent_logs/cmd_out_1791403149.log (use read_...
[tool] run_background_command applied in 1.51s (call 1 of 1) - tools done for this step
[agent] sending 1 tool response to the model (156 chars)

--- Step 87 ---
Tool Call: browser_navigate({"url": "http://localhost:5173"})
Tool Result (browser_navigate): Navigated to http://localhost:5173 [HTTP 200] URL: http://localhost:5173/  TITLE: Real-time Message Board CONSOLE ERRORS (new since last report): cons...
[tool] browser_navigate applied in 0.54s (call 1 of 1) - tools done for this step
[agent] sending 1 tool response to the model (645 chars)

--- Step 88 ---
Tool Call: run_command_and_capture_output({"command": "tail -n 20 .agent_logs/cmd_out_1791403149.log", "duration": 2})
Tool Result (run_command_and_capture_output): $ tail -n 20 .agent_logs/cmd_out_1791403149.log [exit 0] STDOUT: [1] npm notice run frontend@0.0.0 dev [1] npm notice run vite [0] npm notice run back...
[tool] run_command_and_capture_output applied in 0.00s (call 1 of 1) - tools done for this step
[agent] sending 1 tool response to the model (956 chars)

--- Step 89 ---
Tool Call: edit_file({"new_str": "import PGLite from '@electric-sql/pglite';", "old_str": "import { PGLite } from '@electric-sql/pglite';", "path": "backend/index.js"})
Tool Result (edit_file): edited backend/index.js NOTE: background process(es) started earlier in this run are still running: PID 41759 (npm run dev). A running process does no...
[tool] edit_file applied in 0.00s (call 1 of 1) - tools done for this step
[agent] sending 1 tool response to the model (213 chars)

--- Step 90 ---
Tool Call: stop_background_command({"pid": 41759})
Tool Result (stop_background_command): Stopped background PID 41759.
[tool] stop_background_command applied in 0.50s (call 1 of 1) - tools done for this step
[agent] sending 1 tool response to the model (29 chars)

--- Step 91 ---
Tool Call: run_background_command({"command": "npm run dev"})
Tool Result (run_background_command): Background command 'npm run dev' started with PID 41881. Listening on port(s): 5173. Output is logged to .agent_logs/cmd_out_1791403163.log (use read_...
[tool] run_background_command applied in 1.51s (call 1 of 1) - tools done for this step
[agent] sending 1 tool response to the model (156 chars)

--- Step 92 ---
Tool Call: browser_navigate({"url": "http://localhost:5173"})
Tool Result (browser_navigate): Navigated to http://localhost:5173 [HTTP 200] URL: http://localhost:5173/  TITLE: Real-time Message Board CONSOLE ERRORS (new since last report): cons...
[tool] browser_navigate applied in 0.54s (call 1 of 1) - tools done for this step
[agent] sending 1 tool response to the model (645 chars)

--- Step 93 ---
Tool Call: run_command_and_capture_output({"command": "tail -n 20 .agent_logs/cmd_out_1791403163.log", "duration": 2})
Tool Result (run_command_and_capture_output): $ tail -n 20 .agent_logs/cmd_out_1791403163.log [exit 0] STDOUT: [1] npm notice run frontend@0.0.0 dev [1] npm notice run vite [0] npm notice run back...
[tool] run_command_and_capture_output applied in 0.00s (call 1 of 1) - tools done for this step
[agent] sending 1 tool response to the model (951 chars)

--- Step 94 ---
Tool Call: run_command({"command": "ls -R backend/node_modules/@electric-sql/pglite/dist"})
Tool Result (run_command): $ ls -R backend/node_modules/@electric-sql/pglite/dist [exit 0] STDOUT: backend/node_modules/@electric-sql/pglite/dist: _int.tar.gz adminpack.tar.gz a...
[tool] run_command applied in 0.00s (call 1 of 1) - tools done for this step
[agent] sending 1 tool response to the model (3,966 chars)

--- Step 95 ---
Tool Call: edit_file({"new_str": "import { createRequire } from 'module';\nconst require = createRequire(import.meta.url);\nconst { PGLite } = require('@electric-sql/pglite');", "old_str": "import PGLite from '@electric-sql/pglite';", "path": "backend/index.js"})
Tool Result (edit_file): edited backend/index.js NOTE: background process(es) started earlier in this run are still running: PID 41881 (npm run dev). A running process does no...
[tool] edit_file applied in 0.00s (call 1 of 1) - tools done for this step
[agent] sending 1 tool response to the model (213 chars)

--- Step 96 ---
Tool Call: stop_background_command({"pid": 41881})
Tool Result (stop_background_command): Stopped background PID 41881.
[tool] stop_background_command applied in 0.50s (call 1 of 1) - tools done for this step
[agent] sending 1 tool response to the model (29 chars)

--- Step 97 ---
Tool Call: run_background_command({"command": "npm run dev"})
Tool Result (run_background_command): Background command 'npm run dev' started with PID 42006. Listening on port(s): 5173. Output is logged to .agent_logs/cmd_out_1791403183.log (use read_...
[tool] run_background_command applied in 1.51s (call 1 of 1) - tools done for this step
[agent] sending 1 tool response to the model (156 chars)

--- Step 98 ---
Tool Call: browser_navigate({"url": "http://localhost:5173"})
Tool Result (browser_navigate): Navigated to http://localhost:5173 [HTTP 200] URL: http://localhost:5173/  TITLE: Real-time Message Board CONSOLE ERRORS (new since last report): cons...
[tool] browser_navigate applied in 0.54s (call 1 of 1) - tools done for this step
[agent] sending 1 tool response to the model (645 chars)

--- Step 99 ---
Tool Call: run_command_and_capture_output({"command": "tail -n 20 .agent_logs/cmd_out_1791403183.log", "duration": 2})
Tool Result (run_command_and_capture_output): $ tail -n 20 .agent_logs/cmd_out_1791403183.log [exit 0] STDOUT: [0] npm notice run node index.js [1] npm notice run frontend@0.0.0 dev [1] npm notice...
[tool] run_command_and_capture_output applied in 0.00s (call 1 of 1) - tools done for this step
[agent] sending 1 tool response to the model (876 chars)

--- Step 100 ---
Tool Call: run_command({"command": "node -e \"const { PGLite } = require('@electric-sql/pglite'); console.log(PGLite)\""})
Tool Result (run_command): $ node -e "const { PGLite } = require('@electric-sql/pglite'); console.log(PGLite)" [exit 1] STDERR: node:internal/modules/cjs/loader:1568   throw err...
[tool] run_command applied in 0.02s (call 1 of 1) - tools done for this step
[agent] sending 1 tool response to the model (1,065 chars)

--- Step 101 ---
Tool Call: run_command({"command": "node -e \"const { PGLite } = require('./backend/node_modules/@electric-sql/pglite/dist/index.cjs'); console.log(PGLite)\""})
Tool Result (run_command): $ node -e "const { PGLite } = require('./backend/node_modules/@electric-sql/pglite/dist/index.cjs'); console.log(PGLite)" [exit 0] STDOUT: undefined  
[tool] run_command applied in 0.03s (call 1 of 1) - tools done for this step
[agent] sending 1 tool response to the model (150 chars)

--- Step 102 ---
Tool Call: run_command({"command": "node -e \"const pglite = require('./backend/node_modules/@electric-sql/pglite/dist/index.cjs'); console.log(pglite)\""})
Tool Result (run_command): $ node -e "const pglite = require('./backend/node_modules/@electric-sql/pglite/dist/index.cjs'); console.log(pglite)" [exit 0] STDOUT: {   IdbFs: [Get...
[tool] run_command applied in 0.03s (call 1 of 1) - tools done for this step
[agent] sending 1 tool response to the model (344 chars)

--- Step 103 ---
Tool Call: run_command({"command": "node -e \"const pglite = require('./backend/node_modules/@electric-sql/pglite/dist/index.cjs'); console.log(pglite.PGlite)\""})
Tool Result (run_command): $ node -e "const pglite = require('./backend/node_modules/@electric-sql/pglite/dist/index.cjs'); console.log(pglite.PGlite)" [exit 0] STDOUT: [class m...
[tool] run_command applied in 0.03s (call 1 of 1) - tools done for this step
[agent] sending 1 tool response to the model (165 chars)

--- Step 104 ---
Tool Call: edit_file({"new_str": "const { PGLite } = require('@electric-sql/pglite');", "old_str": "const { PGLite } = require('@electric-sql/pglite');", "path": "backend/index.js"})
Tool Result (edit_file): NOTE: old_str and new_str are identical, so backend/index.js is unchanged. No edit was applied. NOTE: 2 write or edit calls in this run, this one incl...
[tool] edit_file applied in 0.00s (call 1 of 1) - tools done for this step
[agent] sending 1 tool response to the model (243 chars)

--- Step 105 ---
Tool Call: edit_file({"new_str": "const PGLite = require('@electric-sql/pglite').PGlite;", "old_str": "const { PGLite } = require('@electric-sql/pglite');", "path": "backend/index.js"})
Tool Result (edit_file): edited backend/index.js NOTE: background process(es) started earlier in this run are still running: PID 42006 (npm run dev). A running process does no...
[tool] edit_file applied in 0.00s (call 1 of 1) - tools done for this step
[agent] sending 1 tool response to the model (213 chars)

--- Step 106 ---
Tool Call: stop_background_command({"pid": 42006})
Tool Result (stop_background_command): Stopped background PID 42006.
[tool] stop_background_command applied in 0.50s (call 1 of 1) - tools done for this step
[agent] sending 1 tool response to the model (29 chars)

--- Step 107 ---
Tool Call: run_background_command({"command": "npm run dev"})
Tool Result (run_background_command): Background command 'npm run dev' started with PID 42165. Listening on port(s): 3000, 5173. Output is logged to .agent_logs/cmd_out_1791403217.log (use...
[tool] run_background_command applied in 1.51s (call 1 of 1) - tools done for this step
[agent] sending 1 tool response to the model (162 chars)

--- Step 108 ---
Tool Call: browser_navigate({"url": "http://localhost:5173"})
Tool Result (browser_navigate): Navigated to http://localhost:5173 [HTTP 200] URL: http://localhost:5173/  TITLE: Real-time Message Board CONSOLE ERRORS (new since last report): cons...
[tool] browser_navigate applied in 3.06s (call 1 of 1) - tools done for this step
[agent] sending 1 tool response to the model (475 chars)

--- Step 109 ---
Tool Call: run_command_and_capture_output({"command": "tail -n 20 .agent_logs/cmd_out_1791403217.log", "duration": 2})
Tool Result (run_command_and_capture_output): $ tail -n 20 .agent_logs/cmd_out_1791403217.log [exit 0] STDOUT: npm notice run message-board@1.0.0 dev npm notice run concurrently "npm run dev:backe...
[tool] run_command_and_capture_output applied in 0.00s (call 1 of 1) - tools done for this step
[agent] sending 1 tool response to the model (689 chars)

--- Step 110 ---
Tool Call: browser_navigate({"url": "http://localhost:5173"})
Tool Result (browser_navigate): Navigated to http://localhost:5173 [HTTP 200] URL: http://localhost:5173/  TITLE: Real-time Message Board CONSOLE ERRORS (new since last report): cons...
[tool] browser_navigate applied in 3.05s (call 1 of 1) - tools done for this step
[agent] sending 1 tool response to the model (275 chars)

--- Step 111 ---
Tool Call: browser_type({"press_enter": true, "selector": "input[type=\"text\"]", "text": "Hello World!"})
Tool Result (browser_type): Typed 'Hello World!' into 'input[type="text"]' and pressed Enter. URL: http://localhost:5173/  TITLE: Real-time Message Board PAGE STRUCTURE: - headin...
[tool] browser_type applied in 0.26s (call 1 of 1) - tools done for this step
[agent] sending 1 tool response to the model (254 chars)

--- Step 112 ---
Tool Call: browser_new_page({"url": "http://localhost:5173"})
Tool Result (browser_new_page): Opened page-2 and navigated to http://localhost:5173 [HTTP 200] URL: http://localhost:5173/  TITLE: Real-time Message Board OPEN PAGES: page-1 http://...
[tool] browser_new_page applied in 3.13s (call 1 of 1) - tools done for this step
[agent] sending 1 tool response to the model (335 chars)

--- Step 113 ---
Tool Call: browser_type({"press_enter": true, "selector": "input[type=\"text\"]", "text": "Real-time updates are working!"})
Tool Result (browser_type): Typed 'Real-time updates are working!' into 'input[type="text"]' and pressed Enter. URL: http://localhost:5173/  TITLE: Real-time Message Board OPEN P...
[tool] browser_type applied in 0.24s (call 1 of 1) - tools done for this step
[agent] sending 1 tool response to the model (396 chars)

--- Step 114 ---
Tool Call: browser_switch_page({"page": "page-1"})
Tool Result (browser_switch_page): Switched to page-1. URL: http://localhost:5173/  TITLE: Real-time Message Board OPEN PAGES: page-1 (active) http://localhost:5173/ | page-2 http://loc...
[tool] browser_switch_page applied in 0.01s (call 1 of 1) - tools done for this step
[agent] sending 1 tool response to the model (332 chars)

--- Step 115 ---
Tool Call: finish({"summary": "Successfully implemented a real-time message board using Node.js, PGLite (embedded PostgreSQL), and Server-Sent Events (SSE).\n\nKey features implemented:\n- Backend: Express server with PGLite persisting to the local filesystem.\n- Real-time: SSE endpoint for pushing new messages to all connected clients.\n- Frontend: Simple Vanilla JS SPA served by Vite that loads history and listens for live updates.\n- Infrastructure: Configured a root package.json to run both backend and frontend concurrently.\n\nThe application was verified by opening multiple browser tabs and confirming that messages posted in one tab appear instantly in others."})
Tool Result (finish): FINISHED: Successfully implemented a real-time message board using Node.js, PGLite (embedded PostgreSQL), and Server-Sent Events (SSE).  Key features ...
[tool] finish applied in 0.00s (call 1 of 1) - tools done for this step

[Agent Finished First Time] Command line arguments:
/mnt/d/eval-coding-agent/harness/agent.py --task-file tasks/message-board --condition interactive --workspace /tmp/runs/smokes/gemma-q4/message-board/interactive/runs/101/app/ --run-dir /tmp/runs/smokes/gemma-q4/message-board/interactive/runs/101/smoke/logs/ --model gemma-4-31b --api-key lm-studio --max-steps 10000 --max-total-tokens 20000000 --max-same-calls 500 --max-cycle-repeats 3 --max-blocked-calls 3 --max-repeat-steps 30 --base-url http://192.168.1.110:7777/v1 --screenshot-dir /tmp/runs/smokes/gemma-q4/message-board/interactive/runs/101/smoke/screenshot --verbose --clean-workspace --briefing-mode universal --quantization Q4_K_M --quant-registry /mnt/d/eval-coding-agent/quant-registry.json --no-replay-reasoning --extra-body {"chat_template_kwargs":{"enable_thinking":false,"preserve_thinking":true}} --think-preamble none --replay-format field --temperature 1.0 --top-p 0.95 --top-k 64 --min-p 0.0 --presence-penalty 0.0 --decoding-profile non_thinking --decoding-registry /mnt/d/eval-coding-agent/decoding-registry.json --seed 1
[Tools] Closed browser session (pages opened: 2, page restarts: 0, browser restarts: 0)
[Tools] Tearing down background PIDs: [(42165, 'npm run dev')]
[Tools] Successfully killed background PID 42165
[interactive] gemma-4-31b -> finished in 115 steps
