
[Agent Startup] Command line arguments:
/mnt/d/eval-coding-agent/harness/agent.py --task-file tasks/message-board --condition interactive --workspace /tmp/runs/smokes/gemma-moe-q4/message-board/interactive/runs/101/app/ --run-dir /tmp/runs/smokes/gemma-moe-q4/message-board/interactive/runs/101/smoke/logs/ --model gemma-4-26b-a4b --api-key lm-studio --max-steps 10000 --max-total-tokens 20000000 --max-same-calls 500 --max-cycle-repeats 3 --max-blocked-calls 3 --max-repeat-steps 30 --base-url http://192.168.1.110:7777/v1 --screenshot-dir /tmp/runs/smokes/gemma-moe-q4/message-board/interactive/runs/101/smoke/screenshot --verbose --clean-workspace --briefing-mode universal --quantization UD-Q4_K_M --quant-registry /mnt/d/eval-coding-agent/quant-registry.json --no-replay-reasoning --extra-body {"chat_template_kwargs":{"enable_thinking":false,"preserve_thinking":true}} --think-preamble none --replay-format field --temperature 1.0 --top-p 0.95 --top-k 64 --min-p 0.0 --presence-penalty 0.0 --decoding-profile non_thinking --decoding-registry /mnt/d/eval-coding-agent/decoding-registry.json --seed 1

[quantization] declared as 'UD-Q4_K_M' (recorded in the manifest; no effect on the run)
[reasoning] replay OFF — the model's chain of thought is discarded after each assistant turn
[quantization] registry: publisher=Unsloth method=PTQ sha256=f2c28b3dc4776931...
WARNING: --extra-body is in force: {"chat_template_kwargs": {"enable_thinking": false, "preserve_thinking": true}}. These fields go to the server on EVERY request and are part of this run's treatment. Recorded in the manifest as extra_body; do not mix runs that differ here into one batch.
[preflight] server OK, serving 'gemma-4-26b-a4b'
[serving] D:\llm_models\LM Studio\unsloth\gemma-4-26B-A4B-it-UD\gemma-4-26B-A4B-it-UD-Q4_K_M.gguf n_ctx=262144 template_sha=aa3185dfc6505104
[serving] served file matches the registry entry (gemma-4-26B-A4B-it-UD-Q4_K_M.gguf)

--- Step 1 ---
Tool Call: run_command({"command": "ls -R"})
Tool Result (run_command): $ ls -R [exit 0] STDOUT: .:  
[tool] run_command applied in 0.00s (call 1 of 1) - tools done for this step
[agent] sending 1 tool response to the model (29 chars)

--- Step 2 ---
Tool Call: run_command({"command": "mkdir -p backend frontend"})
Tool Result (run_command): $ mkdir -p backend frontend [exit 0] 
[tool] run_command applied in 0.00s (call 1 of 1) - tools done for this step
[agent] sending 1 tool response to the model (37 chars)

--- Step 3 ---
Tool Call: run_command({"command": "cd backend && npm init -y && npm install express @electric-sql/pglite cors && cd .."})
Tool Result (run_command): $ cd backend && npm init -y && npm install express @electric-sql/pglite cors && cd .. [exit 0] STDOUT: Wrote to /tmp/runs/smokes/gemma-moe-q4/message-...
[tool] run_command applied in 1.58s (call 1 of 1) - tools done for this step
[agent] sending 1 tool response to the model (570 chars)

--- Step 4 ---
Tool Call: run_command({"command": "cd frontend && npm init -y && npm install vite @vitejs/plugin-react && cd .."})
Tool Result (run_command): $ cd frontend && npm init -y && npm install vite @vitejs/plugin-react && cd .. [exit 0] STDOUT: Wrote to /tmp/runs/smokes/gemma-moe-q4/message-board/i...
[tool] run_command applied in 3.64s (call 1 of 1) - tools done for this step
[agent] sending 1 tool response to the model (564 chars)

--- Step 5 ---
Tool Call: run_command({"command": "cd frontend && npm install && cd .."})
Tool Result (run_command): $ cd frontend && npm install && cd .. [exit 0] STDOUT:  added 1 package, and audited 63 packages in 400ms  9 packages are looking for funding   run `n...
[tool] run_command applied in 0.45s (call 1 of 1) - tools done for this step
[agent] sending 1 tool response to the model (197 chars)

--- Step 6 ---
Tool Call: run_command({"command": "cat <<EOF > package.json\n{\n  \"name\": \"message-board\",\n  \"version\": \"1.0.0\",\n  \"private\": true,\n  \"scripts\": {\n    \"dev\": \"concurrently \\\"npm run dev --prefix backend\\\" \\\"npm run dev --prefix frontend\\\"\",\n    \"backend\": \"npm run dev --prefix backend\",\n    \"frontend\": \"npm run dev --prefix frontend\"\n  },\n  \"devDependencies\": {\n    \"concurrently\": \"^8.2.2\"\n  }\n}\nEOF\nnpm install\n"})
Tool Result (run_command): $ cat <<EOF > package.json {   "name": "message-board",   "version": "1.0.0",   "private": true,   "scripts": {     "dev": "concurrently \"npm run dev...
[tool] run_command applied in 6.00s (call 1 of 1) - tools done for this step
[agent] sending 1 tool response to the model (539 chars)

--- Step 7 ---
Tool Call: run_command({"command": "cd backend && npm install nodemon && npm pkg set scripts.dev=\"nodemon index.js\" && cd .."})
Tool Result (run_command): $ cd backend && npm install nodemon && npm pkg set scripts.dev="nodemon index.js" && cd .. [exit 0] STDOUT:  added 26 packages, and audited 98 package...
[tool] run_command applied in 0.68s (call 1 of 1) - tools done for this step
[agent] sending 1 tool response to the model (625 chars)

--- Step 8 ---
Tool Call: run_command({"command": "cd frontend && npm pkg set scripts.dev=\"vite\" && cd .."})
Tool Result (run_command): $ cd frontend && npm pkg set scripts.dev="vite" && cd .. [exit 0] 
[tool] run_command applied in 0.08s (call 1 of 1) - tools done for this step
[agent] sending 1 tool response to the model (66 chars)

--- Step 9 ---
Tool Call: run_command({"command": "mkdir -p frontend/src && touch frontend/index.html frontend/src/main.js frontend/src/style.css"})
Tool Result (run_command): $ mkdir -p frontend/src && touch frontend/index.html frontend/src/main.js frontend/src/style.css [exit 0] 
[tool] run_command applied in 0.00s (call 1 of 1) - tools done for this step
[agent] sending 1 tool response to the model (106 chars)

--- Step 10 ---
Tool Call: write_file({"content": "<!DOCTYPE html>\n<html lang=\"en\">\n<head>\n  <meta charset=\"UTF-8\">\n  <meta name=\"viewport\" content=\"width=device-width, initial-scale=1.0\">\n  <title>Real-time Message Board</title>\n  <link rel=\"stylesheet\" href=\"./src/style.css\">\n</head>\n<body>\n  <div id=\"app\">\n    <h1>Message Board</h1>\n    <div id=\"messages-container\">\n      <ul id=\"messages-list\"></ul>\n    </div>\n    <form id=\"message-form\">\n      <input type=\"text\" id=\"message-input\" placeholder=\"Type a message...\" required>\n      <button type=\"submit\">Send</button>\n    </form>\n  </div>\n  <script type=\"module\" src=\"/src/main.js\"></script>\n</body>\n</html>\n", "path": "frontend/index.html"})
Tool Result (write_file): wrote 614 chars to frontend/index.html
[tool] write_file applied in 0.00s (call 1 of 1) - tools done for this step
[agent] sending 1 tool response to the model (38 chars)

--- Step 11 ---
Tool Call: write_file({"content": "body {\n  font-family: -apple-system, BlinkMacSystemFont, \"Segoe UI\", Roboto, Helvetica, Arial, sans-serif;\n  background-color: #f4f4f9;\n  display: flex;\n  justify-content: center;\n  padding: 20px;\n}\n\n#app {\n  width: 100%;\n  max-width: 500px;\n  background: white;\n  padding: 20px;\n  border-radius: 8px;\n  box-shadow: 0 2px 10px rgba(0,0,0,0.1);\n}\n\nh1 {\n  text-align: center;\n  color: #333;\n}\n\n#messages-container {\n  height: 400px;\n  overflow-y: auto;\n  border: 1px solid #eee;\n  margin-bottom: 20px;\n  padding: 10px;\n  border-radius: 4px;\n}\n\n#messages-list {\n  list-style: none;\n  padding: 0;\n  margin: 0;\n}\n\n#messages-list li {\n  padding: 8px;\n  border-bottom: 1px solid #eee;\n  word-wrap: break-word;\n}\n\n#messages-list li:last-child {\n  border-bottom: none;\n}\n\n.message-text {\n  display: block;\n}\n\n.message-time {\n  font-size: 0.8em;\n  color: #888;\n}\n\n#message-form {\n  display: flex;\n  gap: 10px;\n}\n\n#message-input {\n  flex-grow: 1;\n  padding: 8px;\n  border: 1px solid #ccc;\n  border-radius: 4px;\n}\n\nbutton {\n  padding: 8px 16px;\n  background-color: #007bff;\n  color: white;\n  border: none;\n  border-radius: 4px;\n  cursor: pointer;\n}\n\nbutton:hover {\n  background-color: #0056b3;\n}\n", "path": "frontend/src/style.css"})
Tool Result (write_file): wrote 1184 chars to frontend/src/style.css
[tool] write_file applied in 0.00s (call 1 of 1) - tools done for this step
[agent] sending 1 tool response to the model (42 chars)

--- Step 12 ---
Tool Call: write_file({"content": "const messagesList = document.getElementById('messages-list');\nconst messageForm = document.getElementById('message-form');\nconst messageInput = document.getElementById('message-input');\n\nconst API_BASE = 'http://localhost:3000/api';\n\nasync function fetchMessages() {\n  try {\n    const response = await fetch(`${API_BASE}/messages`);\n    const messages = await response.json();\n    messages.forEach(addMessageToDOM);\n  } catch (error) {\n    console.error('Error fetching messages:', error);\n  }\n}\n\nfunction addMessageToDOM(message) {\n  const li = document.createElement('li');\n  const time = new Date(message.created_at).toLocaleTimeString();\n  li.innerHTML = `\n    <span class=\"message-text\">${escapeHTML(message.text)}</span>\n    <span class=\"message-time\">${time}</span>\n  `;\n  messagesList.appendChild(li);\n  // Scroll to bottom\n  const container = document.getElementById('messages-container');\n  container.scrollTop = container.scrollHeight;\n}\n\nfunction escapeHTML(str) {\n  const p = document.createElement('p');\n  p.textContent = str;\n  return p.innerHTML;\n}\n\nfunction setupSSE() {\n  const eventSource = new EventSource('http://localhost:3000/api/stream');\n  \n  eventSource.onmessage = (event) => {\n    const message = JSON.parse(event.data);\n    addMessageToDOM(message);\n  };\n\n  eventSource.onerror = (error) => {\n    console.error('SSE error:', error);\n  };\n}\n\nmessageForm.addEventListener('submit', async (e) => {\n  e.preventDefault();\n  const text = messageInput.value.trim();\n  if (!text) return;\n\n  try {\n    const response = await fetch(`${API_BASE}/messages`, {\n      method: 'POST',\n      headers: {\n        'Content-Type': 'application/json',\n      },\n      body: JSON.stringify({ text }),\n    });\n\n    if (response.ok) {\n      messageInput.value = '';\n    } else {\n      console.error('Failed to send message');\n    }\n  } catch (error) {\n    console.error('Error sending message:', error);\n  }\n});\n\n// Initial load\nfetchMessages();\n// Setup real-time updates\nsetupSSE();\n", "path": "frontend/src/main.js"})
Tool Result (write_file): wrote 1990 chars to frontend/src/main.js
[tool] write_file applied in 0.00s (call 1 of 1) - tools done for this step
[agent] sending 1 tool response to the model (40 chars)

--- Step 13 ---
Tool Call: write_file({"content": "const express = require('express');\nconst cors = require('cors');\nconst { PGLite } = require('@electric-sql/pglite');\nconst fs = require('fs');\nconst path = require('path');\n\nconst app = express();\nconst port = 3000;\n\napp.use(cors());\napp.use(express.json());\n\nconst DB_DIR = path.join(__dirname, 'pglite-data');\n\n// Ensure DB directory exists\nif (!fs.existsSync(DB_DIR)) {\n  fs.mkdirSync(DB_DIR);\n}\n\nconst pg = new PGLite(DB_DIR);\n\n// SSE clients\nlet clients = [];\n\n// Initialize Database\nasync function initDb() {\n  await pg.exec(`\n    CREATE TABLE IF NOT EXISTS messages (\n      id SERIAL PRIMARY KEY,\n      text TEXT NOT NULL,\n      created_at TIMESTAMP DEFAULT CURRENT_TIMESTAMP\n    );\n  `);\n  console.log('Database initialized');\n}\n\ninitDb().catch(err => {\n  console.error('Failed to initialize database:', err);\n  process.exit(1);\n});\n\n// Helper to broadcast to SSE clients\nfunction broadcast(message) {\n  clients.forEach(client => {\n    client.res.write(`data: ${JSON.stringify(message)}\\n\\n`);\n  });\n}\n\n// GET /api/messages\napp.get('/api/messages', async (req, res) => {\n  try {\n    const result = await pg.query('SELECT id, text, created_at FROM messages ORDER BY created_at ASC');\n    res.json(result.rows);\n  } catch (err) {\n    console.error(err);\n    res.status(500).send('Error fetching messages');\n  }\n});\n\n// POST /api/messages\napp.post('/api/messages', async (req, res) => {\n  const { text } = req.body;\n  if (!text) {\n    return res.status(400).send('Text is required');\n  }\n\n  try {\n    const result = await pg.query(\n      'INSERT INTO messages (text) VALUES ($1) RETURNING id, text, created_at',\n      [text]\n    );\n    const newMessage = result.rows[0];\n    \n    // Broadcast to all SSE clients\n    broadcast(newMessage);\n\n    res.status(201).json(newMessage);\n  } catch (err) {\n    console.error(err);\n    res.status(500).send('Error inserting message');\n  }\n});\n\n// GET /api/stream (SSE)\napp.get('/api/stream', (req, res) => {\n  res.setHeader('Content-Type', 'text/event-stream');\n  res.setHeader('Cache-Control', 'no-cache');\n  res.setHeader('Connection', 'keep-alive');\n\n  const client = { res };\n  clients.push(client);\n\n  req.on('close', () => {\n    clients = clients.filter(c => c !== client);\n  });\n});\n\napp.listen(port, () => {\n  console.log(`Backend listening at http://localhost:${port}`);\n});\n", "path": "backend/index.js"})
Tool Result (write_file): wrote 2328 chars to backend/index.js
[tool] write_file applied in 0.00s (call 1 of 1) - tools done for this step
[agent] sending 1 tool response to the model (36 chars)

--- Step 14 ---
Tool Call: run_command({"command": "npm run dev"})
Tool Result (run_command): ERROR: 'npm run dev' timed out after 180s and was terminated, together with every process it started. NOTE: this tool waits for a command to EXIT. If ...
[tool] run_command applied in 180.12s (call 1 of 1) - tools done for this step
[agent] sending 1 tool response to the model (406 chars)

--- Step 15 ---
Tool Call: run_background_command({"command": "npm run dev"})
Tool Result (run_background_command): Background command 'npm run dev' started with PID 512702. Listening on port(s): 5173. Output is logged to .agent_logs/cmd_out_1791161133.log (use read...
[tool] run_background_command applied in 1.51s (call 1 of 1) - tools done for this step
[agent] sending 1 tool response to the model (157 chars)

--- Step 16 ---
Reasoning (62 chars): """
Wait a bit for the servers to start.
"""
<|channel>thought
Tool Call: run_command({"command": "sleep 10 && ps aux | grep npm"})
Tool Result (run_command): $ sleep 10 && ps aux | grep npm [exit 0] STDOUT: achintm+  512702  0.0  0.0   2884  1792 ?        Ss   19:45   0:00 /bin/sh -c npm run dev achintm+  5...
[tool] run_command applied in 10.03s (call 1 of 1) - tools done for this step
[agent] sending 1 tool response to the model (1,156 chars)

--- Step 17 ---
Tool Call: run_command_and_capture_output({"command": "tail -n 50 .agent_logs/cmd_out_1791161133.log", "duration": 2})
Tool Result (run_command_and_capture_output): $ tail -n 50 .agent_logs/cmd_out_1791161133.log [exit 0] STDOUT:  > message-board@1.0.0 dev > concurrently "npm run dev --prefix backend" "npm run dev...
[tool] run_command_and_capture_output applied in 0.01s (call 1 of 1) - tools done for this step
[agent] sending 1 tool response to the model (1,497 chars)

--- Step 18 ---
Tool Call: edit_file({"new_str": "const { PGLite } = require('@electric-sql/pglite');", "old_str": "const pg = new PGLite(DB_DIR);", "path": "backend/index.js"})
Tool Result (edit_file): edited backend/index.js NOTE: background process(es) started earlier in this run are still running: PID 512702 (npm run dev). A running process does n...
[tool] edit_file applied in 0.00s (call 1 of 1) - tools done for this step
[agent] sending 1 tool response to the model (214 chars)

--- Step 19 ---
Tool Call: edit_file({"new_str": "const { PGLite } = require('@electric-sql/pglite');\n\nconst app = express();\nconst port = 3000;\n\napp.use(cors());\napp.use(express.json());\n\nconst DB_DIR = path.join(__dirname, 'pglite-data');\n\n// Ensure DB directory exists\nif (!fs.existsSync(DB_DIR)) {\n  fs.mkdirSync(DB_DIR);\n}\n\nconst pg = new PGLite(DB_DIR);", "old_str": "const { PGLite } = require('@electric-sql/pglite');\n\nconst app = express();\nconst port = 3000;\n\napp.use(cors());\napp.use(express.json());\n\nconst DB_DIR = path.join(__dirname, 'pglite-data');\n\n// Ensure DB directory exists\nif (!fs.existsSync(DB_DIR)) {\n  fs.mkdirSync(DB_DIR);\n}\n\nconst pg = new PGLite(DB_DIR);", "path": "backend/index.js"})
Tool Result (edit_file): ERROR: old_str not found
[tool] edit_file applied in 0.00s (call 1 of 1) - tools done for this step
[agent] sending 1 tool response to the model (24 chars)

--- Step 20 ---
Tool Call: read_file({"path": "backend/index.js"})
Tool Result (read_file): const express = require('express'); const cors = require('cors'); const { PGLite } = require('@electric-sql/pglite'); const fs = require('fs'); const ...
[tool] read_file applied in 0.00s (call 1 of 1) - tools done for this step
[agent] sending 1 tool response to the model (2,349 chars)

--- Step 21 ---
Tool Call: write_file({"content": "const express = require('express');\nconst cors = require('cors');\nconst { PGLite } = require('@electric-sql/pglite');\nconst fs = require('fs');\nconst path = require('path');\n\nconst app = express();\nconst port = 3000;\n\napp.use(cors());\napp.use(express.json());\n\nconst DB_DIR = path.join(__dirname, 'pglite-data');\n\n// Ensure DB directory exists\nif (!fs.existsSync(DB_DIR)) {\n  fs.mkdirSync(DB_DIR);\n}\n\nconst pg = new PGLite(DB_DIR);\n\n// SSE clients\nlet clients = [];\n\n// Initialize Database\nasync function initDb() {\n  await pg.exec(`\n    CREATE TABLE IF NOT EXISTS messages (\n      id SERIAL PRIMARY KEY,\n      text TEXT NOT NULL,\n      created_at TIMESTAMP DEFAULT CURRENT_TIMESTAMP\n    );\n  `);\n  console.log('Database initialized');\n}\n\ninitDb().catch(err => {\n  console.error('Failed to initialize database:', err);\n  process.exit(1);\n});\n\n// Helper to broadcast to SSE clients\nfunction broadcast(message) {\n  clients.forEach(client => {\n    client.res.write(`data: ${JSON.stringify(message)}\\n\\n`);\n  });\n}\n\n// GET /api/messages\napp.get('/api/messages', async (req, res) => {\n  try {\n    const result = await pg.query('SELECT id, text, created_at FROM messages ORDER BY created_at ASC');\n    res.json(result.rows);\n  } catch (err) {\n    console.error(err);\n    res.status(500).send('Error fetching messages');\n  }\n});\n\n// POST /api/messages\napp.post('/api/messages', async (req, res) => {\n  const { text } = req.body;\n  if (!text) {\n    return res.status(400).send('Text is required');\n  }\n\n  try {\n    const result = await pg.query(\n      'INSERT INTO messages (text) VALUES ($1) RETURNING id, text, created_at',\n      [text]\n    );\n    const newMessage = result.rows[0];\n    \n    // Broadcast to all SSE clients\n    broadcast(newMessage);\n\n    res.status(201).json(newMessage);\n  } catch (err) {\n    console.error(err);\n    res.status(500).send('Error inserting message');\n  }\n});\n\n// GET /api/stream (SSE)\napp.get('/api/stream', (req, res) => {\n  res.setHeader('Content-Type', 'text/event-stream');\n  res.setHeader('Cache-Control', 'no-cache');\n  res.setHeader('Connection', 'keep-alive');\n\n  const client = { res };\n  clients.push(client);\n\n  req.on('close', () => {\n    clients = clients.filter(c => c !== client);\n  });\n});\n\napp.listen(port, () => {\n  console.log(`Backend listening at http://localhost:${port}`);\n});\n", "path": "backend/index.js"})
Tool Result (write_file): wrote 2328 chars to backend/index.js NOTE: 2 write or edit calls in this run, this one included, have left backend/index.js with exactly this content;...
[tool] write_file applied in 0.00s (call 1 of 1) - tools done for this step
[agent] sending 1 tool response to the model (375 chars)

--- Step 22 ---
Tool Call: stop_background_command({"pid": 512702})
Tool Result (stop_background_command): Stopped background PID 512702.
[tool] stop_background_command applied in 0.50s (call 1 of 1) - tools done for this step
[agent] sending 1 tool response to the model (30 chars)

--- Step 23 ---
Tool Call: run_background_command({"command": "npm run dev"})
Tool Result (run_background_command): Background command 'npm run dev' started with PID 512809. Listening on port(s): 5173. Output is logged to .agent_logs/cmd_out_1791161155.log (use read...
[tool] run_background_command applied in 1.51s (call 1 of 1) - tools done for this step
[agent] sending 1 tool response to the model (157 chars)

--- Step 24 ---
Tool Call: run_command_and_capture_output({"command": "tail -n 20 .agent_logs/cmd_out_1791161155.log", "duration": 2})
Tool Result (run_command_and_capture_output): $ tail -n 20 .agent_logs/cmd_out_1791161155.log [exit 0] STDOUT: [1]  [1]   VITE v6.4.3  ready in 86 ms [1]  [1]   ➜  Local:   http://localhost:5173/ ...
[tool] run_command_and_capture_output applied in 0.00s (call 1 of 1) - tools done for this step
[agent] sending 1 tool response to the model (1,042 chars)

--- Step 25 ---
Tool Call: read_file({"path": "backend/index.js"})
Tool Result (read_file): const express = require('express'); const cors = require('cors'); const { PGLite } = require('@electric-sql/pglite'); const fs = require('fs'); const ...
[tool] read_file applied in 0.00s (call 1 of 1) - tools done for this step
[agent] sending 1 tool response to the model (2,328 chars)

--- Step 26 ---
Tool Call: run_command({"command": "node -e \"const { PGLite } = require('@electric-sql/pglite'); console.log(PGLite)\""})
Tool Result (run_command): $ node -e "const { PGLite } = require('@electric-sql/pglite'); console.log(PGLite)" [exit 1] STDERR: node:internal/modules/cjs/loader:1143   throw err...
[tool] run_command applied in 0.02s (call 1 of 1) - tools done for this step
[agent] sending 1 tool response to the model (973 chars)

--- Step 27 ---
Tool Call: run_command({"command": "cd backend && node -e \"const { PGLite } = require('@electric-sql/pglite'); console.log(PGLite)\""})
Tool Result (run_command): $ cd backend && node -e "const { PGLite } = require('@electric-sql/pglite'); console.log(PGLite)" [exit 0] STDOUT: undefined  
[tool] run_command applied in 0.05s (call 1 of 1) - tools done for this step
[agent] sending 1 tool response to the model (126 chars)

--- Step 28 ---
Tool Call: run_command({"command": "cd backend && node -e \"const pkg = require('@electric-sql/pglite'); console.log(pkg)\""})
Tool Result (run_command): $ cd backend && node -e "const pkg = require('@electric-sql/pglite'); console.log(pkg)" [exit 0] STDOUT: {   IdbFs: [Getter],   MemoryFS: [Getter],   ...
[tool] run_command applied in 0.03s (call 1 of 1) - tools done for this step
[agent] sending 1 tool response to the model (296 chars)

--- Step 29 ---
Tool Call: run_command({"command": "cd backend && node -e \"const { PGLite } = require('@electric-sql/pglite'); console.log(new PGLite())\""})
Tool Result (run_command): $ cd backend && node -e "const { PGLite } = require('@electric-sql/pglite'); console.log(new PGLite())" [exit 1] STDERR: [eval]:1 const { PGLite } = r...
[tool] run_command applied in 0.03s (call 1 of 1) - tools done for this step
[agent] sending 1 tool response to the model (640 chars)

--- Step 30 ---
Tool Call: run_command({"command": "cd backend && node -e \"const pkg = require('@electric-sql/pglite'); console.log(typeof pkg.PGlite)\""})
Tool Result (run_command): $ cd backend && node -e "const pkg = require('@electric-sql/pglite'); console.log(typeof pkg.PGlite)" [exit 0] STDOUT: function  
[tool] run_command applied in 0.03s (call 1 of 1) - tools done for this step
[agent] sending 1 tool response to the model (129 chars)

--- Step 31 ---
Tool Call: run_command({"command": "cd backend && node -e \"const pkg = require('@electric-sql/pglite'); console.log(new pkg.PGlite())\""})
Tool Result (run_command): $ cd backend && node -e "const pkg = require('@electric-sql/pglite'); console.log(new pkg.PGlite())" [exit 0] STDOUT: _e {   serializers: {     '0': [...
[tool] run_command applied in 1.35s (call 1 of 1) - tools done for this step
[agent] sending 1 tool response to the model (1,829 chars)

--- Step 32 ---
Tool Call: write_file({"content": "const express = require('express');\nconst cors = require('cors');\nconst { PGLite } = require('@electric-sql/pglite');\nconst fs = require('fs');\nconst path = require('path');\n\nconst app = express();\nconst port = 3000;\n\napp.use(cors());\napp.use(express.json());\n\nconst DB_DIR = path.join(__dirname, 'pglite-data');\n\n// Ensure DB directory exists\nif (!fs.existsSync(DB_DIR)) {\n  fs.mkdirSync(DB_DIR);\n}\n\nconst pg = new PGLite(DB_DIR);\n\n// SSE clients\nlet clients = [];\n\n// Initialize Database\nasync function initDb() {\n  await pg.exec(`\n    CREATE TABLE IF NOT EXISTS messages (\n      id SERIAL PRIMARY KEY,\n      text TEXT NOT NULL,\n      created_at TIMESTAMP DEFAULT CURRENT_TIMESTAMP\n    );\n  `);\n  console.log('Database initialized');\n}\n\ninitDb().catch(err => {\n  console.error('Failed to initialize database:', err);\n  process.exit(1);\n});\n\n// Helper to broadcast to SSE clients\nfunction broadcast(message) {\n  clients.forEach(client => {\n    client.res.write(`data: ${JSON.stringify(message)}\\n\\n`);\n  });\n}\n\n// GET /api/messages\napp.get('/api/messages', async (req, res) => {\n  try {\n    const result = await pg.query('SELECT id, text, created_at FROM messages ORDER BY created_at ASC');\n    res.json(result.rows);\n  } catch (err) {\n    console.error(err);\n    res.status(500).send('Error fetching messages');\n  }\n});\n\n// POST /api/messages\napp.post('/api/messages', async (req, res) => {\n  const { text } = req.body;\n  if (!text) {\n    return res.status(400).send('Text is required');\n  }\n\n  try {\n    const result = await pg.query(\n      'INSERT INTO messages (text) VALUES ($1) RETURNING id, text, created_at',\n      [text]\n    );\n    const newMessage = result.rows[0];\n    \n    // Broadcast to all SSE clients\n    broadcast(newMessage);\n\n    res.status(201).json(newMessage);\n  } catch (err) {\n    console.error(err);\n    res.status(500).send('Error inserting message');\n  }\n});\n\n// GET /api/stream (SSE)\napp.get('/api/stream', (req, res) => {\n  res.setHeader('Content-Type', 'text/event-stream');\n  res.setHeader('Cache-Control', 'no-cache');\n  res.setHeader('Connection', 'keep-alive');\n\n  const client = { res };\n  clients.push(client);\n\n  req.on('close', () => {\n    clients = clients.filter(c => c !== client);\n  });\n});\n\napp.listen(port, () => {\n  console.log(`Backend listening at http://localhost:${port}`);\n});\n", "path": "backend/index.js"})
Tool Result (write_file): wrote 2328 chars to backend/index.js NOTE: backend/index.js already contained exactly these bytes, so its contents are unchanged. NOTE: 3 write or edi...
[tool] write_file applied in 0.00s (call 1 of 1) - tools done for this step
[agent] sending 1 tool response to the model (469 chars)

--- Step 33 ---
Tool Call: edit_file({"new_str": "const { PGLite } = require('@electric-sql/pglite');", "old_str": "const { PGLite } = require('@electric-sql/pglite');", "path": "backend/index.js"})
Tool Result (edit_file): NOTE: old_str and new_str are identical, so backend/index.js is unchanged. No edit was applied. NOTE: 4 write or edit calls in this run, this one incl...
[tool] edit_file applied in 0.00s (call 1 of 1) - tools done for this step
[agent] sending 1 tool response to the model (242 chars)

--- Step 34 ---
Tool Call: edit_file({"new_str": "const { PGLite } = require('@electric-sql/pglite');", "old_str": "const { PGLite } = require('@electric-sql/pglite');\n", "path": "backend/index.js"})
Tool Result (edit_file): edited backend/index.js NOTE: background process(es) started earlier in this run are still running: PID 512809 (npm run dev). A running process does n...
[tool] edit_file applied in 0.00s (call 1 of 1) - tools done for this step
[agent] sending 1 tool response to the model (214 chars)

--- Step 35 ---
Tool Call: write_file({"content": "const express = require('express');\nconst cors = require('cors');\nconst { PGLite } = require('@electric-sql/pglite');\nconst fs = require('fs');\nconst path = require('path');\n\nconst app = express();\nconst port = 3000;\n\napp.use(cors());\napp.use(express.json());\n\nconst DB_DIR = path.join(__dirname, 'pglite-data');\n\n// Ensure DB directory exists\nif (!fs.existsSync(DB_DIR)) {\n  fs.mkdirSync(DB_DIR);\n}\n\n// Note: PGLite might need to be instantiated differently in some environments\n// but Based on the earlier test: new pkg.PGlite() worked.\n// However, { PGLite } from @electric-sql/pglite should also work if it's a named export.\n// Let's try the most robust way if the previous attempt failed.\nconst pg = new PGLite(DB_DIR);\n\n// SSE clients\nlet clients = [];\n\n// Initialize Database\nasync function initDb() {\n  try {\n    await pg.exec(`\n      CREATE TABLE IF NOT EXISTS messages (\n        id SERIAL PRIMARY KEY,\n        text TEXT NOT NULL,\n        created_at TIMESTAMP DEFAULT CURRENT_TIMESTAMP\n      );\n    `);\n    console.log('Database initialized');\n  } catch (err) {\n    console.error('Error during DB initialization:', err);\n  }\n}\n\ninitDb().catch(err => {\n  console.error('Failed to initialize database:', err);\n  process.exit(1);\n});\n\n// Helper to broadcast to SSE clients\nfunction broadcast(message) {\n  clients.forEach(client => {\n    client.res.write(`data: ${JSON.stringify(message)}\\n\\n`);\n  });\n}\n\n// GET /api/messages\napp.get('/api/messages', async (req, res) => {\n  try {\n    const result = await pg.query('SELECT id, text, created_at FROM messages ORDER BY created_at ASC');\n    res.json(result.rows);\n  } catch (err) {\n    console.error(err);\n    res.status(500).send('Error fetching messages');\n  }\n});\n\n// POST /api/messages\napp.post('/api/messages', async (req, res) => {\n  const { text } = req.body;\n  if (!text) {\n    return res.status(400).send('Text is required');\n  }\n\n  try {\n    const result = await pg.query(\n      'INSERT INTO messages (text) VALUES ($1) RETURNING id, text, created_at',\n      [text]\n    );\n    const newMessage = result.rows[0];\n    \n    // Broadcast to all SSE clients\n    broadcast(newMessage);\n\n    res.status(201).json(newMessage);\n  } catch (err) {\n    console.error(err);\n    res.status(500).send('Error inserting message');\n  }\n});\n\n// GET /api/stream (SSE)\napp.get('/api/stream', (req, res) => {\n  res.setHeader('Content-Type', 'text/event-stream');\n  res.setHeader('Cache-Control', 'no-cache');\n  res.setHeader('Connection', 'keep-alive');\n\n  const client = { res };\n  clients.push(client);\n\n  req.on('close', () => {\n    clients = clients.filter(c => c !== client);\n  });\n});\n\napp.listen(port, () => {\n  console.log(`Backend listening at http://localhost:${port}`);\n});\n", "path": "backend/index.js"})
Tool Result (write_file): wrote 2726 chars to backend/index.js NOTE: background process(es) started earlier in this run are still running: PID 512809 (npm run dev). A running p...
[tool] write_file applied in 0.00s (call 1 of 1) - tools done for this step
[agent] sending 1 tool response to the model (227 chars)

--- Step 36 ---
Tool Call: stop_background_command({"pid": 512809})
Tool Result (stop_background_command): Stopped background PID 512809.
[tool] stop_background_command applied in 0.50s (call 1 of 1) - tools done for this step
[agent] sending 1 tool response to the model (30 chars)

--- Step 37 ---
Tool Call: run_background_command({"command": "npm run dev"})
Tool Result (run_background_command): Background command 'npm run dev' started with PID 512977. Listening on port(s): 5173. Output is logged to .agent_logs/cmd_out_1791161177.log (use read...
[tool] run_background_command applied in 1.50s (call 1 of 1) - tools done for this step
[agent] sending 1 tool response to the model (157 chars)

--- Step 38 ---
Tool Call: run_command_and_capture_output({"command": "tail -n 20 .agent_logs/cmd_out_1791161177.log", "duration": 2})
Tool Result (run_command_and_capture_output): $ tail -n 20 .agent_logs/cmd_out_1791161177.log [exit 0] STDOUT: [1]  [1]   VITE v6.4.3  ready in 87 ms [1]  [1]   ➜  Local:   http://localhost:5173/ ...
[tool] run_command_and_capture_output applied in 0.00s (call 1 of 1) - tools done for this step
[agent] sending 1 tool response to the model (1,042 chars)

--- Step 39 ---
Tool Call: edit_file({"new_str": "const pkg = require('@electric-sql/pglite');\nconst pg = new pkg.PGlite(DB_DIR);", "old_str": "const { PGLite } = require('@electric-sql/pglite');\nconst pg = new PGLite(DB_DIR);", "path": "backend/index.js"})
Tool Result (edit_file): ERROR: old_str not found
[tool] edit_file applied in 0.00s (call 1 of 1) - tools done for this step
[agent] sending 1 tool response to the model (24 chars)

--- Step 40 ---
Tool Call: read_file({"path": "backend/index.js"})
Tool Result (read_file): const express = require('express'); const cors = require('cors'); const { PGLite } = require('@electric-sql/pglite'); const fs = require('fs'); const ...
[tool] read_file applied in 0.00s (call 1 of 1) - tools done for this step
[agent] sending 1 tool response to the model (2,726 chars)

--- Step 41 ---
Tool Call: write_file({"content": "const express = require('express');\nconst cors = require('cors');\nconst pkg = require('@electric-sql/pglite');\nconst fs = require('fs');\nconst path = require('path');\n\nconst app = express();\nconst port = 3000;\n\napp.use(cors());\napp.use(express.json());\n\nconst DB_DIR = path.join(__dirname, 'pglite-data');\n\n// Ensure DB directory exists\nif (!fs.existsSync(DB_DIR)) {\n  fs.mkdirSync(DB_DIR);\n}\n\nconst pg = new pkg.PGlite(DB_DIR);\n\n// SSE clients\nlet clients = [];\n\n// Initialize Database\nasync function initDb() {\n  try {\n    await pg.exec(`\n      CREATE TABLE IF NOT EXISTS messages (\n        id SERIAL PRIMARY KEY,\n        text TEXT NOT NULL,\n        created_at TIMESTAMP DEFAULT CURRENT_TIMESTAMP\n      );\n    `);\n    console.log('Database initialized');\n  } catch (err) {\n    console.error('Error during DB initialization:', err);\n  }\n}\n\ninitDb().catch(err => {\n  console.error('Failed to initialize database:', err);\n  process.exit(1);\n});\n\n// Helper to broadcast to SSE clients\nfunction broadcast(message) {\n  clients.forEach(client => {\n    client.res.write(`data: ${JSON.stringify(message)}\\n\\n`);\n  });\n}\n\n// GET /api/messages\napp.get('/api/messages', async (req, res) => {\n  try {\n    const result = await pg.query('SELECT id, text, created_at FROM messages ORDER BY created_at ASC');\n    res.json(result.rows);\n  } catch (err) {\n    console.error(err);\n    res.status(500).send('Error fetching messages');\n  }\n});\n\n// POST /api/messages\napp.post('/api/messages', async (req, res) => {\n  const { text } = req.body;\n  if (!text) {\n    return res.status(400).send('Text is required');\n  }\n\n  try {\n    const result = await pg.query(\n      'INSERT INTO messages (text) VALUES ($1) RETURNING id, text, created_at',\n      [text]\n    );\n    const newMessage = result.rows[0];\n    \n    // Broadcast to all SSE clients\n    broadcast(newMessage);\n\n    res.status(201).json(newMessage);\n  } catch (err) {\n    console.error(err);\n    res.status(500).send('Error inserting message');\n  }\n});\n\n// GET /api/stream (SSE)\napp.get('/api/stream', (req, res) => {\n  res.setHeader('Content-Type', 'text/event-stream');\n  res.setHeader('Cache-Control', 'no-cache');\n  res.setHeader('Connection', 'keep-alive');\n\n  const client = { res };\n  clients.push(client);\n\n  req.on('close', () => {\n    clients = clients.filter(c => c !== client);\n  });\n});\n\napp.listen(port, () => {\n  console.log(`Backend listening at http://localhost:${port}`);\n});\n", "path": "backend/index.js"})
Tool Result (write_file): wrote 2430 chars to backend/index.js NOTE: background process(es) started earlier in this run are still running: PID 512977 (npm run dev). A running p...
[tool] write_file applied in 0.00s (call 1 of 1) - tools done for this step
[agent] sending 1 tool response to the model (227 chars)

--- Step 42 ---
Tool Call: stop_background_command({"pid": 512977})
Tool Result (stop_background_command): Stopped background PID 512977.
[tool] stop_background_command applied in 0.50s (call 1 of 1) - tools done for this step
[agent] sending 1 tool response to the model (30 chars)

--- Step 43 ---
Tool Call: run_background_command({"command": "npm run dev"})
Tool Result (run_background_command): Background command 'npm run dev' started with PID 513078. Listening on port(s): 3000, 5173. Output is logged to .agent_logs/cmd_out_1791161189.log (us...
[tool] run_background_command applied in 1.50s (call 1 of 1) - tools done for this step
[agent] sending 1 tool response to the model (163 chars)

--- Step 44 ---
Tool Call: run_command_and_capture_output({"command": "tail -n 20 .agent_logs/cmd_out_1791161189.log", "duration": 2})
Tool Result (run_command_and_capture_output): $ tail -n 20 .agent_logs/cmd_out_1791161189.log [exit 0] STDOUT: [1]  [1] > frontend@1.0.0 dev [1] > vite [1]  [0]  [0] > backend@1.0.0 dev [0] > node...
[tool] run_command_and_capture_output applied in 0.00s (call 1 of 1) - tools done for this step
[agent] sending 1 tool response to the model (611 chars)

--- Step 45 ---
Tool Call: browser_navigate({"url": "http://localhost:5173/"})
Skipping host requirements validation logic because `PLAYWRIGHT_SKIP_VALIDATE_HOST_REQUIREMENTS` env variable is set.
Tool Result (browser_navigate): Navigated to http://localhost:5173/ [HTTP 200] URL: http://localhost:5173/  TITLE: Real-time Message Board PAGE STRUCTURE: - heading "Message Board" [...
[tool] browser_navigate applied in 3.98s (call 1 of 1) - tools done for this step
[agent] sending 1 tool response to the model (211 chars)

--- Step 46 ---
Tool Call: browser_type({"press_enter": true, "selector": "#message-input", "text": "Hello world!"})
Tool Result (browser_type): Typed 'Hello world!' into '#message-input' and pressed Enter. URL: http://localhost:5173/  TITLE: Real-time Message Board PAGE STRUCTURE: - heading "M...
[tool] browser_type applied in 0.27s (call 1 of 1) - tools done for this step
[agent] sending 1 tool response to the model (265 chars)

--- Step 47 ---
Tool Call: browser_type({"press_enter": true, "selector": "#message-input", "text": "Second message!"})
Tool Result (browser_type): Typed 'Second message!' into '#message-input' and pressed Enter. URL: http://localhost:5173/  TITLE: Real-time Message Board PAGE STRUCTURE: - heading...
[tool] browser_type applied in 0.24s (call 1 of 1) - tools done for this step
[agent] sending 1 tool response to the model (309 chars)

--- Step 48 ---
Tool Call: browser_new_page({"url": "http://localhost:5173/"})
Tool Result (browser_new_page): Opened page-2 and navigated to http://localhost:5173/ [HTTP 200] URL: http://localhost:5173/  TITLE: Real-time Message Board OPEN PAGES: page-1 http:/...
[tool] browser_new_page applied in 3.11s (call 1 of 1) - tools done for this step
[agent] sending 1 tool response to the model (392 chars)

--- Step 49 ---
Tool Call: browser_type({"press_enter": true, "selector": "#message-input", "text": "Third message from new tab!"})
Tool Result (browser_type): Typed 'Third message from new tab!' into '#message-input' and pressed Enter. URL: http://localhost:5173/  TITLE: Real-time Message Board OPEN PAGES: p...
[tool] browser_type applied in 0.25s (call 1 of 1) - tools done for this step
[agent] sending 1 tool response to the model (457 chars)

--- Step 50 ---
Tool Call: browser_switch_page({"page": "page-1"})
Tool Result (browser_switch_page): Switched to page-1. URL: http://localhost:5173/  TITLE: Real-time Message Board OPEN PAGES: page-1 (active) http://localhost:5173/ | page-2 http://loc...
[tool] browser_switch_page applied in 0.01s (call 1 of 1) - tools done for this step
[agent] sending 1 tool response to the model (400 chars)

--- Step 51 ---
Tool Call: finish({"summary": "Implemented a real-time message board application using Node.js, PGLite, and Server-Sent Events (SSE).\n\nKey achievements:\n- **Backend**: Built a Node.js Express server that uses an embedded PGLite database for persistent storage of messages. Implemented SSE to broadcast new messages to all connected clients in real-time.\n- **Database**: Configured PGLite to persist data to the local filesystem, ensuring messages survive server restarts.\n- **Frontend**: Developed a lightweight Single Page Application using Vanilla JS and Vite. The UI fetches message history on load and uses `EventSource` to listen for and display new messages instantly.\n- **Real-time**: Successfully demonstrated real-time synchronization between multiple browser tabs.\n\nProject structure:\n- `/backend`: Node.js server with PGLite and SSE.\n- `/frontend`: Vite-powered Vanilla JS application.\n- `/package.json`: Root script to run both backend and frontend concurrently using `concurrently`."})
Tool Result (finish): FINISHED: Implemented a real-time message board application using Node.js, PGLite, and Server-Sent Events (SSE).  Key achievements: - **Backend**: Bui...
[tool] finish applied in 0.00s (call 1 of 1) - tools done for this step

[Agent Finished First Time] Command line arguments:
/mnt/d/eval-coding-agent/harness/agent.py --task-file tasks/message-board --condition interactive --workspace /tmp/runs/smokes/gemma-moe-q4/message-board/interactive/runs/101/app/ --run-dir /tmp/runs/smokes/gemma-moe-q4/message-board/interactive/runs/101/smoke/logs/ --model gemma-4-26b-a4b --api-key lm-studio --max-steps 10000 --max-total-tokens 20000000 --max-same-calls 500 --max-cycle-repeats 3 --max-blocked-calls 3 --max-repeat-steps 30 --base-url http://192.168.1.110:7777/v1 --screenshot-dir /tmp/runs/smokes/gemma-moe-q4/message-board/interactive/runs/101/smoke/screenshot --verbose --clean-workspace --briefing-mode universal --quantization UD-Q4_K_M --quant-registry /mnt/d/eval-coding-agent/quant-registry.json --no-replay-reasoning --extra-body {"chat_template_kwargs":{"enable_thinking":false,"preserve_thinking":true}} --think-preamble none --replay-format field --temperature 1.0 --top-p 0.95 --top-k 64 --min-p 0.0 --presence-penalty 0.0 --decoding-profile non_thinking --decoding-registry /mnt/d/eval-coding-agent/decoding-registry.json --seed 1
[Tools] Closed browser session (pages opened: 2, page restarts: 0, browser restarts: 0)
[Tools] Tearing down background PIDs: [(513078, 'npm run dev')]
[Tools] Successfully killed background PID 513078
[interactive] gemma-4-26b-a4b -> finished in 51 steps
