
[Agent Startup] Command line arguments:
/mnt/d/eval-coding-agent/harness/agent.py --task-file tasks/message-board --condition no_verification --workspace /tmp/runs/smokes/muse-q4xl/message-board/no_verification/runs/201/app/ --run-dir /tmp/runs/smokes/muse-q4xl/message-board/no_verification/runs/201/smoke/logs/ --model muse-glimmer-30b --api-key lm-studio --max-steps 10000 --max-total-tokens 20000000 --max-same-calls 500 --max-cycle-repeats 3 --max-blocked-calls 3 --max-repeat-steps 30 --base-url http://192.168.1.110:7777/v1 --screenshot-dir /tmp/runs/smokes/muse-q4xl/message-board/no_verification/runs/201/smoke/screenshot --verbose --clean-workspace --briefing-mode universal --quantization UD-Q4_K_XL --quant-registry /mnt/d/eval-coding-agent/quant-registry.json --no-replay-reasoning --extra-body {"chat_template_kwargs":{"reasoning_strength":"high"}} --think-preamble none --replay-format field --temperature 1.0 --top-p 0.95 --top-k 64 --min-p 0.0 --presence-penalty 0.0 --decoding-profile thinking --decoding-registry /mnt/d/eval-coding-agent/decoding-registry.json --seed 1

[quantization] declared as 'UD-Q4_K_XL' (recorded in the manifest; no effect on the run)
[reasoning] replay OFF — the model's chain of thought is discarded after each assistant turn
[quantization] registry: publisher=unknown method=PTQ sha256=82bece304887a313...
WARNING: --extra-body is in force: {"chat_template_kwargs": {"reasoning_strength": "high"}}. These fields go to the server on EVERY request and are part of this run's treatment. Recorded in the manifest as extra_body; do not mix runs that differ here into one batch.
[preflight] server OK, serving 'muse-glimmer-30b'
[serving] D:\llm_models\LM Studio\unsloth\Muse-Glimmer-30B-GGUF\Muse-Glimmer-30B-UD-Q4_K_XL.gguf n_ctx=131072 template_sha=114f55ebdc1804c1
[serving] served file matches the registry entry (Muse-Glimmer-30B-UD-Q4_K_XL.gguf)
Cleaning workspace directory: /tmp/runs/smokes/muse-q4xl/message-board/no_verification/runs/201/app

--- Step 1 ---
Reasoning (163 chars): ## Context

We need to implement task described. We have workspace directory /tmp/runs/smokes/muse-q4xl/message-board/no_verification/runs/201/app. Let's list dir.
Tool Call: list_dir({})
Tool Result (list_dir): (empty)
[tool] list_dir applied in 0.00s (call 1 of 1) - tools done for this step
[agent] sending 1 tool response to the model (7 chars)
[RealClient] waiting for model reply #2 - 30s elapsed, 1% of the 3600s timeout

--- Step 2 ---
Reasoning (12462 chars): Workspace empty. Need to initialize Node.js project. Let's explore the task: Create backend with express, @electric-sql/pglite, cors. Frontend with Vite vanilla JS. npm scripts concurrently.

We need to create files in workspace. Let's structure.

Root: package.json for workspace? The description says npm run dev at project root starts both backend and frontend. So root package.json with scripts using concurrently.

We need backend folder, frontend folder.

Let's start by listing current dir (empty). We'll create package.json at root, then backend folder with its own package.json? Could be mon ...[truncated]
Tool Call: write_file({"path": "/tmp/runs/smokes/muse-q4xl/message-board/no_verification/runs/201/app/package.json", "content": "{\n  \"name\": \"message-board\",\n  \"private\": true,\n  \"scripts\": {\n    \"backend:dev\": \"cd backend && npm run dev\",\n    \"frontend:dev\": \"cd frontend && npm run dev\",\n    \"dev\": \"concurrently \\\"npm run backend:dev\\\" \\\"npm run frontend:dev\\\"\"\n  },\n  \"devDependencies\": {\n    \"concurrently\": \"^8.2.2\"\n  }\n}\n"})
Tool Result (write_file): wrote 299 chars to /tmp/runs/smokes/muse-q4xl/message-board/no_verification/runs/201/app/package.json
[tool] write_file applied in 0.00s (call 1 of 1) - tools done for this step
[agent] sending 1 tool response to the model (101 chars)

--- Step 3 ---
Reasoning (63 chars): Let me create the directory structure for backend and frontend.
Tool Call: list_dir({})
Tool Result (list_dir): package.json
[tool] list_dir applied in 0.00s (call 1 of 1) - tools done for this step
[agent] sending 1 tool response to the model (12 chars)

--- Step 4 ---
Tool Call: write_file({"path": "/tmp/runs/smokes/muse-q4xl/message-board/no_verification/runs/201/app/backend/package.json", "content": "{\n  \"name\": \"message-board-backend\",\n  \"private\": true,\n  \"scripts\": {\n    \"dev\": \"node server.js\",\n    \"start\": \"node server.js\"\n  },\n  \"dependencies\": {\n    \"express\": \"^4.19.2\",\n    \"@electric-sql/pglite\": \"^0.2.0\",\n    \"cors\": \"^2.8.5\"\n  }\n}\n"})
Tool Result (write_file): wrote 246 chars to /tmp/runs/smokes/muse-q4xl/message-board/no_verification/runs/201/app/backend/package.json
[tool] write_file applied in 0.00s (call 1 of 1) - tools done for this step
[agent] sending 1 tool response to the model (109 chars)

--- Step 5 ---
Tool Call: write_file({"path": "/tmp/runs/smokes/muse-q4xl/message-board/no_verification/runs/201/app/frontend/package.json", "content": "{\n  \"name\": \"message-board-frontend\",\n  \"private\": true,\n  \"scripts\": {\n    \"dev\": \"vite\",\n    \"build\": \"vite build\",\n    \"preview\": \"vite preview\"\n  },\n  \"devDependencies\": {\n    \"vite\": \"^5.2.0\"\n  }\n}\n"})
Tool Result (write_file): wrote 203 chars to /tmp/runs/smokes/muse-q4xl/message-board/no_verification/runs/201/app/frontend/package.json
[tool] write_file applied in 0.00s (call 1 of 1) - tools done for this step
[agent] sending 1 tool response to the model (110 chars)
[RealClient] waiting for model reply #6 - 30s elapsed, 1% of the 3600s timeout

--- Step 6 ---
Reasoning (7687 chars): We'll create backend/server.js

Use PGLite. According to docs, need to import { PGlite } from '@electric-sql/pglite'. PGLite persists to file system via dataDir option.

We need to create data directory: backend/data

Create Express server with CORS and JSON body parsing.

Initialize PGLite, create table if not exists.

Endpoints:

GET /api/messages: SELECT id, text, created_at FROM messages ORDER BY created_at ASC

POST /api/messages: body { text } insert into messages (text, created_at) values ($1, now()) returning id, text, created_at. Then broadcast.

SSE endpoint GET /api/stream: set head ...[truncated]
Tool Call: edit_file({"path": "/tmp/runs/smokes/muse-q4xl/message-board/no_verification/runs/201/app/backend/package.json", "old_str": "{\n  \"name\": \"message-board-backend\",\n  \"private\": true,\n  \"scripts\": {\n    \"dev\": \"node server.js\",\n    \"start\": \"node server.js\"\n  },\n  \"dependencies\": {\n    \"express\": \"^4.19.2\",\n    \"@electric-sql/pglite\": \"^0.2.0\",\n    \"cors\": \"^2.8.5\"\n  }\n}", "new_str": "{\n  \"name\": \"message-board-backend\",\n  \"private\": true,\n  \"type\": \"module\",\n  \"scripts\": {\n    \"dev\": \"node server.js\",\n    \"start\": \"node server.js\"\n  },\n  \"dependencies\": {\n    \"express\": \"^4.19.2\",\n    \"@electric-sql/pglite\": \"^0.2.0\",\n    \"cors\": \"^2.8.5\"\n  }\n}"})
Tool Result (edit_file): edited /tmp/runs/smokes/muse-q4xl/message-board/no_verification/runs/201/app/backend/package.json
[tool] edit_file applied in 0.00s (call 1 of 1) - tools done for this step
[agent] sending 1 tool response to the model (97 chars)

--- Step 7 ---
Reasoning (29 chars): Make sure frontend is module.
Tool Call: edit_file({"path": "/tmp/runs/smokes/muse-q4xl/message-board/no_verification/runs/201/app/frontend/package.json", "old_str": "{\n  \"name\": \"message-board-frontend\",\n  \"private\": true,\n  \"scripts\": {\n    \"dev\": \"vite\",\n    \"build\": \"vite build\",\n    \"preview\": \"vite preview\"\n  },\n  \"devDependencies\": {\n    \"vite\": \"^5.2.0\"\n  }\n}", "new_str": "{\n  \"name\": \"message-board-frontend\",\n  \"private\": true,\n  \"type\": \"module\",\n  \"scripts\": {\n    \"dev\": \"vite\",\n    \"build\": \"vite build\",\n    \"preview\": \"vite preview\"\n  },\n  \"devDependencies\": {\n    \"vite\": \"^5.2.0\"\n  }\n}"})
Tool Result (edit_file): edited /tmp/runs/smokes/muse-q4xl/message-board/no_verification/runs/201/app/frontend/package.json
[tool] edit_file applied in 0.00s (call 1 of 1) - tools done for this step
[agent] sending 1 tool response to the model (98 chars)

--- Step 8 ---
Reasoning (17 chars): backend server.js
Tool Call: write_file({"path": "/tmp/runs/smokes/muse-q4xl/message-board/no_verification/runs/201/app/backend/server.js", "content": "import express from 'express';\nimport cors from 'cors';\nimport fs from 'fs';\nimport path from 'path';\nimport { fileURLToPath } from 'url';\nimport { PGlite } from '@electric-sql/pglite';\n\nconst __filename = fileURLToPath(import.meta.url);\nconst __dirname = path.dirname(__filename);\n\nconst DATA_DIR = path.join(__dirname, 'data');\nconst DB_PATH = path.join(DATA_DIR, 'pglite-data');\n\nif (!fs.existsSync(DATA_DIR)) {\n  fs.mkdirSync(DATA_DIR, { recursive: true });\n}\n\nconst app = express();\nconst PORT = 3001;\n\napp.use(cors());\napp.use(express.json());\n\nlet db;\nlet connections = [];\n\nasync function initDb() {\n  db = await PGlite.create({\n    dataDir: DB_PATH\n  });\n\n  await db.exec(`\n    CREATE TABLE IF NOT EXISTS messages (\n      id SERIAL PRIMARY KEY,\n      text TEXT NOT NULL,\n      created_at TIMESTAMPTZ DEFAULT NOW()\n    )\n  `);\n}\n\napp.get('/api/messages', async (req, res) => {\n  try {\n    const result = await db.query('SELECT id, text, created_at FROM messages ORDER BY id ASC');\n    res.json(result.rows);\n  } catch (err) {\n    console.error(err);\n    res.status(500).json({ error: 'Failed to fetch messages' });\n  }\n});\n\napp.get('/api/stream', (req, res) => {\n  res.setHeader('Content-Type', 'text/event-stream');\n  res.setHeader('Cache-Control', 'no-cache');\n  res.setHeader('Connection', 'keep-alive');\n  res.flushHeaders();\n\n  res.write(': connected\\n\\n');\n\n  const sendEvent = (data) => {\n    const payload = `data: ${JSON.stringify(data)}\\n\\n`;\n    res.write(payload);\n  };\n\n  connections.push({ res, sendEvent });\n\n  req.on('close', () => {\n    connections = connections.filter(conn => conn.res !== res);\n  });\n});\n\napp.post('/api/messages', async (req, res) => {\n  try {\n    const { text } = req.body;\n    if (!text || typeof text !== 'string' || text.trim() === '') {\n      return res.status(400).json({ error: 'Text is required' });\n    }\n\n    const result = await db.query(\n      'INSERT INTO messages (text) VALUES ($1) RETURNING id, text, created_at',\n      [text.trim()]\n    );\n    const message = result.rows[0];\n\n    // Broadcast to all SSE clients\n    const payload = { type: 'message', data: message };\n    connections.forEach(conn => {\n      try {\n        conn.sendEvent(payload);\n      } catch (e) {\n        // ignore\n      }\n    });\n\n    res.status(201).json(message);\n  } catch (err) {\n    console.error(err);\n    res.status(500).json({ error: 'Failed to create message' });\n  }\n});\n\ninitDb().then(() => {\n  app.listen(PORT, () => {\n    console.log(`Backend server running on http://localhost:${PORT}`);\n  });\n}).catch(err => {\n  console.error('Failed to initialize database', err);\n  process.exit(1);\n});\n"})
Tool Result (write_file): wrote 2638 chars to /tmp/runs/smokes/muse-q4xl/message-board/no_verification/runs/201/app/backend/server.js
[tool] write_file applied in 0.00s (call 1 of 1) - tools done for this step
[agent] sending 1 tool response to the model (107 chars)

--- Step 9 ---
Tool Call: write_file({"path": "/tmp/runs/smokes/muse-q4xl/message-board/no_verification/runs/201/app/frontend/vite.config.js", "content": "export default {\n  server: {\n    port: 5173,\n    proxy: {\n      '/api': {\n        target: 'http://localhost:3001',\n        changeOrigin: true\n      }\n    }\n  }\n}\n"})
Tool Result (write_file): wrote 162 chars to /tmp/runs/smokes/muse-q4xl/message-board/no_verification/runs/201/app/frontend/vite.config.js
[tool] write_file applied in 0.00s (call 1 of 1) - tools done for this step
[agent] sending 1 tool response to the model (112 chars)

--- Step 10 ---
Tool Call: write_file({"path": "/tmp/runs/smokes/muse-q4xl/message-board/no_verification/runs/201/app/frontend/index.html", "content": "<!DOCTYPE html>\n<html lang=\"en\">\n<head>\n  <meta charset=\"UTF-8\" />\n  <meta name=\"viewport\" content=\"width=device-width, initial-scale=1.0\" />\n  <title>Message Board</title>\n  <style>\n    body { font-family: system-ui, sans-serif; max-width: 600px; margin: 40px auto; padding: 0 20px; }\n    h1 { margin-bottom: 1rem; }\n    #messages { list-style: none; padding: 0; margin: 0 0 1rem 0; }\n    #messages li { padding: 8px 12px; border-bottom: 1px solid #eee; }\n    #messages li small { color: #666; display: block; font-size: 0.8em; }\n    form { display: flex; gap: 8px; }\n    input { flex: 1; padding: 8px; font-size: 1rem; }\n    button { padding: 8px 16px; font-size: 1rem; cursor: pointer; }\n  </style>\n</head>\n<body>\n  <h1>Message Board</h1>\n  <ul id=\"messages\"></ul>\n  <form id=\"messageForm\">\n    <input id=\"messageInput\" placeholder=\"Enter message...\" autocomplete=\"off\" required />\n    <button type=\"submit\">Send</button>\n  </form>\n  <script type=\"module\" src=\"/main.js\"></script>\n</body>\n</html>\n"})
Tool Result (write_file): wrote 1000 chars to /tmp/runs/smokes/muse-q4xl/message-board/no_verification/runs/201/app/frontend/index.html
[tool] write_file applied in 0.00s (call 1 of 1) - tools done for this step
[agent] sending 1 tool response to the model (109 chars)

--- Step 11 ---
Tool Call: write_file({"path": "/tmp/runs/smokes/muse-q4xl/message-board/no_verification/runs/201/app/frontend/main.js", "content": "const messagesList = document.getElementById('messages');\nconst form = document.getElementById('messageForm');\nconst input = document.getElementById('messageInput');\n\nfunction formatDate(iso) {\n  const d = new Date(iso);\n  return d.toLocaleString();\n}\n\nfunction renderMessage(msg, prepend = false) {\n  const li = document.createElement('li');\n  li.dataset.id = msg.id;\n  li.innerHTML = `<strong>${escapeHtml(msg.text)}</strong><small>${formatDate(msg.created_at)}</small>`;\n  if (prepend) {\n    messagesList.insertBefore(li, messagesList.firstChild);\n  } else {\n    messagesList.appendChild(li);\n  }\n}\n\nfunction escapeHtml(str) {\n  const div = document.createElement('div');\n  div.textContent = str;\n  return div.innerHTML;\n}\n\nasync function fetchHistory() {\n  try {\n    const res = await fetch('/api/messages');\n    const msgs = await res.json();\n    messagesList.innerHTML = '';\n    msgs.forEach(m => renderMessage(m));\n  } catch (e) {\n    console.error('Failed to fetch history', e);\n  }\n}\n\nfunction connectSSE() {\n  const es = new EventSource('/api/stream');\n  es.onmessage = (event) => {\n    try {\n      const payload = JSON.parse(event.data);\n      if (payload.type === 'message') {\n        renderMessage(payload.data);\n      }\n    } catch (e) {\n      console.error(e);\n    }\n  };\n  es.onerror = (e) => {\n    console.error('SSE error', e);\n  };\n}\n\nform.addEventListener('submit', async (e) => {\n  e.preventDefault();\n  const text = input.value.trim();\n  if (!text) return;\n  try {\n    await fetch('/api/messages', {\n      method: 'POST',\n      headers: { 'Content-Type': 'application/json' },\n      body: JSON.stringify({ text })\n    });\n    input.value = '';\n  } catch (err) {\n    console.error('Failed to send', err);\n  }\n});\n\nfetchHistory();\nconnectSSE();\n"})
Tool Result (write_file): wrote 1765 chars to /tmp/runs/smokes/muse-q4xl/message-board/no_verification/runs/201/app/frontend/main.js
[tool] write_file applied in 0.00s (call 1 of 1) - tools done for this step
[agent] sending 1 tool response to the model (106 chars)

--- Step 12 ---
Tool Call: write_file({"path": "/tmp/runs/smokes/muse-q4xl/message-board/no_verification/runs/201/app/README.md", "content": "# Message Board\n\nReal-time message board using PGLite and Server-Sent Events.\n\n## Development\n\n```bash\nnpm install\nnpm run dev\n```\n\nBackend runs on http://localhost:3001\nFrontend runs on http://localhost:5173\n"})
Tool Result (write_file): wrote 209 chars to /tmp/runs/smokes/muse-q4xl/message-board/no_verification/runs/201/app/README.md
[tool] write_file applied in 0.00s (call 1 of 1) - tools done for this step
[agent] sending 1 tool response to the model (98 chars)

--- Step 13 ---
Reasoning (19 chars): List dir to verify.
Tool Call: list_dir({})
Tool Result (list_dir): README.md backend/ frontend/ package.json
[tool] list_dir applied in 0.00s (call 1 of 1) - tools done for this step
[agent] sending 1 tool response to the model (41 chars)

--- Step 14 ---
Tool Call: finish({"summary": "Created a full-stack real-time message board with Node.js backend using Express, embedded PGLite for persistent storage, and Server-Sent Events for live updates. The frontend is a lightweight Vanilla JS SPA built with Vite.\n\nStructure:\n- Root package.json with concurrently script to run backend and frontend dev servers\n- backend/package.json with express, @electric-sql/pglite, cors\n- backend/server.js: Express server with CORS, JSON parsing, PGLite initialization to ./data, messages table creation, GET /api/messages, POST /api/messages with broadcast to SSE connections, GET /api/stream SSE endpoint\n- frontend/package.json with vite\n- frontend/vite.config.js proxies /api to localhost:3001\n- frontend/index.html basic layout with message list and form\n- frontend/main.js fetches history, connects EventSource, renders messages, submits POST\n\nRun with: npm install then npm run dev at project root. Backend creates data directory automatically and serves API, frontend serves UI and connects to backend."})
Tool Result (finish): FINISHED: Created a full-stack real-time message board with Node.js backend using Express, embedded PGLite for persistent storage, and Server-Sent Eve...
[tool] finish applied in 0.00s (call 1 of 1) - tools done for this step

[Agent Finished First Time] Command line arguments:
/mnt/d/eval-coding-agent/harness/agent.py --task-file tasks/message-board --condition no_verification --workspace /tmp/runs/smokes/muse-q4xl/message-board/no_verification/runs/201/app/ --run-dir /tmp/runs/smokes/muse-q4xl/message-board/no_verification/runs/201/smoke/logs/ --model muse-glimmer-30b --api-key lm-studio --max-steps 10000 --max-total-tokens 20000000 --max-same-calls 500 --max-cycle-repeats 3 --max-blocked-calls 3 --max-repeat-steps 30 --base-url http://192.168.1.110:7777/v1 --screenshot-dir /tmp/runs/smokes/muse-q4xl/message-board/no_verification/runs/201/smoke/screenshot --verbose --clean-workspace --briefing-mode universal --quantization UD-Q4_K_XL --quant-registry /mnt/d/eval-coding-agent/quant-registry.json --no-replay-reasoning --extra-body {"chat_template_kwargs":{"reasoning_strength":"high"}} --think-preamble none --replay-format field --temperature 1.0 --top-p 0.95 --top-k 64 --min-p 0.0 --presence-penalty 0.0 --decoding-profile thinking --decoding-registry /mnt/d/eval-coding-agent/decoding-registry.json --seed 1
[no_verification] muse-glimmer-30b -> finished in 14 steps
