
[Agent Startup] Command line arguments:
/mnt/d/eval-coding-agent/harness/agent.py --task-file tasks/kanban-board --condition execution --workspace /tmp/runs/smokes/gemma-q4/kanban-board/execution/runs/101/app/ --run-dir /tmp/runs/smokes/gemma-q4/kanban-board/execution/runs/101/smoke/logs/ --model gemma-4-31b --api-key lm-studio --max-steps 10000 --max-total-tokens 20000000 --max-same-calls 500 --max-cycle-repeats 3 --max-blocked-calls 3 --max-repeat-steps 30 --base-url http://192.168.1.110:7777/v1 --screenshot-dir /tmp/runs/smokes/gemma-q4/kanban-board/execution/runs/101/smoke/screenshot --verbose --clean-workspace --briefing-mode universal --quantization Q4_K_M --quant-registry /mnt/d/eval-coding-agent/quant-registry.json --no-replay-reasoning --extra-body {"chat_template_kwargs":{"enable_thinking":false,"preserve_thinking":true}} --think-preamble none --replay-format field --temperature 1.0 --top-p 0.95 --top-k 64 --min-p 0.0 --presence-penalty 0.0 --decoding-profile non_thinking --decoding-registry /mnt/d/eval-coding-agent/decoding-registry.json --seed 1

[quantization] declared as 'Q4_K_M' (recorded in the manifest; no effect on the run)
[reasoning] replay OFF — the model's chain of thought is discarded after each assistant turn
[quantization] registry: publisher=Unsloth method=PTQ sha256=38bd64c852c4b460...
WARNING: --extra-body is in force: {"chat_template_kwargs": {"enable_thinking": false, "preserve_thinking": true}}. These fields go to the server on EVERY request and are part of this run's treatment. Recorded in the manifest as extra_body; do not mix runs that differ here into one batch.
[preflight] server OK, serving 'gemma-4-31b'
[serving] D:\llm_models\LM Studio\unsloth\gemma-4-31B-it-GGUF\gemma-4-31B-it-Q4_K_M.gguf n_ctx=65536 template_sha=aa3185dfc6505104
[serving] served file matches the registry entry (gemma-4-31B-it-Q4_K_M.gguf)
Cleaning workspace directory: /tmp/runs/smokes/gemma-q4/kanban-board/execution/runs/101/app

--- Step 1 ---
Tool Call: run_command({"command": "mkdir -p backend frontend"})
Tool Result (run_command): $ mkdir -p backend frontend [exit 0] 
[tool] run_command applied in 0.00s (call 1 of 1) - tools done for this step
[agent] sending 1 tool response to the model (37 chars)

--- Step 2 ---
Tool Call: write_file({"content": "{\n  \"name\": \"kanban-board\",\n  \"private\": true,\n  \"version\": \"0.1.0\",\n  \"scripts\": {\n    \"dev\": \"concurrently \\\"npm run dev:backend\\\" \\\"npm run dev:frontend\\\"\",\n    \"dev:backend\": \"cd backend && npm run dev\",\n    \"dev:frontend\": \"cd frontend && npm run dev\"\n  },\n  \"devDependencies\": {\n    \"concurrently\": \"^8.2.2\"\n  }\n}\n", "path": "package.json"})
Tool Result (write_file): wrote 320 chars to package.json
[tool] write_file applied in 0.00s (call 1 of 1) - tools done for this step
[agent] sending 1 tool response to the model (31 chars)

--- Step 3 ---
Tool Call: write_file({"content": "{\n  \"name\": \"kanban-backend\",\n  \"version\": \"1.0.0\",\n  \"main\": \"index.js\",\n  \"type\": \"module\",\n  \"scripts\": {\n    \"dev\": \"node index.js\"\n  },\n  \"dependencies\": {\n    \"@electric-sql/pglite\": \"^0.2.0\",\n    \"cors\": \"^2.8.5\",\n    \"express\": \"^4.19.2\"\n  }\n}\n", "path": "backend/package.json"})
Tool Result (write_file): wrote 252 chars to backend/package.json
[tool] write_file applied in 0.00s (call 1 of 1) - tools done for this step
[agent] sending 1 tool response to the model (39 chars)

--- Step 4 ---
Tool Call: run_command({"command": "npm install"})
Tool Result (run_command): $ npm install [exit 0] STDOUT:  added 29 packages, and audited 30 packages in 5s  7 packages are looking for funding   run `npm fund` for details  1 c...
[tool] run_command applied in 4.80s (call 1 of 1) - tools done for this step
[agent] sending 1 tool response to the model (257 chars)

--- Step 5 ---
Tool Call: run_command({"command": "cd backend && npm install"})
Tool Result (run_command): $ cd backend && npm install [exit 0] STDOUT:  added 71 packages, and audited 72 packages in 2s  17 packages are looking for funding   run `npm fund` f...
[tool] run_command applied in 1.60s (call 1 of 1) - tools done for this step
[agent] sending 1 tool response to the model (187 chars)

--- Step 6 ---
Tool Call: run_command({"command": "cd frontend && npm init -y"})
Tool Result (run_command): $ cd frontend && npm init -y [exit 0] STDOUT: Wrote to /tmp/runs/smokes/gemma-q4/kanban-board/execution/runs/101/app/frontend/package.json:  {   "name...
[tool] run_command applied in 0.20s (call 1 of 1) - tools done for this step
[agent] sending 1 tool response to the model (352 chars)

--- Step 7 ---
Tool Call: run_command({"command": "cd frontend && npm install vite @vitejs/plugin-vue vue"})
Tool Result (run_command): $ cd frontend && npm install vite @vitejs/plugin-vue vue [exit 0] STDOUT:  added 35 packages, and audited 36 packages in 3s  9 packages are looking fo...
[tool] run_command applied in 3.49s (call 1 of 1) - tools done for this step
[agent] sending 1 tool response to the model (296 chars)

--- Step 8 ---
Tool Call: edit_file({"new_str": "  \"scripts\": {\n    \"dev\": \"vite\",\n    \"build\": \"vite build\",\n    \"preview\": \"vite preview\"\n  },", "old_str": "  \"scripts\": {\n    \"test\": \"echo \\\"Error: no test specified\\\" && exit 1\"\n  },", "path": "frontend/package.json"})
Tool Result (edit_file): edited frontend/package.json
[tool] edit_file applied in 0.00s (call 1 of 1) - tools done for this step
[agent] sending 1 tool response to the model (28 chars)

--- Step 9 ---
Tool Call: write_file({"content": "import express from 'express';\nimport cors from 'cors';\nimport { PGLite } from '@electric-sql/pglite';\nimport path from 'path';\n\nconst app = express();\napp.use(cors());\napp.use(express.json());\n\nconst PORT = 3000;\nconst DB_PATH = path.join(process.cwd(), 'backend', 'pgdata');\n\n// Initialize PGLite with persistence\nconst db = new PGLite(DB_PATH);\n\n// DB Initialization\nasync function initDb() {\n  await db.exec(`\n    CREATE TABLE IF NOT EXISTS columns (\n      id TEXT PRIMARY KEY,\n      title TEXT NOT NULL,\n      position REAL NOT NULL\n    );\n    CREATE TABLE IF NOT EXISTS cards (\n      id TEXT PRIMARY KEY,\n      column_id TEXT NOT NULL REFERENCES columns(id),\n      text TEXT NOT NULL,\n      position REAL NOT NULL,\n      created_at TIMESTAMP DEFAULT CURRENT_TIMESTAMP\n    );\n  `);\n\n  const columns = await db.query('SELECT * FROM columns');\n  if (columns.rows.length === 0) {\n    await db.exec(`\n      INSERT INTO columns (id, title, position) VALUES \n      ('todo', 'To Do', 1),\n      ('inprogress', 'In Progress', 2),\n      ('done', 'Done', 3);\n    `);\n  }\n}\n\nawait initDb();\n\n// SSE logic\nlet clients = [];\nfunction broadcast(event, data) {\n  const payload = `event: ${event}\\ndata: ${JSON.stringify(data)}\\n\\n`;\n  clients.forEach(client => client.res.write(payload));\n}\n\napp.get('/api/stream', (req, res) => {\n  res.setHeader('Content-Type', 'text/event-stream');\n  res.setHeader('Cache-Control', 'no-cache');\n  res.setHeader('Connection', 'keep-alive');\n\n  const client = { res };\n  clients.push(client);\n\n  req.on('close', () => {\n    clients = clients.filter(c => c !== client);\n  });\n});\n\napp.get('/api/board', async (req, res) => {\n  const colsRes = await db.query('SELECT * FROM columns ORDER BY position');\n  const columns = colsRes.rows;\n  \n  const board = [];\n  for (const col of columns) {\n    const cardsRes = await db.query('SELECT * FROM cards WHERE column_id = $1 ORDER BY position', [col.id]);\n    board.push({\n      ...col,\n      cards: cardsRes.rows\n    });\n  }\n  res.json(board);\n});\n\napp.post('/api/cards', async (req, res) => {\n  const { columnId, text } = req.body;\n  const id = Math.random().toString(36).substring(2, 9);\n  \n  // Get last card position\n  const lastCard = await db.query('SELECT position FROM cards WHERE column_id = $1 ORDER BY position DESC LIMIT 1', [columnId]);\n  const position = lastCard.rows.length > 0 ? lastCard.rows[0].position + 1000 : 1000;\n\n  await db.query('INSERT INTO cards (id, column_id, text, position) VALUES ($1, $2, $3, $4)', [id, columnId, text, position]);\n  \n  const newCard = { id, columnId, text, position };\n  broadcast('cardCreated', newCard);\n  res.status(201).json(newCard);\n});\n\napp.patch('/api/cards/:id/move', async (req, res) => {\n  const { id } = req.params;\n  const { columnId, beforeId, afterId } = req.body;\n\n  let position;\n  \n  // Compute position\n  if (beforeId && afterId) {\n    const before = await db.query('SELECT position FROM cards WHERE id = $1', [beforeId]);\n    const after = await db.query('SELECT position FROM cards WHERE id = $1', [afterId]);\n    if (before.rows.length && after.rows.length) {\n      position = (before.rows[0].position + after.rows[0].position) / 2;\n    }\n  } else if (beforeId) {\n    const before = await db.query('SELECT position FROM cards WHERE id = $1', [beforeId]);\n    if (before.rows.length) {\n      position = before.rows[0].position - 1000;\n    }\n  } else if (afterId) {\n    const after = await db.query('SELECT position FROM cards WHERE id = $1', [afterId]);\n    if (after.rows.length) {\n      position = after.rows[0].position + 1000;\n    }\n  } else {\n    // Empty column or first card\n    position = 1000;\n  }\n\n  // If position is not determined, default it\n  if (position === undefined) position = 1000;\n\n  // Update atomically\n  await db.exec('BEGIN');\n  try {\n    await db.query('UPDATE cards SET column_id = $1, position = $2 WHERE id = $3', [columnId, position, id]);\n    await db.exec('COMMIT');\n  } catch (e) {\n    await db.exec('ROLLBACK');\n    res.status(500).json({ error: 'Database error' });\n    return;\n  }\n\n  const updatedCard = { id, columnId, position };\n  broadcast('cardMoved', updatedCard);\n  res.json(updatedCard);\n});\n\napp.listen(PORT, () => {\n  console.log(`Backend server running at http://localhost:${PORT}`);\n});\n", "path": "backend/index.js"})
Tool Result (write_file): wrote 4271 chars to backend/index.js
[tool] write_file applied in 0.00s (call 1 of 1) - tools done for this step
[agent] sending 1 tool response to the model (36 chars)

--- Step 10 ---
Tool Call: run_command({"command": "mkdir -p frontend/src"})
Tool Result (run_command): $ mkdir -p frontend/src [exit 0] 
[tool] run_command applied in 0.00s (call 1 of 1) - tools done for this step
[agent] sending 1 tool response to the model (33 chars)

--- Step 11 ---
Tool Call: write_file({"content": "<!DOCTYPE html>\n<html lang=\"en\">\n  <head>\n    <meta charset=\"UTF-8\" />\n    <meta name=\"viewport\" content=\"width=device-width, initial-scale=1.0\" />\n    <title>Collaborative Kanban</title>\n    <style>\n      body { font-family: system-ui, sans-serif; background: #f4f5f7; margin: 0; padding: 20px; }\n      .board { display: flex; gap: 20px; align-items: flex-start; }\n      .column { background: #ebecf0; border-radius: 8px; width: 300px; display: flex; flex-direction: column; max-height: 90vh; }\n      .column-header { padding: 15px; font-weight: bold; display: flex; justify-content: space-between; align-items: center; }\n      .card-list { padding: 10px; flex-grow: 1; overflow-y: auto; min-height: 50px; }\n      .card { background: white; border-radius: 4px; padding: 10px; margin-bottom: 10px; box-shadow: 0 1px 3px rgba(0,0,0,0.12); cursor: grab; user-select: none; }\n      .card:active { cursor: grabbing; }\n      .card.dragging { opacity: 0.5; }\n      .add-card-form { padding: 10px; display: flex; gap: 5px; }\n      .add-card-form input { flex-grow: 1; padding: 5px; border: 1px solid #ddd; border-radius: 4px; }\n      .add-card-form button { padding: 5px 10px; cursor: pointer; }\n    </style>\n  </head>\n  <body>\n    <div id=\"app\" class=\"board\"></div>\n    <script type=\"module\" src=\"/src/main.js\"></script>\n  </body>\n</html>\n", "path": "frontend/index.html"})
Tool Result (write_file): wrote 1333 chars to frontend/index.html
[tool] write_file applied in 0.00s (call 1 of 1) - tools done for this step
[agent] sending 1 tool response to the model (39 chars)
[RealClient] waiting for model reply #12 - 30s elapsed, 1% of the 3600s timeout

--- Step 12 ---
Tool Call: write_file({"content": "const API_BASE = 'http://localhost:3000/api';\nconst app = document.getElementById('app');\n\nlet boardState = [];\n\nasync function fetchBoard() {\n  const res = await fetch(`${API_BASE}/board`);\n  boardState = await res.json();\n  render();\n}\n\nfunction render() {\n  app.innerHTML = '';\n  boardState.forEach(col => {\n    const colEl = document.createElement('div');\n    colEl.className = 'column';\n    colEl.dataset.id = col.id;\n\n    const header = document.createElement('div');\n    header.className = 'column-header';\n    header.innerText = col.title;\n    colEl.appendChild(header);\n\n    const cardList = document.createElement('div');\n    cardList.className = 'card-list';\n    cardList.dataset.id = col.id;\n    cardList.addEventListener('dragover', handleDragOver);\n    cardList.addEventListener('drop', handleDrop);\n\n    col.cards.sort((a, b) => a.position - b.position).forEach(card => {\n      const cardEl = document.createElement('div');\n      cardEl.className = 'card';\n      cardEl.draggable = true;\n      cardEl.id = `card-${card.id}`;\n      cardEl.innerText = card.text;\n      cardEl.dataset.id = card.id;\n      cardEl.addEventListener('dragstart', handleDragStart);\n      cardEl.addEventListener('dragend', handleDragEnd);\n      cardList.appendChild(cardEl);\n    });\n\n    colEl.appendChild(cardList);\n\n    const form = document.createElement('div');\n    form.className = 'add-card-form';\n    const input = document.createElement('input');\n    input.placeholder = 'New card...';\n    const button = document.createElement('button');\n    button.innerText = 'Add';\n    button.onclick = () => addCard(col.id, input.value);\n    \n    form.appendChild(input);\n    form.appendChild(button);\n    colEl.appendChild(form);\n\n    app.appendChild(colEl);\n  });\n}\n\nasync function addCard(columnId, text) {\n  if (!text) return;\n  const res = await fetch(`${API_BASE}/cards`, {\n    method: 'POST',\n    headers: { 'Content-Type': 'application/json' },\n    body: JSON.stringify({ columnId, text })\n  });\n  const newCard = await res.json();\n  \n  // Optimistic update\n  const col = boardState.find(c => c.id === columnId);\n  col.cards.push(newCard);\n  render();\n}\n\nlet draggedCardId = null;\n\nfunction handleDragStart(e) {\n  draggedCardId = e.target.dataset.id;\n  e.target.classList.add('dragging');\n}\n\nfunction handleDragEnd(e) {\n  e.target.classList.remove('dragging');\n}\n\nfunction handleDragOver(e) {\n  e.preventDefault();\n  const list = e.currentTarget;\n  const afterElement = getDragAfterElement(list, e.clientY);\n  const dragging = document.querySelector('.dragging');\n  if (!dragging) return;\n  if (afterElement == null) {\n    list.appendChild(dragging);\n  } else {\n    list.insertBefore(dragging, afterElement);\n  }\n}\n\nfunction getDragAfterElement(container, y) {\n  const draggableElements = [...container.querySelectorAll('.card:not(.dragging)')];\n  return draggableElements.reduce((closest, child) => {\n    const box = child.getBoundingClientRect();\n    const offset = y - box.top - box.height / 2;\n    if (offset < 0 && offset > closest.offset) {\n      return { offset: offset, element: child };\n    } else {\n      return closest;\n    }\n  }, { offset: Number.NEGATIVE_INFINITY }).element;\n}\n\nasync function handleDrop(e) {\n  e.preventDefault();\n  const columnId = e.currentTarget.dataset.id;\n  const cardEl = document.querySelector('.dragging');\n  if (!cardEl) return;\n  const cardId = cardEl.dataset.id;\n\n  const cardList = e.currentTarget;\n  const cards = [...cardList.querySelectorAll('.card')];\n  const index = cards.indexOf(cardEl);\n  \n  const beforeId = index > 0 ? cards[index - 1].dataset.id : null;\n  const afterId = index < cards.length - 1 ? cards[index + 1].dataset.id : null;\n\n  // Optimistic: the DOM is already updated by handleDragOver\n  \n  await fetch(`${API_BASE}/cards/${cardId}/move`, {\n    method: 'PATCH',\n    headers: { 'Content-Type': 'application/json' },\n    body: JSON.stringify({ columnId, beforeId, afterId })\n  });\n}\n\nfunction setupSSE() {\n  const eventSource = new EventSource(`${API_BASE}/stream`);\n  \n  eventSource.addEventListener('cardCreated', (e) => {\n    const card = JSON.parse(e.data);\n    const col = boardState.find(c => c.id === card.columnId);\n    if (col) {\n      col.cards.push(card);\n      render();\n    }\n  });\n\n  eventSource.addEventListener('cardMoved', (e) => {\n    const card = JSON.parse(e.data);\n    \n    // Remove from any column it might be in\n    boardState.forEach(col => {\n      col.cards = col.cards.filter(c => c.id !== card.id);\n    });\n    \n    // Add to target column\n    const col = boardState.find(c => c.id === card.columnId);\n    if (col) {\n      // We need the full card data to render correctly (text)\n      // For simplicity, we can either refetch board or find the card's old text\n      // Let's try to find the text from existing state before we remove it\n      const oldCard = boardState.flatMap(c => c.cards).find(c => c.id === card.id);\n      const cardWithText = oldCard ? { ...card, text: oldCard.text } : card;\n      \n      col.cards.push(cardWithText);\n      render();\n    }\n  });\n}\n\nfetchBoard();\nsetupSSE();\n", "path": "frontend/src/main.js"})
Tool Result (write_file): wrote 5084 chars to frontend/src/main.js
[tool] write_file applied in 0.00s (call 1 of 1) - tools done for this step
[agent] sending 1 tool response to the model (40 chars)

--- Step 13 ---
Tool Call: run_background_command({"command": "npm run dev"})
Tool Result (run_background_command): Background command 'npm run dev' started with PID 37782. Listening on port(s): 5173. Output is logged to .agent_logs/cmd_out_1791401728.log (use read_...
[tool] run_background_command applied in 1.50s (call 1 of 1) - tools done for this step
[agent] sending 1 tool response to the model (156 chars)

--- Step 14 ---
Tool Call: run_command_and_capture_output({"command": "curl http://localhost:3000/api/board", "duration": 5})
Tool Result (run_command_and_capture_output): $ curl http://localhost:3000/api/board [exit 7] STDERR:   % Total    % Received % Xferd  Average Speed  Time    Time    Time   Current                ...
[tool] run_command_and_capture_output applied in 0.04s (call 1 of 1) - tools done for this step
[agent] sending 1 tool response to the model (383 chars)

--- Step 15 ---
Tool Call: run_command({"command": "tail -n 100 .agent_logs/cmd_out_1791401728.log"})
Tool Result (run_command): $ tail -n 100 .agent_logs/cmd_out_1791401728.log [exit 0] STDOUT: npm notice run kanban-board@0.1.0 dev npm notice run concurrently "npm run dev:backe...
[tool] run_command applied in 0.02s (call 1 of 1) - tools done for this step
[agent] sending 1 tool response to the model (1,265 chars)

--- Step 16 ---
Tool Call: edit_file({"new_str": "import { PGLite } from '@electric-sql/pglite/node';", "old_str": "import { PGLite } from '@electric-sql/pglite';", "path": "backend/index.js"})
Tool Result (edit_file): edited backend/index.js NOTE: background process(es) started earlier in this run are still running: PID 37782 (npm run dev). A running process does no...
[tool] edit_file applied in 0.01s (call 1 of 1) - tools done for this step
[agent] sending 1 tool response to the model (213 chars)

--- Step 17 ---
Tool Call: stop_background_command({"pid": 37782})
Tool Result (stop_background_command): Stopped background PID 37782.
[tool] stop_background_command applied in 0.50s (call 1 of 1) - tools done for this step
[agent] sending 1 tool response to the model (29 chars)

--- Step 18 ---
Tool Call: run_background_command({"command": "npm run dev"})
Tool Result (run_background_command): Background command 'npm run dev' started with PID 37938. Listening on port(s): 5173. Output is logged to .agent_logs/cmd_out_1791401735.log (use read_...
[tool] run_background_command applied in 1.50s (call 1 of 1) - tools done for this step
[agent] sending 1 tool response to the model (156 chars)

--- Step 19 ---
Tool Call: run_command_and_capture_output({"command": "curl http://localhost:3000/api/board", "duration": 5})
Tool Result (run_command_and_capture_output): $ curl http://localhost:3000/api/board [exit 7] STDERR:   % Total    % Received % Xferd  Average Speed  Time    Time    Time   Current                ...
[tool] run_command_and_capture_output applied in 0.01s (call 1 of 1) - tools done for this step
[agent] sending 1 tool response to the model (383 chars)

--- Step 20 ---
Tool Call: run_command({"command": "tail -n 100 .agent_logs/cmd_out_1791401735.log"})
Tool Result (run_command): $ tail -n 100 .agent_logs/cmd_out_1791401735.log [exit 0] STDOUT: npm notice run kanban-board@0.1.0 dev npm notice run concurrently "npm run dev:backe...
[tool] run_command applied in 0.00s (call 1 of 1) - tools done for this step
[agent] sending 1 tool response to the model (1,916 chars)

--- Step 21 ---
Tool Call: read_file({"path": "backend/node_modules/@electric-sql/pglite/package.json"})
Tool Result (read_file): {   "name": "@electric-sql/pglite",   "version": "0.2.17",   "private": false,   "publishConfig": {     "access": "public"   },   "description": "PGli...
[tool] read_file applied in 0.00s (call 1 of 1) - tools done for this step
[agent] sending 1 tool response to the model (4,114 chars)

--- Step 22 ---
Tool Call: edit_file({"new_str": "import { PGLite } from '@electric-sql/pglite';\nimport { NodeFs } from '@electric-sql/pglite/nodefs';", "old_str": "import { PGLite } from '@electric-sql/pglite/node';", "path": "backend/index.js"})
Tool Result (edit_file): edited backend/index.js NOTE: background process(es) started earlier in this run are still running: PID 37938 (npm run dev). A running process does no...
[tool] edit_file applied in 0.00s (call 1 of 1) - tools done for this step
[agent] sending 1 tool response to the model (213 chars)

--- Step 23 ---
Tool Call: edit_file({"new_str": "// Initialize PGLite with persistence\nconst db = new PGLite({\n  fs: new NodeFs(DB_PATH)\n});", "old_str": "// Initialize PGLite with persistence\nconst db = new PGLite(DB_PATH);", "path": "backend/index.js"})
Tool Result (edit_file): edited backend/index.js NOTE: background process(es) started earlier in this run are still running: PID 37938 (npm run dev). A running process does no...
[tool] edit_file applied in 0.00s (call 1 of 1) - tools done for this step
[agent] sending 1 tool response to the model (213 chars)

--- Step 24 ---
Tool Call: stop_background_command({"pid": 37938})
Tool Result (stop_background_command): Stopped background PID 37938.
[tool] stop_background_command applied in 0.50s (call 1 of 1) - tools done for this step
[agent] sending 1 tool response to the model (29 chars)

--- Step 25 ---
Tool Call: run_background_command({"command": "npm run dev"})
Tool Result (run_background_command): Background command 'npm run dev' started with PID 38063. Listening on port(s): 5173. Output is logged to .agent_logs/cmd_out_1791401747.log (use read_...
[tool] run_background_command applied in 1.50s (call 1 of 1) - tools done for this step
[agent] sending 1 tool response to the model (156 chars)

--- Step 26 ---
Tool Call: run_command_and_capture_output({"command": "curl http://localhost:3000/api/board", "duration": 5})
Tool Result (run_command_and_capture_output): $ curl http://localhost:3000/api/board [exit 7] STDERR:   % Total    % Received % Xferd  Average Speed  Time    Time    Time   Current                ...
[tool] run_command_and_capture_output applied in 0.01s (call 1 of 1) - tools done for this step
[agent] sending 1 tool response to the model (383 chars)

--- Step 27 ---
Tool Call: run_command({"command": "tail -n 100 .agent_logs/cmd_out_1791401747.log"})
Tool Result (run_command): $ tail -n 100 .agent_logs/cmd_out_1791401747.log [exit 0] STDOUT: npm notice run kanban-board@0.1.0 dev npm notice run concurrently "npm run dev:backe...
[tool] run_command applied in 0.00s (call 1 of 1) - tools done for this step
[agent] sending 1 tool response to the model (1,278 chars)

--- Step 28 ---
Tool Call: run_command({"command": "grep -r \"NodeFs\" backend/node_modules/@electric-sql/pglite/dist/fs/nodefs.js || echo \"Not found\""})
Tool Result (run_command): $ grep -r "NodeFs" backend/node_modules/@electric-sql/pglite/dist/fs/nodefs.js || echo "Not found" [exit 0] STDOUT: Not found  
[tool] run_command applied in 0.01s (call 1 of 1) - tools done for this step
[agent] sending 1 tool response to the model (127 chars)

--- Step 29 ---
Tool Call: run_command({"command": "grep -r \"export\" backend/node_modules/@electric-sql/pglite/dist/fs/nodefs.js | head -n 20"})
Tool Result (run_command): $ grep -r "export" backend/node_modules/@electric-sql/pglite/dist/fs/nodefs.js | head -n 20 [exit 0] STDOUT: import{d as i,e as p}from"../chunk-WGR4JC...
[tool] run_command applied in 0.00s (call 1 of 1) - tools done for this step
[agent] sending 1 tool response to the model (612 chars)

--- Step 30 ---
Tool Call: edit_file({"new_str": "import { NodeFS } from '@electric-sql/pglite/nodefs';", "old_str": "import { NodeFs } from '@electric-sql/pglite/nodefs';", "path": "backend/index.js"})
Tool Result (edit_file): edited backend/index.js NOTE: background process(es) started earlier in this run are still running: PID 38063 (npm run dev). A running process does no...
[tool] edit_file applied in 0.00s (call 1 of 1) - tools done for this step
[agent] sending 1 tool response to the model (213 chars)

--- Step 31 ---
Tool Call: edit_file({"new_str": "// Initialize PGLite with persistence\nconst db = new PGLite({\n  fs: new NodeFS(DB_PATH)\n});", "old_str": "// Initialize PGLite with persistence\nconst db = new PGLite({\n  fs: new NodeFs(DB_PATH)\n});", "path": "backend/index.js"})
Tool Result (edit_file): edited backend/index.js NOTE: background process(es) started earlier in this run are still running: PID 38063 (npm run dev). A running process does no...
[tool] edit_file applied in 0.00s (call 1 of 1) - tools done for this step
[agent] sending 1 tool response to the model (213 chars)

--- Step 32 ---
Tool Call: stop_background_command({"pid": 38063})
Tool Result (stop_background_command): Stopped background PID 38063.
[tool] stop_background_command applied in 0.50s (call 1 of 1) - tools done for this step
[agent] sending 1 tool response to the model (29 chars)

--- Step 33 ---
Tool Call: run_background_command({"command": "npm run dev"})
Tool Result (run_background_command): Background command 'npm run dev' started with PID 38194. Listening on port(s): 5173. Output is logged to .agent_logs/cmd_out_1791401760.log (use read_...
[tool] run_background_command applied in 1.51s (call 1 of 1) - tools done for this step
[agent] sending 1 tool response to the model (156 chars)

--- Step 34 ---
Tool Call: run_command_and_capture_output({"command": "curl http://localhost:3000/api/board", "duration": 5})
Tool Result (run_command_and_capture_output): $ curl http://localhost:3000/api/board [exit 7] STDERR:   % Total    % Received % Xferd  Average Speed  Time    Time    Time   Current                ...
[tool] run_command_and_capture_output applied in 0.01s (call 1 of 1) - tools done for this step
[agent] sending 1 tool response to the model (383 chars)

--- Step 35 ---
Tool Call: run_command({"command": "tail -n 100 .agent_logs/cmd_out_1791401760.log"})
Tool Result (run_command): $ tail -n 100 .agent_logs/cmd_out_1791401760.log [exit 0] STDOUT: npm notice run kanban-board@0.1.0 dev npm notice run concurrently "npm run dev:backe...
[tool] run_command applied in 0.00s (call 1 of 1) - tools done for this step
[agent] sending 1 tool response to the model (1,264 chars)

--- Step 36 ---
Tool Call: read_file({"path": "backend/node_modules/@electric-sql/pglite/package.json"})
Tool Result (read_file): {   "name": "@electric-sql/pglite",   "version": "0.2.17",   "private": false,   "publishConfig": {     "access": "public"   },   "description": "PGli...
[tool] read_file applied in 0.00s (call 1 of 1) - tools done for this step
[agent] sending 1 tool response to the model (4,114 chars)

--- Step 37 ---
Tool Call: run_command({"command": "grep \"export\" backend/node_modules/@electric-sql/pglite/dist/index.js | head -n 20"})
Tool Result (run_command): $ grep "export" backend/node_modules/@electric-sql/pglite/dist/index.js | head -n 20 [exit 0] STDOUT: import{a as ve}from"./chunk-A7RFOIQ7.js";import{...
[tool] run_command applied in 0.00s (call 1 of 1) - tools done for this step
[agent] sending 1 tool response to the model (6,032 chars)

--- Step 38 ---
Tool Call: edit_file({"new_str": "import { Ue as PGLite } from '@electric-sql/pglite';", "old_str": "import { PGLite } from '@electric-sql/pglite';", "path": "backend/index.js"})
Tool Result (edit_file): edited backend/index.js NOTE: background process(es) started earlier in this run are still running: PID 38194 (npm run dev). A running process does no...
[tool] edit_file applied in 0.00s (call 1 of 1) - tools done for this step
[agent] sending 1 tool response to the model (213 chars)

--- Step 39 ---
Tool Call: stop_background_command({"pid": 38194})
Tool Result (stop_background_command): Stopped background PID 38194.
[tool] stop_background_command applied in 0.50s (call 1 of 1) - tools done for this step
[agent] sending 1 tool response to the model (29 chars)

--- Step 40 ---
Tool Call: run_background_command({"command": "npm run dev"})
Tool Result (run_background_command): Background command 'npm run dev' started with PID 38322. Listening on port(s): 5173. Output is logged to .agent_logs/cmd_out_1791401774.log (use read_...
[tool] run_background_command applied in 1.51s (call 1 of 1) - tools done for this step
[agent] sending 1 tool response to the model (156 chars)

--- Step 41 ---
Tool Call: run_command_and_capture_output({"command": "curl http://localhost:3000/api/board", "duration": 5})
Tool Result (run_command_and_capture_output): $ curl http://localhost:3000/api/board [exit 7] STDERR:   % Total    % Received % Xferd  Average Speed  Time    Time    Time   Current                ...
[tool] run_command_and_capture_output applied in 0.01s (call 1 of 1) - tools done for this step
[agent] sending 1 tool response to the model (383 chars)

--- Step 42 ---
Tool Call: run_command({"command": "tail -n 100 .agent_logs/cmd_out_1791401774.log"})
Tool Result (run_command): $ tail -n 100 .agent_logs/cmd_out_1791401774.log [exit 0] STDOUT: npm notice run kanban-board@0.1.0 dev npm notice run concurrently "npm run dev:backe...
[tool] run_command applied in 0.00s (call 1 of 1) - tools done for this step
[agent] sending 1 tool response to the model (1,262 chars)

--- Step 43 ---
Tool Call: read_file({"path": "backend/node_modules/@electric-sql/pglite/dist/index.js"})
Tool Result (read_file): import{a as ve}from"./chunk-A7RFOIQ7.js";import{e as ze,h as Le,i as fe,j as xe,k as Me,l as Se,m as he,n as Ne,o as de,p as Oe,q as Ee,r as we,s as y...
[tool] read_file applied in 0.00s (call 1 of 1) - tools done for this step
[agent] sending 1 tool response to the model (6,032 chars)

--- Step 44 ---
Tool Call: edit_file({"new_str": "import PGLite from '@electric-sql/pglite';", "old_str": "import { Ue as PGLite } from '@electric-sql/pglite';", "path": "backend/index.js"})
Tool Result (edit_file): edited backend/index.js NOTE: background process(es) started earlier in this run are still running: PID 38322 (npm run dev). A running process does no...
[tool] edit_file applied in 0.00s (call 1 of 1) - tools done for this step
[agent] sending 1 tool response to the model (213 chars)

--- Step 45 ---
Tool Call: stop_background_command({"pid": 38322})
Tool Result (stop_background_command): Stopped background PID 38322.
[tool] stop_background_command applied in 0.50s (call 1 of 1) - tools done for this step
[agent] sending 1 tool response to the model (29 chars)

--- Step 46 ---
Tool Call: run_background_command({"command": "npm run dev"})
Tool Result (run_background_command): Background command 'npm run dev' started with PID 38446. Listening on port(s): 5173. Output is logged to .agent_logs/cmd_out_1791401786.log (use read_...
[tool] run_background_command applied in 1.51s (call 1 of 1) - tools done for this step
[agent] sending 1 tool response to the model (156 chars)

--- Step 47 ---
Tool Call: run_command_and_capture_output({"command": "curl http://localhost:3000/api/board", "duration": 5})
Tool Result (run_command_and_capture_output): $ curl http://localhost:3000/api/board [exit 7] STDERR:   % Total    % Received % Xferd  Average Speed  Time    Time    Time   Current                ...
[tool] run_command_and_capture_output applied in 0.01s (call 1 of 1) - tools done for this step
[agent] sending 1 tool response to the model (383 chars)

--- Step 48 ---
Tool Call: run_command({"command": "tail -n 100 .agent_logs/cmd_out_1791401786.log"})
Tool Result (run_command): $ tail -n 100 .agent_logs/cmd_out_1791401786.log [exit 0] STDOUT: npm notice run kanban-board@0.1.0 dev npm notice run concurrently "npm run dev:backe...
[tool] run_command applied in 0.00s (call 1 of 1) - tools done for this step
[agent] sending 1 tool response to the model (1,259 chars)

--- Step 49 ---
Tool Call: edit_file({"new_str": "import { PGlite } from '@electric-sql/pglite';", "old_str": "import PGLite from '@electric-sql/pglite';", "path": "backend/index.js"})
Tool Result (edit_file): edited backend/index.js NOTE: background process(es) started earlier in this run are still running: PID 38446 (npm run dev). A running process does no...
[tool] edit_file applied in 0.00s (call 1 of 1) - tools done for this step
[agent] sending 1 tool response to the model (213 chars)

--- Step 50 ---
Tool Call: edit_file({"new_str": "// Initialize PGLite with persistence\nconst db = new PGlite({\n  fs: new NodeFS(DB_PATH)\n});", "old_str": "// Initialize PGLite with persistence\nconst db = new PGLite({\n  fs: new NodeFS(DB_PATH)\n});", "path": "backend/index.js"})
Tool Result (edit_file): edited backend/index.js NOTE: background process(es) started earlier in this run are still running: PID 38446 (npm run dev). A running process does no...
[tool] edit_file applied in 0.00s (call 1 of 1) - tools done for this step
[agent] sending 1 tool response to the model (213 chars)

--- Step 51 ---
Tool Call: stop_background_command({"pid": 38446})
Tool Result (stop_background_command): Stopped background PID 38446.
[tool] stop_background_command applied in 0.50s (call 1 of 1) - tools done for this step
[agent] sending 1 tool response to the model (29 chars)

--- Step 52 ---
Tool Call: run_background_command({"command": "npm run dev"})
Tool Result (run_background_command): Background command 'npm run dev' started with PID 38570. Listening on port(s): 5173. Output is logged to .agent_logs/cmd_out_1791401800.log (use read_...
[tool] run_background_command applied in 1.51s (call 1 of 1) - tools done for this step
[agent] sending 1 tool response to the model (156 chars)

--- Step 53 ---
Tool Call: run_command_and_capture_output({"command": "curl http://localhost:3000/api/board", "duration": 5})
Tool Result (run_command_and_capture_output): $ curl http://localhost:3000/api/board [exit 7] STDERR:   % Total    % Received % Xferd  Average Speed  Time    Time    Time   Current                ...
[tool] run_command_and_capture_output applied in 0.01s (call 1 of 1) - tools done for this step
[agent] sending 1 tool response to the model (383 chars)

--- Step 54 ---
Tool Call: run_command({"command": "tail -n 100 .agent_logs/cmd_out_1791401800.log"})
Tool Result (run_command): $ tail -n 100 .agent_logs/cmd_out_1791401800.log [exit 0] STDOUT: npm notice run kanban-board@0.1.0 dev npm notice run concurrently "npm run dev:backe...
[tool] run_command applied in 0.00s (call 1 of 1) - tools done for this step
[agent] sending 1 tool response to the model (1,618 chars)

--- Step 55 ---
Tool Call: edit_file({"new_str": "const DB_PATH = path.join(process.cwd(), 'pgdata');", "old_str": "const DB_PATH = path.join(process.cwd(), 'backend', 'pgdata');", "path": "backend/index.js"})
Tool Result (edit_file): edited backend/index.js NOTE: background process(es) started earlier in this run are still running: PID 38570 (npm run dev). A running process does no...
[tool] edit_file applied in 0.00s (call 1 of 1) - tools done for this step
[agent] sending 1 tool response to the model (213 chars)

--- Step 56 ---
Tool Call: stop_background_command({"pid": 38570})
Tool Result (stop_background_command): Stopped background PID 38570.
[tool] stop_background_command applied in 0.50s (call 1 of 1) - tools done for this step
[agent] sending 1 tool response to the model (29 chars)

--- Step 57 ---
Tool Call: run_background_command({"command": "npm run dev"})
Tool Result (run_background_command): Background command 'npm run dev' started with PID 38693. Listening on port(s): 3000, 5173. Output is logged to .agent_logs/cmd_out_1791401810.log (use...
[tool] run_background_command applied in 1.51s (call 1 of 1) - tools done for this step
[agent] sending 1 tool response to the model (162 chars)

--- Step 58 ---
Tool Call: run_command_and_capture_output({"command": "curl http://localhost:3000/api/board", "duration": 5})
Tool Result (run_command_and_capture_output): $ curl http://localhost:3000/api/board [exit 0] STDOUT: [{"id":"todo","title":"To Do","position":1,"cards":[]},{"id":"inprogress","title":"In Progress...
[tool] run_command_and_capture_output applied in 0.02s (call 1 of 1) - tools done for this step
[agent] sending 1 tool response to the model (709 chars)

--- Step 59 ---
Tool Call: finish({"summary": "Implemented a real-time collaborative Kanban board.\n- Backend: Node.js with Express, using PGLite for durable local storage.\n- Real-time Sync: Implemented Server-Sent Events (SSE) to broadcast card creations and movements.\n- Frontend: Vanilla JS Single Page Application built with Vite, featuring drag-and-drop for moving and reordering cards.\n- Ordering: Implemented fractional positioning to ensure stable and efficient ordering of cards within columns.\n- Optimistic UI: The frontend updates immediately on drag-and-drop and reconciles with the server's authoritative state via SSE.\n- Convergence: All clients stay in sync by receiving canonical updates from the server.\n"})
Tool Result (finish): FINISHED: Implemented a real-time collaborative Kanban board. - Backend: Node.js with Express, using PGLite for durable local storage. - Real-time Syn...
[tool] finish applied in 0.00s (call 1 of 1) - tools done for this step

[Agent Finished First Time] Command line arguments:
/mnt/d/eval-coding-agent/harness/agent.py --task-file tasks/kanban-board --condition execution --workspace /tmp/runs/smokes/gemma-q4/kanban-board/execution/runs/101/app/ --run-dir /tmp/runs/smokes/gemma-q4/kanban-board/execution/runs/101/smoke/logs/ --model gemma-4-31b --api-key lm-studio --max-steps 10000 --max-total-tokens 20000000 --max-same-calls 500 --max-cycle-repeats 3 --max-blocked-calls 3 --max-repeat-steps 30 --base-url http://192.168.1.110:7777/v1 --screenshot-dir /tmp/runs/smokes/gemma-q4/kanban-board/execution/runs/101/smoke/screenshot --verbose --clean-workspace --briefing-mode universal --quantization Q4_K_M --quant-registry /mnt/d/eval-coding-agent/quant-registry.json --no-replay-reasoning --extra-body {"chat_template_kwargs":{"enable_thinking":false,"preserve_thinking":true}} --think-preamble none --replay-format field --temperature 1.0 --top-p 0.95 --top-k 64 --min-p 0.0 --presence-penalty 0.0 --decoding-profile non_thinking --decoding-registry /mnt/d/eval-coding-agent/decoding-registry.json --seed 1
[Tools] Tearing down background PIDs: [(38693, 'npm run dev')]
[Tools] Successfully killed background PID 38693
[execution] gemma-4-31b -> finished in 59 steps
