
[Agent Startup] Command line arguments:
/mnt/d/eval-coding-agent/harness/agent.py --task-file tasks/message-board --condition no_verification --workspace /tmp/runs/smokes/gemma-moe-q4/message-board/no_verification/runs/101/app/ --run-dir /tmp/runs/smokes/gemma-moe-q4/message-board/no_verification/runs/101/smoke/logs/ --model gemma-4-26b-a4b --api-key lm-studio --max-steps 10000 --max-total-tokens 20000000 --max-same-calls 500 --max-cycle-repeats 3 --max-blocked-calls 3 --max-repeat-steps 30 --base-url http://192.168.1.110:7777/v1 --screenshot-dir /tmp/runs/smokes/gemma-moe-q4/message-board/no_verification/runs/101/smoke/screenshot --verbose --clean-workspace --briefing-mode universal --quantization UD-Q4_K_M --quant-registry /mnt/d/eval-coding-agent/quant-registry.json --no-replay-reasoning --extra-body {"chat_template_kwargs":{"enable_thinking":false,"preserve_thinking":true}} --think-preamble none --replay-format field --temperature 1.0 --top-p 0.95 --top-k 64 --min-p 0.0 --presence-penalty 0.0 --decoding-profile non_thinking --decoding-registry /mnt/d/eval-coding-agent/decoding-registry.json --seed 1

[quantization] declared as 'UD-Q4_K_M' (recorded in the manifest; no effect on the run)
[reasoning] replay OFF — the model's chain of thought is discarded after each assistant turn
[quantization] registry: publisher=Unsloth method=PTQ sha256=f2c28b3dc4776931...
WARNING: --extra-body is in force: {"chat_template_kwargs": {"enable_thinking": false, "preserve_thinking": true}}. These fields go to the server on EVERY request and are part of this run's treatment. Recorded in the manifest as extra_body; do not mix runs that differ here into one batch.
[preflight] server OK, serving 'gemma-4-26b-a4b'
[serving] D:\llm_models\LM Studio\unsloth\gemma-4-26B-A4B-it-UD\gemma-4-26B-A4B-it-UD-Q4_K_M.gguf n_ctx=262144 template_sha=aa3185dfc6505104
[serving] served file matches the registry entry (gemma-4-26B-A4B-it-UD-Q4_K_M.gguf)

--- Step 1 ---
Tool Call: list_dir({"path": "."})
Tool Result (list_dir): (empty)
[tool] list_dir applied in 0.00s (call 1 of 1) - tools done for this step
[agent] sending 1 tool response to the model (7 chars)

--- Step 2 ---
Tool Call: write_file({"content": "{\n  \"name\": \"realtime-message-board\",\n  \"version\": \"1.0.0\",\n  \"private\": true,\n  \"scripts\": {\n    \"dev\": \"concurrently \\\"npm run dev:backend\\\" \\\"npm run dev:frontend\\\"\",\n    \"dev:backend\": \"npm run dev --prefix backend\",\n    \"dev:frontend\": \"npm run dev --prefix frontend\",\n    \"install-all\": \"npm install && npm install --prefix backend && npm install --prefix frontend\"\n  },\n  \"devDependencies\": {\n    \"concurrently\": \"^8.2.2\"\n  }\n}\n", "path": "package.json"})
Tool Result (write_file): wrote 435 chars to package.json
[tool] write_file applied in 0.00s (call 1 of 1) - tools done for this step
[agent] sending 1 tool response to the model (31 chars)

--- Step 3 ---
Tool Call: list_dir({"path": "."})
Tool Result (list_dir): package.json
[tool] list_dir applied in 0.00s (call 1 of 1) - tools done for this step
[agent] sending 1 tool response to the model (12 chars)

--- Step 4 ---
Tool Call: list_dir({"path": "/tmp/runs/smokes/gemma-moe-q4/message-board/no_verification/runs/101/app"})
Tool Result (list_dir): package.json
[tool] list_dir applied in 0.00s (call 1 of 1) - tools done for this step
[agent] sending 1 tool response to the model (12 chars)

--- Step 5 ---
Tool Call: write_file({"content": "{\n  \"name\": \"backend\",\n  \"version\": \"1.0.0\",\n  \"main\": \"index.js\",\n  \"type\": \"module\",\n  \"scripts\": {\n    \"start\": \"node index.js\",\n    \"dev\": \"node --watch index.js\"\n  },\n  \"dependencies\": {\n    \"@electric-sql/pglite\": \"^0.2.0\",\n    \"cors\": \"^2.8.5\",\n    \"express\": \"^4.19.2\"\n  }\n}\n", "path": "backend/package.json"})
Tool Result (write_file): wrote 283 chars to backend/package.json
[tool] write_file applied in 0.00s (call 1 of 1) - tools done for this step
[agent] sending 1 tool response to the model (39 chars)

--- Step 6 ---
Tool Call: write_file({"content": "{\n  \"name\": \"frontend\",\n  \"version\": \"1.0.0\",\n  \"private\": true,\n  \"type\": \"module\",\n  \"scripts\": {\n    \"dev\": \"vite\",\n    \"build\": \"vite build\",\n    \"preview\": \"vite preview\"\n  },\n  \"dependencies\": {},\n  \"devDependencies\": {\n    \"vite\": \"^5.2.0\"\n  }\n}\n", "path": "frontend/package.json"})
Tool Result (write_file): wrote 253 chars to frontend/package.json
[tool] write_file applied in 0.00s (call 1 of 1) - tools done for this step
[agent] sending 1 tool response to the model (40 chars)

--- Step 7 ---
Tool Call: write_file({"content": "import express from 'express';\nimport cors from 'cors';\nimport { PGLite } from '@electric-sql/pglite';\nimport path from 'path';\nimport { fileURLToPath } from 'url';\nimport fs from 'fs';\n\nconst __filename = fileURLToPath(import.meta.url);\nconst __dirname = path.dirname(__filename);\n\nconst app = express();\nconst port = 3001;\n\napp.use(cors());\napp.use(express.json());\n\n// Initialize PGLite with local filesystem persistence\nconst dbDir = path.join(__dirname, 'data');\nif (!fs.existsSync(dbDir)) {\n  fs.mkdirSync(dbDir);\n}\nconst db = new PGLite(dbDir);\n\n// SSE clients management\nlet clients = [];\n\n// Initialize Database\nasync function initDb() {\n  await db.exec(`\n    CREATE TABLE IF NOT EXISTS messages (\n      id SERIAL PRIMARY KEY,\n      text TEXT NOT NULL,\n      created_at TIMESTAMP WITH TIME ZONE DEFAULT CURRENT_TIMESTAMP\n    );\n  `);\n  console.log('Database initialized');\n}\n\ninitDb().catch(err => {\n  console.error('Failed to initialize database:', err);\n  process.exit(1);\n});\n\n// GET /api/messages - Fetch historical messages\napp.get('/api/messages', async (req, res) => {\n  try {\n    const result = await db.query('SELECT * FROM messages ORDER BY created_at ASC');\n    res.json(result.rows);\n  } catch (err) {\n    console.error(err);\n    res.status(500).send('Error fetching messages');\n  }\n});\n\n// POST /api/messages - Post a new message\napp.post('/api/messages', async (req, res) => {\n  const { text } = req.body;\n  if (!text) {\n    return res.status(400).send('Text is required');\n  }\n\n  try {\n    const result = await db.query(\n      'INSERT INTO messages (text) VALUES ($1) RETURNING *',\n      [text]\n    );\n    const newMessage = result.rows[0];\n\n    // Broadcast to SSE clients\n    clients.forEach(client => {\n      client.write(`data: ${JSON.stringify(newMessage)}\\n\\n`);\n    });\n\n    res.status(201).json(newMessage);\n  } catch (err) {\n    console.error(err);\n    res.status(500).send('Error saving message');\n  }\n});\n\n// GET /api/stream - SSE endpoint\napp.get('/api/stream', (req, res) => {\n  res.setHeader('Content-Type', 'text/event-stream');\n  res.setHeader('Cache-Control', 'no-cache');\n  res.setHeader('Connection', 'keep-alive');\n\n  const client = res;\n  clients.push(client);\n\n  req.on('close', () => {\n    clients = clients.filter(c => c !== client);\n  });\n});\n\napp.listen(port, () => {\n  console.log(`Backend listening at http://localhost:${port}`);\n});\n", "path": "backend/index.js"})
Tool Result (write_file): wrote 2386 chars to backend/index.js
[tool] write_file applied in 0.00s (call 1 of 1) - tools done for this step
[agent] sending 1 tool response to the model (36 chars)

--- Step 8 ---
Tool Call: write_file({"content": "import { createApp } from '/src/app.js';\n\n// For simplicity in this environment, we'll just run it directly\n// In a real Vite app, this would be handled by the build/dev process\ncreateApp();\n", "path": "frontend/index.html"})
Tool Result (write_file): wrote 191 chars to frontend/index.html
[tool] write_file applied in 0.00s (call 1 of 1) - tools done for this step
[agent] sending 1 tool response to the model (38 chars)

--- Step 9 ---
Tool Call: write_file({"content": "<!DOCTYPE html>\n<html lang=\"en\">\n<head>\n    <meta charset=\"UTF-8\">\n    <meta name=\"viewport\" content=\"width=device-width, initial-scale=1.0\">\n    <title>Realtime Message Board</title>\n    <style>\n        body {\n            font-family: -apple-system, BlinkMacSystemFont, \"Segoe UI\", Roboto, Helvetica, Arial, sans-serif;\n            max-width: 600px;\n            margin: 2rem auto;\n            padding: 0 1rem;\n            display: flex;\n            flex-direction: column;\n            height: 90vh;\n        }\n        #message-list {\n            flex-grow: 1;\n            overflow-y: auto;\n            border: 1px solid #ccc;\n            padding: 1rem;\n            margin-bottom: 1rem;\n            border-radius: 4px;\n            display: flex;\n            flex-direction: column;\n            gap: 0.5rem;\n        }\n        .message {\n            padding: 0.5rem;\n            background: #f4f4f4;\n            border-radius: 4px;\n            word-break: break-word;\n        }\n        .message .timestamp {\n            font-size: 0.75rem;\n            color: #666;\n            margin-bottom: 0.2rem;\n        }\n        #message-form {\n            display: flex;\n            gap: 0.5rem;\n        }\n        #message-input {\n            flex-grow: 1;\n            padding: 0.5rem;\n            border: 1px solid #ccc;\n            border-radius: 4px;\n        }\n        #submit-button {\n            padding: 0.5rem 1rem;\n            background: #007bff;\n            color: white;\n            border: none;\n            border-radius: 4px;\n            cursor: pointer;\n        }\n        #submit-button:hover {\n            background: #0056b3;\n        }\n    </style>\n</head>\n<body>\n    <h1>Message Board</h1>\n    <div id=\"message-list\"></div>\n    <form id=\"message-form\">\n        <input type=\"text\" id=\"message-input\" placeholder=\"Type a message...\" required>\n        <button type=\"submit\" id=\"submit-button\">Send</button>\n    </form>\n    <script type=\"module\" src=\"/src/main.js\"></script>\n</body>\n</html>\n", "path": "frontend/index.html"})
Tool Result (write_file): wrote 1992 chars to frontend/index.html
[tool] write_file applied in 0.00s (call 1 of 1) - tools done for this step
[agent] sending 1 tool response to the model (39 chars)

--- Step 10 ---
Tool Call: write_file({"content": "const API_BASE = 'http://localhost:3001/api';\n\nfunction createApp() {\n    const messageList = document.getElementById('message-list');\n    const messageForm = document.getElementById('message-form');\n    const messageInput = document.getElementById('message-input');\n\n    function appendMessage(message) {\n        const div = document.createElement('div');\n        div.className = 'message';\n        \n        const timestamp = document.createElement('div');\n        timestamp.className = 'timestamp';\n        timestamp.textContent = new Date(message.created_at).toLocaleString();\n        \n        const text = document.createElement('div');\n        text.textContent = message.text;\n        \n        div.appendChild(timestamp);\n        div.appendChild(text);\n        messageList.appendChild(div);\n        \n        // Scroll to bottom\n        messageList.scrollTop = messageList.scrollHeight;\n    }\n\n    // Initial fetch\n    async function fetchMessages() {\n        try {\n            const response = await fetch(`${API_BASE}/messages`);\n            const messages = await response.json();\n            messageList.innerHTML = '';\n            messages.forEach(appendMessage);\n        } catch (err) {\n            console.error('Error fetching messages:', err);\n        }\n    }\n\n    // SSE Connection\n    function setupSSE() {\n        const eventSource = new EventSource(`${API_BASE}/stream`);\n        \n        eventSource.onmessage = (event) => {\n            const newMessage = JSON.parse(event.data);\n            appendMessage(newMessage);\n        };\n\n        eventSource.onerror = (err) => {\n            console.error('SSE Error:', err);\n            // EventSource will automatically try to reconnect, \n            // but we could handle it here if needed.\n        };\n    }\n\n    // Form handling\n    messageForm.addEventListener('submit', async (e) => {\n        e.preventDefault();\n        const text = messageInput.value.trim();\n        if (!text) return;\n\n        messageInput.value = '';\n\n        try {\n            const response = await fetch(`${API_BASE}/messages`, {\n                method: 'POST',\n                headers: {\n                    'Content-Type': 'application/json'\n                },\n                body: JSON.stringify({ text })\n            });\n\n            if (!response.ok) {\n                throw new Error('Failed to post message');\n            }\n        } catch (err) {\n            console.error('Error posting message:', err);\n            alert('Failed to send message');\n        }\n    });\n\n    fetchMessages();\n    setupSSE();\n}\n\n// Export for use in index.html if needed, although we're using type=\"module\"\nif (typeof module !== 'undefined') {\n    module.exports = { createApp };\n} else {\n    // In the browser\n    window.createApp = createApp;\n}\n", "path": "frontend/src/main.js"})
Tool Result (write_file): wrote 2777 chars to frontend/src/main.js
[tool] write_file applied in 0.00s (call 1 of 1) - tools done for this step
[agent] sending 1 tool response to the model (40 chars)

--- Step 11 ---
Tool Call: write_file({"content": "// This is a placeholder as we are not using a bundler for simplicity \n// and using Vite directly.\nwindow.createApp = () => {\n    // We'll just re-import logic if needed, but vite handles modules.\n};\n", "path": "frontend/src/app.js"})
Tool Result (write_file): wrote 200 chars to frontend/src/app.js
[tool] write_file applied in 0.00s (call 1 of 1) - tools done for this step
[agent] sending 1 tool response to the model (38 chars)

--- Step 12 ---
Tool Call: edit_file({"new_str": "import { createApp } from './main.js';\n\ncreateApp();\n", "old_str": "import { createApp } from '/src/app.js';\n\n// For simplicity in this environment, we'll just run it directly\n// In a real Vite app, this would be handled by the build/dev process\ncreateApp();\n", "path": "frontend/index.html"})
Tool Result (edit_file): ERROR: old_str not found
[tool] edit_file applied in 0.00s (call 1 of 1) - tools done for this step
[agent] sending 1 tool response to the model (24 chars)

--- Step 13 ---
Tool Call: write_file({"content": "<!DOCTYPE html>\n<html lang=\"en\">\n<head>\n    <meta charset=\"UTF-8\">\n    <meta name=\"viewport\" content=\"width=device-width, initial-scale=1.0\">\n    <title>Realtime Message Board</title>\n    <style>\n        body {\n            font-family: -apple-system, BlinkMacSystemFont, \"Segoe UI\", Roboto, Helvetica, Arial, sans-serif;\n            max-width: 600px;\n            margin: 2rem auto;\n            padding: 0 1rem;\n            display: flex;\n            flex-direction: column;\n            height: 90vh;\n        }\n        #message-list {\n            flex-grow: 1;\n            overflow-y: auto;\n            border: 1px solid #ccc;\n            padding: 1rem;\n            margin-bottom: 1rem;\n            border-radius: 4px;\n            display: flex;\n            flex-direction: column;\n            gap: 0.5rem;\n        }\n        .message {\n            padding: 0.5rem;\n            background: #f4f4f4;\n            border-radius: 4px;\n            word-break: break-word;\n        }\n        .message .timestamp {\n            font-size: 0.75rem;\n            color: #666;\n            margin-bottom: 0.2rem;\n        }\n        #message-form {\n            display: flex;\n            gap: 0.5rem;\n        }\n        #message-input {\n            flex-grow: 1;\n            padding: 0.5rem;\n            border: 1px solid #ccc;\n            border-radius: 4px;\n        }\n        #submit-button {\n            padding: 0.5rem 1rem;\n            background: #007bff;\n            color: white;\n            border: none;\n            border-radius: 4px;\n            cursor: pointer;\n        }\n        #submit-button:hover {\n            background: #0056b3;\n        }\n    </style>\n</head>\n<body>\n    <h1>Message Board</h1>\n    <div id=\"message-list\"></div>\n    <form id=\"message-form\">\n        <input type=\"text\" id=\"message-input\" placeholder=\"Type a message...\" required>\n        <button type=\"submit\" id=\"submit-button\">Send</button>\n    </form>\n    <script type=\"module\" src=\"/src/main.js\"></script>\n</body>\n</html>\n", "path": "frontend/index.html"})
Tool Result (write_file): wrote 1992 chars to frontend/index.html NOTE: frontend/index.html already contained exactly these bytes, so its contents are unchanged. NOTE: 2 write ...
[tool] write_file applied in 0.00s (call 1 of 1) - tools done for this step
[agent] sending 1 tool response to the model (286 chars)

--- Step 14 ---
Tool Call: write_file({"content": "const API_BASE = 'http://localhost:3001/api';\n\nexport function createApp() {\n    const messageList = document.getElementById('message-list');\n    const messageForm = document.getElementById('message-form');\n    const messageInput = document.getElementById('message-input');\n\n    if (!messageList || !messageForm || !messageInput) {\n        console.error('Required DOM elements not found');\n        return;\n    }\n\n    function appendMessage(message) {\n        const div = document.createElement('div');\n        div.className = 'message';\n        \n        const timestamp = document.createElement('div');\n        timestamp.className = 'timestamp';\n        // PGLite returns ISO strings for timestamps\n        timestamp.textContent = new Date(message.created_at).toLocaleString();\n        \n        const text = document.createElement('div');\n        text.textContent = message.text;\n        \n        div.appendChild(timestamp);\n        div.appendChild(text);\n        messageList.appendChild(div);\n        \n        // Scroll to bottom\n        messageList.scrollTop = messageList.scrollHeight;\n    }\n\n    // Initial fetch\n    async function fetchMessages() {\n        try {\n            const response = await fetch(`${API_BASE}/messages`);\n            if (!response.ok) throw new Error('Failed to fetch messages');\n            const messages = await response.json();\n            messageList.innerHTML = '';\n            messages.forEach(appendMessage);\n        } catch (err) {\n            console.error('Error fetching messages:', err);\n        }\n    }\n\n    // SSE Connection\n    function setupSSE() {\n        const eventSource = new EventSource(`${API_BASE}/stream`);\n        \n        eventSource.onmessage = (event) => {\n            try {\n                const newMessage = JSON.parse(event.data);\n                appendMessage(newMessage);\n            } catch (err) {\n                console.error('Error parsing SSE message:', err);\n            }\n        };\n\n        eventSource.onerror = (err) => {\n            console.error('SSE Error:', err);\n        };\n    }\n\n    // Form handling\n    messageForm.addEventListener('submit', async (e) => {\n        e.preventDefault();\n        const text = messageInput.value.trim();\n        if (!text) return;\n\n        messageInput.value = '';\n\n        try {\n            const response = await fetch(`${API_BASE}/messages`, {\n                method: 'POST',\n                headers: {\n                    'Content-Type': 'application/json'\n                },\n                body: JSON.stringify({ text })\n            });\n\n            if (!response.ok) {\n                throw new Error('Failed to post message');\n            }\n        } catch (err) {\n            console.error('Error posting message:', err);\n            alert('Failed to send message');\n        }\n    });\n\n    fetchMessages();\n    setupSSE();\n}\n", "path": "frontend/src/main.js"})
Tool Result (write_file): wrote 2846 chars to frontend/src/main.js
[tool] write_file applied in 0.00s (call 1 of 1) - tools done for this step
[agent] sending 1 tool response to the model (40 chars)

--- Step 15 ---
Tool Call: write_file({"content": "import { createApp } from './main.js';\n\ncreateApp();\n", "path": "frontend/src/app.js"})
Tool Result (write_file): wrote 53 chars to frontend/src/app.js
[tool] write_file applied in 0.00s (call 1 of 1) - tools done for this step
[agent] sending 1 tool response to the model (37 chars)

--- Step 16 ---
Tool Call: write_file({"content": "<!DOCTYPE html>\n<html lang=\"en\">\n<head>\n    <meta charset=\"UTF-8\">\n    <meta name=\"viewport\" content=\"width=device-width, initial-scale=1.0\">\n    <title>Realtime Message Board</title>\n    <style>\n        body {\n            font-family: -apple-system, BlinkMacSystemFont, \"Segoe UI\", Roboto, Helvetica, Arial, sans-serif;\n            max-width: 600px;\n            margin: 2rem auto;\n            padding: 0 1rem;\n            display: flex;\n            flex-direction: column;\n            height: 90vh;\n        }\n        #message-list {\n            flex-grow: 1;\n            overflow-y: auto;\n            border: 1px solid #ccc;\n            padding: 1rem;\n            margin-bottom: 1rem;\n            border-radius: 4px;\n            display: flex;\n            flex-direction: column;\n            gap: 0.5rem;\n        }\n        .message {\n            padding: 0.5rem;\n            background: #f4f4f4;\n            border-radius: 4px;\n            word-break: break-word;\n        }\n        .message .timestamp {\n            font-size: 0.75rem;\n            color: #666;\n            margin-bottom: 0.2rem;\n        }\n        #message-form {\n            display: flex;\n            gap: 0.5rem;\n        }\n        #message-input {\n            flex-grow: 1;\n            padding: 0.5rem;\n            border: 1px solid #ccc;\n            border-radius: 4px;\n        }\n        #submit-button {\n            padding: 0.5rem 1rem;\n            background: #007bff;\n            color: white;\n            border: none;\n            border-radius: 4px;\n            cursor: pointer;\n        }\n        #submit-button:hover {\n            background: #0056b3;\n        }\n    </style>\n</head>\n<body>\n    <h1>Message Board</h1>\n    <div id=\"message-list\"></div>\n    <form id=\"message-form\">\n        <input type=\"text\" id=\"message-input\" placeholder=\"Type a message...\" required>\n        <button type=\"submit\" id=\"submit-button\">Send</button>\n    </form>\n    <script type=\"module\" src=\"/src/app.js\"></script>\n</body>\n</html>\n", "path": "frontend/index.html"})
Tool Result (write_file): wrote 1991 chars to frontend/index.html
[tool] write_file applied in 0.00s (call 1 of 1) - tools done for this step
[agent] sending 1 tool response to the model (39 chars)

--- Step 17 ---
Tool Call: list_dir({"path": "."})
Tool Result (list_dir): backend/ frontend/ package.json
[tool] list_dir applied in 0.00s (call 1 of 1) - tools done for this step
[agent] sending 1 tool response to the model (31 chars)

--- Step 18 ---
Tool Call: finish({"summary": "Implemented a real-time message board using:\n- **Backend**: Node.js with Express and PGLite (embedded PostgreSQL) for persistent storage.\n- **Real-time**: Server-Sent Events (SSE) for pushing new messages from the server to all connected clients.\n- **Frontend**: A lightweight Vanilla JS Single Page Application built with Vite.\n- **Project Structure**: Monorepo-style with separate `backend` and `frontend` directories, managed by a root `package.json` using `concurrently`.\n\nKey features:\n- Persistent message storage in a local `data` directory using PGLite.\n- Automatic database table creation on startup.\n- Real-time updates via SSE without the complexity of WebSockets.\n- Simple, responsive UI for viewing and sending messages."})
Tool Result (finish): FINISHED: Implemented a real-time message board using: - **Backend**: Node.js with Express and PGLite (embedded PostgreSQL) for persistent storage. - ...
[tool] finish applied in 0.00s (call 1 of 1) - tools done for this step

[Agent Finished First Time] Command line arguments:
/mnt/d/eval-coding-agent/harness/agent.py --task-file tasks/message-board --condition no_verification --workspace /tmp/runs/smokes/gemma-moe-q4/message-board/no_verification/runs/101/app/ --run-dir /tmp/runs/smokes/gemma-moe-q4/message-board/no_verification/runs/101/smoke/logs/ --model gemma-4-26b-a4b --api-key lm-studio --max-steps 10000 --max-total-tokens 20000000 --max-same-calls 500 --max-cycle-repeats 3 --max-blocked-calls 3 --max-repeat-steps 30 --base-url http://192.168.1.110:7777/v1 --screenshot-dir /tmp/runs/smokes/gemma-moe-q4/message-board/no_verification/runs/101/smoke/screenshot --verbose --clean-workspace --briefing-mode universal --quantization UD-Q4_K_M --quant-registry /mnt/d/eval-coding-agent/quant-registry.json --no-replay-reasoning --extra-body {"chat_template_kwargs":{"enable_thinking":false,"preserve_thinking":true}} --think-preamble none --replay-format field --temperature 1.0 --top-p 0.95 --top-k 64 --min-p 0.0 --presence-penalty 0.0 --decoding-profile non_thinking --decoding-registry /mnt/d/eval-coding-agent/decoding-registry.json --seed 1
[no_verification] gemma-4-26b-a4b -> finished in 18 steps
