
[Agent Startup] Command line arguments:
/mnt/d/eval-coding-agent/harness/agent.py --task-file tasks/message-board --condition no_verification --workspace /tmp/runs/smokes/gemma-q4/message-board/no_verification/runs/101/app/ --run-dir /tmp/runs/smokes/gemma-q4/message-board/no_verification/runs/101/smoke/logs/ --model gemma-4-31b --api-key lm-studio --max-steps 10000 --max-total-tokens 20000000 --max-same-calls 500 --max-cycle-repeats 3 --max-blocked-calls 3 --max-repeat-steps 30 --base-url http://192.168.1.110:7777/v1 --screenshot-dir /tmp/runs/smokes/gemma-q4/message-board/no_verification/runs/101/smoke/screenshot --verbose --clean-workspace --briefing-mode universal --quantization Q4_K_M --quant-registry /mnt/d/eval-coding-agent/quant-registry.json --no-replay-reasoning --extra-body {"chat_template_kwargs":{"enable_thinking":false,"preserve_thinking":true}} --think-preamble none --replay-format field --temperature 1.0 --top-p 0.95 --top-k 64 --min-p 0.0 --presence-penalty 0.0 --decoding-profile non_thinking --decoding-registry /mnt/d/eval-coding-agent/decoding-registry.json --seed 1

[quantization] declared as 'Q4_K_M' (recorded in the manifest; no effect on the run)
[reasoning] replay OFF — the model's chain of thought is discarded after each assistant turn
[quantization] registry: publisher=Unsloth method=PTQ sha256=38bd64c852c4b460...
WARNING: --extra-body is in force: {"chat_template_kwargs": {"enable_thinking": false, "preserve_thinking": true}}. These fields go to the server on EVERY request and are part of this run's treatment. Recorded in the manifest as extra_body; do not mix runs that differ here into one batch.
[preflight] server OK, serving 'gemma-4-31b'
[serving] D:\llm_models\LM Studio\unsloth\gemma-4-31B-it-GGUF\gemma-4-31B-it-Q4_K_M.gguf n_ctx=65536 template_sha=aa3185dfc6505104
[serving] served file matches the registry entry (gemma-4-31B-it-Q4_K_M.gguf)
Cleaning workspace directory: /tmp/runs/smokes/gemma-q4/message-board/no_verification/runs/101/app

--- Step 1 ---
Tool Call: list_dir({"path": "."})
Tool Result (list_dir): (empty)
[tool] list_dir applied in 0.00s (call 1 of 1) - tools done for this step
[agent] sending 1 tool response to the model (7 chars)

--- Step 2 ---
Tool Call: write_file({"content": "{\n  \"name\": \"message-board\",\n  \"private\": true,\n  \"version\": \"0.0.0\",\n  \"type\": \"module\",\n  \"scripts\": {\n    \"dev\": \"concurrently \\\"npm run dev:server\\\" \\\"npm run dev:client\\\"\",\n    \"dev:server\": \"node server/index.js\",\n    \"dev:client\": \"vite client --port 5173\"\n  },\n  \"dependencies\": {\n    \"concurrently\": \"^8.2.2\"\n  },\n  \"devDependencies\": {\n    \"vite\": \"^5.0.0\"\n  }\n}\n", "path": "package.json"})
Tool Result (write_file): wrote 373 chars to package.json
[tool] write_file applied in 0.00s (call 1 of 1) - tools done for this step
[agent] sending 1 tool response to the model (31 chars)

--- Step 3 ---
Tool Call: write_file({"content": "{\n  \"name\": \"server\",\n  \"version\": \"1.0.0\",\n  \"type\": \"module\",\n  \"dependencies\": {\n    \"@electric-sql/pglite\": \"^0.1.20\",\n    \"cors\": \"^2.8.5\",\n    \"express\": \"^4.18.2\"\n  }\n}\n", "path": "server/package.json"})
Tool Result (write_file): wrote 176 chars to server/package.json
[tool] write_file applied in 0.00s (call 1 of 1) - tools done for this step
[agent] sending 1 tool response to the model (38 chars)

--- Step 4 ---
Tool Call: write_file({"content": "import express from 'express';\nimport cors from 'cors';\nimport { PGLite } from '@electric-sql/pglite';\nimport path from 'path';\n\nconst app = express();\nconst port = 3000;\n\napp.use(cors());\napp.use(express.json());\n\n// Initialize PGLite with persistence\nconst db = new PGLite('./pgdata');\n\n// Database initialization\nawait db.exec(`\n  CREATE TABLE IF NOT EXISTS messages (\n    id SERIAL PRIMARY KEY,\n    text TEXT NOT NULL,\n    created_at TIMESTAMP WITH TIME ZONE DEFAULT CURRENT_TIMESTAMP\n  );\n`);\n\n// SSE clients storage\nlet clients = [];\n\n// GET /api/messages - Fetch message history\napp.get('/api/messages', async (req, res) => {\n  try {\n    const result = await db.query('SELECT * FROM messages ORDER BY created_at ASC');\n    res.json(result.rows);\n  } catch (err) {\n    res.status(500).json({ error: err.message });\n  }\n});\n\n// GET /api/stream - SSE endpoint for real-time updates\napp.get('/api/stream', (req, res) => {\n  res.setHeader('Content-Type', 'text/event-stream');\n  res.setHeader('Cache-Control', 'no-cache');\n  res.setHeader('Connection', 'keep-alive');\n\n  const clientId = Date.now();\n  const newClient = {\n    id: clientId,\n    res\n  };\n  clients.push(newClient);\n\n  req.on('close', () => {\n    clients = clients.filter(client => client.id !== clientId);\n  });\n});\n\n// POST /api/messages - Post a new message\napp.post('/api/messages', async (req, res) => {\n  const { text } = req.body;\n  if (!text) {\n    return res.status(400).json({ error: 'Message text is required' });\n  }\n\n  try {\n    const result = await db.query(\n      'INSERT INTO messages (text) VALUES ($1) RETURNING *',\n      [text]\n    );\n    const newMessage = result.rows[0];\n\n    // Broadcast to all SSE clients\n    clients.forEach(client => {\n      client.res.write(`data: ${JSON.stringify(newMessage)}\\n\\n`);\n    });\n\n    res.status(201).json(newMessage);\n  } catch (err) {\n    res.status(500).json({ error: err.message });\n  }\n});\n\napp.listen(port, () => {\n  console.log(`Server running at http://localhost:${port}`);\n});\n", "path": "server/index.js"})
Tool Result (write_file): wrote 2009 chars to server/index.js
[tool] write_file applied in 0.00s (call 1 of 1) - tools done for this step
[agent] sending 1 tool response to the model (35 chars)

--- Step 5 ---
Tool Call: write_file({"content": "<!DOCTYPE html>\n<html lang=\"en\">\n<head>\n    <meta charset=\"UTF-8\">\n    <meta name=\"viewport\" content=\"width=device-width, initial-scale=1.0\">\n    <title>Realtime Message Board</title>\n    <style>\n        body {\n            font-family: -apple-system, BlinkMacSystemFont, \"Segoe UI\", Roboto, Helvetica, Arial, sans-serif;\n            max-width: 600px;\n            margin: 2rem auto;\n            padding: 0 1rem;\n            background-color: #f4f4f9;\n        }\n        #messages {\n            list-style: none;\n            padding: 0;\n            margin-bottom: 2rem;\n            display: flex;\n            flex-direction: column;\n            gap: 0.5rem;\n        }\n        .message {\n            background: white;\n            padding: 0.75rem;\n            border-radius: 8px;\n            box-shadow: 0 1px 3px rgba(0,0,0,0.1);\n            word-break: break-word;\n        }\n        .timestamp {\n            font-size: 0.7rem;\n            color: #888;\n            display: block;\n            margin-bottom: 0.25rem;\n        }\n        form {\n            display: flex;\n            gap: 0.5rem;\n            position: sticky;\n            bottom: 2rem;\n            background: #f4f4f9;\n            padding-top: 1rem;\n        }\n        input {\n            flex: 1;\n            padding: 0.75rem;\n            border: 1px solid #ccc;\n            border-radius: 8px;\n            font-size: 1rem;\n        }\n        button {\n            padding: 0.75rem 1.5rem;\n            background: #007bff;\n            color: white;\n            border: none;\n            border-radius: 8px;\n            cursor: pointer;\n            font-weight: bold;\n        }\n        button:hover {\n            background: #0056b3;\n        }\n    </style>\n</head>\n<body>\n    <h1>Message Board</h1>\n    <ul id=\"messages\"></ul>\n    <form id=\"message-form\">\n        <input type=\"text\" id=\"message-input\" placeholder=\"Type a message...\" autocomplete=\"off\" required>\n        <button type=\"submit\">Send</button>\n    </form>\n    <script type=\"module\" src=\"./main.js\"></script>\n</body>\n</html>\n", "path": "client/index.html"})
Tool Result (write_file): wrote 2046 chars to client/index.html
[tool] write_file applied in 0.00s (call 1 of 1) - tools done for this step
[agent] sending 1 tool response to the model (37 chars)

--- Step 6 ---
Tool Call: write_file({"content": "const API_BASE = 'http://localhost:3000/api';\nconst messagesList = document.getElementById('messages');\nconst messageForm = document.getElementById('message-form');\nconst messageInput = document.getElementById('message-input');\n\nfunction appendMessage(message) {\n    const li = document.createElement('li');\n    li.className = 'message';\n    \n    const time = new Date(message.created_at).toLocaleString();\n    \n    li.innerHTML = `\n        <span class=\"timestamp\">${time}</span>\n        <div class=\"text\">${escapeHtml(message.text)}</div>\n    `;\n    messagesList.appendChild(li);\n    window.scrollTo(0, document.body.scrollHeight);\n}\n\nfunction escapeHtml(text) {\n    const div = document.createElement('div');\n    div.textContent = text;\n    return div.innerHTML;\n}\n\nasync function loadMessages() {\n    try {\n        const response = await fetch(`${API_BASE}/messages`);\n        const messages = await response.json();\n        messages.forEach(appendMessage);\n    } catch (err) {\n        console.error('Error loading messages:', err);\n    }\n}\n\nfunction setupSSE() {\n    const eventSource = new EventSource(`${API_BASE}/stream`);\n    \n    eventSource.onmessage = (event) => {\n        const message = JSON.parse(event.data);\n        appendMessage(message);\n    };\n\n    eventSource.onerror = (err) => {\n        console.error('SSE error:', err);\n        eventSource.close();\n        // Try to reconnect after a delay\n        setTimeout(setupSSE, 3000);\n    };\n}\n\nmessageForm.addEventListener('submit', async (e) => {\n    e.preventDefault();\n    const text = messageInput.value.trim();\n    if (!text) return;\n\n    try {\n        const response = await fetch(`${API_BASE}/messages`, {\n            method: 'POST',\n            headers: { 'Content-Type': 'application/json' },\n            body: JSON.stringify({ text })\n        });\n\n        if (!response.ok) {\n            throw new Error('Failed to send message');\n        }\n\n        messageInput.value = '';\n    } catch (err) {\n        console.error('Error sending message:', err);\n        alert('Failed to send message');\n    }\n});\n\n// Initialize\nloadMessages();\nsetupSSE();\n", "path": "client/main.js"})
Tool Result (write_file): wrote 2119 chars to client/main.js
[tool] write_file applied in 0.00s (call 1 of 1) - tools done for this step
[agent] sending 1 tool response to the model (34 chars)

--- Step 7 ---
Tool Call: finish({"summary": "Implemented a real-time message board using Node.js, PGLite for embedded persistence, and Server-Sent Events (SSE) for live updates. \n\nKey components implemented:\n- A backend Express server that initializes PGLite and exposes endpoints for fetching history (`GET /api/messages`), posting new messages (`POST /api/messages`), and streaming updates (`GET /api/stream`).\n- A lightweight Vanilla JS frontend built with Vite that handles initial data load, real-time updates via `EventSource`, and message submission.\n- A root-level `package.json` to orchestrate both server and client development using `concurrently`.\n- Persistent storage configured via PGLite's filesystem capability."})
Tool Result (finish): FINISHED: Implemented a real-time message board using Node.js, PGLite for embedded persistence, and Server-Sent Events (SSE) for live updates.   Key c...
[tool] finish applied in 0.00s (call 1 of 1) - tools done for this step

[Agent Finished First Time] Command line arguments:
/mnt/d/eval-coding-agent/harness/agent.py --task-file tasks/message-board --condition no_verification --workspace /tmp/runs/smokes/gemma-q4/message-board/no_verification/runs/101/app/ --run-dir /tmp/runs/smokes/gemma-q4/message-board/no_verification/runs/101/smoke/logs/ --model gemma-4-31b --api-key lm-studio --max-steps 10000 --max-total-tokens 20000000 --max-same-calls 500 --max-cycle-repeats 3 --max-blocked-calls 3 --max-repeat-steps 30 --base-url http://192.168.1.110:7777/v1 --screenshot-dir /tmp/runs/smokes/gemma-q4/message-board/no_verification/runs/101/smoke/screenshot --verbose --clean-workspace --briefing-mode universal --quantization Q4_K_M --quant-registry /mnt/d/eval-coding-agent/quant-registry.json --no-replay-reasoning --extra-body {"chat_template_kwargs":{"enable_thinking":false,"preserve_thinking":true}} --think-preamble none --replay-format field --temperature 1.0 --top-p 0.95 --top-k 64 --min-p 0.0 --presence-penalty 0.0 --decoding-profile non_thinking --decoding-registry /mnt/d/eval-coding-agent/decoding-registry.json --seed 1
[no_verification] gemma-4-31b -> finished in 7 steps
