
[Agent Startup] Command line arguments:
/mnt/d/eval-coding-agent/harness/agent.py --task-file tasks/message-board --condition no_verification --workspace /tmp/runs/smokes/gemma-q4/message-board/no_verification/runs/301/app/ --run-dir /tmp/runs/smokes/gemma-q4/message-board/no_verification/runs/301/smoke/logs/ --model gemma-4-31b --api-key lm-studio --max-steps 10000 --max-total-tokens 20000000 --max-same-calls 500 --max-cycle-repeats 3 --max-blocked-calls 3 --max-repeat-steps 30 --base-url http://192.168.1.110:7777/v1 --screenshot-dir /tmp/runs/smokes/gemma-q4/message-board/no_verification/runs/301/smoke/screenshot --verbose --clean-workspace --briefing-mode universal --quantization Q4_K_M --quant-registry /mnt/d/eval-coding-agent/quant-registry.json --replay-reasoning --extra-body {"chat_template_kwargs":{"enable_thinking":true,"preserve_thinking":true}} --think-preamble none --replay-format field --temperature 1.0 --top-p 0.95 --top-k 64 --min-p 0.0 --presence-penalty 0.0 --decoding-profile thinking --decoding-registry /mnt/d/eval-coding-agent/decoding-registry.json --seed 1

[quantization] declared as 'Q4_K_M' (recorded in the manifest; no effect on the run)
[reasoning] replay ON — the model's chain of thought is returned with each assistant turn
[quantization] registry: publisher=Unsloth method=PTQ sha256=38bd64c852c4b460...
WARNING: --extra-body is in force: {"chat_template_kwargs": {"enable_thinking": true, "preserve_thinking": true}}. These fields go to the server on EVERY request and are part of this run's treatment. Recorded in the manifest as extra_body; do not mix runs that differ here into one batch.
[preflight] server OK, serving 'gemma-4-31b'
[serving] D:\llm_models\LM Studio\unsloth\gemma-4-31B-it-GGUF\gemma-4-31B-it-Q4_K_M.gguf n_ctx=65536 template_sha=aa3185dfc6505104
[serving] served file matches the registry entry (gemma-4-31B-it-Q4_K_M.gguf)
Cleaning workspace directory: /tmp/runs/smokes/gemma-q4/message-board/no_verification/runs/301/app

--- Step 1 ---
Reasoning (1883 chars): The user wants me to implement a real-time message board using Node.js, PGLite, and SSE.

Here's a plan:
1.  **Project Initialization**:
    *   Create `package.json` in the root for the workspace.
    *   Set up a backend directory (`server`) and a frontend directory (`client`).
    *   Install dependencies: `express`, `@electric-sql/pglite`, `cors` for backend.
    *   Set up Vite for the frontend.
    *   Configure `npm run dev` to run both backend and frontend.

2.  **Backend Implementation**:
    *   Create a basic Express server.
    *   Initialize PGLite with filesystem persistence.
    ...[truncated]
Tool Call: write_file({"content": "{\n  \"name\": \"realtime-message-board\",\n  \"version\": \"1.0.0\",\n  \"private\": true,\n  \"scripts\": {\n    \"dev\": \"concurrently \\\"npm run dev:server\\\" \\\"npm run dev:client\\\"\",\n    \"dev:server\": \"npm run dev --prefix server\",\n    \"dev:client\": \"npm run dev --prefix client\",\n    \"install-all\": \"npm install && npm install --prefix server && npm install --prefix client\"\n  },\n  \"devDependencies\": {\n    \"concurrently\": \"^8.2.2\"\n  }\n}\n", "path": "package.json"})
Tool Result (write_file): wrote 423 chars to package.json
[tool] write_file applied in 0.00s (call 1 of 1) - tools done for this step
[agent] sending 1 tool response to the model (31 chars)

--- Step 2 ---
Reasoning (29 chars): Now let's set up the backend.
Tool Call: write_file({"content": "{\n  \"name\": \"server\",\n  \"version\": \"1.0.0\",\n  \"main\": \"index.js\",\n  \"type\": \"module\",\n  \"dependencies\": {\n    \"@electric-sql/pglite\": \"^0.2.0\",\n    \"cors\": \"^2.8.5\",\n    \"express\": \"^4.18.2\"\n  },\n  \"scripts\": {\n    \"dev\": \"node index.js\"\n  }\n}\n", "path": "server/package.json"})
Tool Result (write_file): wrote 244 chars to server/package.json
[tool] write_file applied in 0.00s (call 1 of 1) - tools done for this step
[agent] sending 1 tool response to the model (38 chars)

--- Step 3 ---
Reasoning (265 chars): Now implement the backend server in `server/index.js`.
I need to:
1. Use Express.
2. Use PGLite with filesystem persistence.
3. Create the `messages` table.
4. Implement `GET /api/messages`.
5. Implement `GET /api/stream` for SSE.
6. Implement `POST /api/messages`.
Tool Call: write_file({"content": "import express from 'express';\nimport cors from 'cors';\nimport { PGLite } from '@electric-sql/pglite';\nimport path from 'path';\nimport { fileURLToPath } from 'url';\n\nconst __dirname = path.dirname(fileURLToPath(import.meta.url));\nconst app = express();\nconst port = 3000;\n\napp.use(cors());\napp.use(express.json());\n\n// Initialize PGLite with local filesystem persistence\nconst db = new PGLite({\n  dataDir: path.join(__dirname, 'pgdata'),\n});\n\n// Initialize database schema\nasync function initDb() {\n  await db.exec(`\n    CREATE TABLE IF NOT EXISTS messages (\n      id INTEGER PRIMARY KEY AUTOINCREMENT,\n      text TEXT NOT NULL,\n      created_at TIMESTAMP DEFAULT CURRENT_TIMESTAMP\n    );\n  `);\n  console.log('Database initialized');\n}\n\ninitDb().catch(console.error);\n\n// Store active SSE connections\nlet clients = [];\n\n// SSE Endpoint\napp.get('/api/stream', (req, res) => {\n  res.setHeader('Content-Type', 'text/event-stream');\n  res.setHeader('Cache-Control', 'no-cache');\n  res.setHeader('Connection', 'keep-alive');\n\n  const clientId = Date.now();\n  const newClient = {\n    id: clientId,\n    res,\n  };\n  clients.push(newClient);\n\n  console.log(`Client ${clientId} connected. Total clients: ${clients.length}`);\n\n  req.on('close', () => {\n    console.log(`Client ${clientId} disconnected`);\n    clients = clients.filter((client) => client.id !== clientId);\n  });\n});\n\n// Fetch historical messages\napp.get('/api/messages', async (req, res) => {\n  try {\n    const result = await db.query('SELECT * FROM messages ORDER BY created_at ASC');\n    res.json(result.rows);\n  } catch (error) {\n    console.error(error);\n    res.status(500).send('Internal Server Error');\n  }\n});\n\n// Post a new message\napp.post('/api/messages', async (req, res) => {\n  const { text } = req.body;\n  if (!text) {\n    return res.status(400).send('Text is required');\n  }\n\n  try {\n    const result = await db.query(\n      'INSERT INTO messages (text) VALUES ($1) RETURNING *',\n      [text]\n    );\n    const newMessage = result.rows[0];\n\n    // Broadcast to all SSE clients\n    const data = JSON.stringify(newMessage);\n    clients.forEach((client) => {\n      client.res.write(`data: ${data}\\n\\n`);\n    });\n\n    res.status(201).json(newMessage);\n  } catch (error) {\n    console.error(error);\n    res.status(500).send('Internal Server Error');\n  }\n});\n\napp.listen(port, () => {\n  console.log(`Server running at http://localhost:${port}`);\n});\n", "path": "server/index.js"})
Tool Result (write_file): wrote 2412 chars to server/index.js
[tool] write_file applied in 0.00s (call 1 of 1) - tools done for this step
[agent] sending 1 tool response to the model (35 chars)

--- Step 4 ---
Reasoning (41 chars): Now let's set up the frontend using Vite.
Tool Call: write_file({"content": "{\n  \"name\": \"client\",\n  \"version\": \"1.0.0\",\n  \"type\": \"module\",\n  \"scripts\": {\n    \"dev\": \"vite\",\n    \"build\": \"vite build\",\n    \"preview\": \"vite preview\"\n  },\n  \"dependencies\": {},\n  \"devDependencies\": {\n    \"vite\": \"^5.0.0\"\n  }\n}\n", "path": "client/package.json"})
Tool Result (write_file): wrote 232 chars to client/package.json
[tool] write_file applied in 0.00s (call 1 of 1) - tools done for this step
[agent] sending 1 tool response to the model (38 chars)

--- Step 5 ---
Reasoning (33 chars): Create the HTML for the frontend.
Tool Call: write_file({"content": "<!DOCTYPE html>\n<html lang=\"en\">\n<head>\n    <meta charset=\"UTF-8\">\n    <meta name=\"viewport\" content=\"width=device-width, initial-scale=1.0\">\n    <title>Real-time Message Board</title>\n    <link rel=\"stylesheet\" href=\"/style.css\">\n</head>\n<body>\n    <div id=\"app\">\n        <h1>Message Board</h1>\n        <div id=\"messages\"></div>\n        <form id=\"message-form\">\n            <input type=\"text\" id=\"message-input\" placeholder=\"Type a message...\" required>\n            <button type=\"submit\">Send</button>\n        </form>\n    </div>\n    <script type=\"module\" src=\"/main.js\"></script>\n</body>\n</html>\n", "path": "client/index.html"})
Tool Result (write_file): wrote 597 chars to client/index.html
[tool] write_file applied in 0.00s (call 1 of 1) - tools done for this step
[agent] sending 1 tool response to the model (36 chars)

--- Step 6 ---
Reasoning (12 chars): Now the CSS.
Tool Call: write_file({"content": "body {\n    font-family: sans-serif;\n    display: flex;\n    justify-content: center;\n    padding: 2rem;\n    background-color: #f0f2f5;\n}\n\n#app {\n    width: 100%;\n    max-width: 600px;\n    background: white;\n    padding: 2rem;\n    border-radius: 8px;\n    box-shadow: 0 2px 10px rgba(0,0,0,0.1);\n}\n\nh1 {\n    text-align: center;\n    color: #333;\n}\n\n#messages {\n    height: 400px;\n    overflow-y: auto;\n    border: 1px solid #ddd;\n    padding: 1rem;\n    margin-bottom: 1rem;\n    display: flex;\n    flex-direction: column;\n    gap: 0.5rem;\n    background: #fafafa;\n}\n\n.message {\n    background: #e1ffc7;\n    padding: 0.5rem 1rem;\n    border-radius: 8px;\n    align-self: flex-start;\n    max-width: 80%;\n    word-wrap: break-word;\n    position: relative;\n}\n\n.message .time {\n    font-size: 0.7rem;\n    color: #888;\n    display: block;\n    margin-top: 0.2rem;\n}\n\n#message-form {\n    display: flex;\n    gap: 0.5rem;\n}\n\n#message-input {\n    flex-grow: 1;\n    padding: 0.5rem;\n    border: 1px solid #ddd;\n    border-radius: 4px;\n}\n\nbutton {\n    padding: 0.5rem 1rem;\n    background-color: #007bff;\n    color: white;\n    border: none;\n    border-radius: 4px;\n    cursor: pointer;\n}\n\nbutton:hover {\n    background-color: #0056b3;\n}\n", "path": "client/style.css"})
Tool Result (write_file): wrote 1218 chars to client/style.css
[tool] write_file applied in 0.00s (call 1 of 1) - tools done for this step
[agent] sending 1 tool response to the model (36 chars)

--- Step 7 ---
Reasoning (33 chars): Finally, the JS for the frontend.
Tool Call: write_file({"content": "const API_BASE = 'http://localhost:3000/api';\nconst messagesDiv = document.getElementById('messages');\nconst messageForm = document.getElementById('message-form');\nconst messageInput = document.getElementById('message-input');\n\nfunction appendMessage(msg) {\n    const messageEl = document.createElement('div');\n    messageEl.className = 'message';\n    \n    const text = document.createElement('span');\n    text.textContent = msg.text;\n    \n    const time = document.createElement('span');\n    time.className = 'time';\n    time.textContent = new Date(msg.created_at).toLocaleTimeString();\n    \n    messageEl.appendChild(text);\n    messageEl.appendChild(time);\n    messagesDiv.appendChild(messageEl);\n    \n    // Scroll to bottom\n    messagesDiv.scrollTop = messagesDiv.scrollHeight;\n}\n\nasync function loadMessages() {\n    try {\n        const response = await fetch(`${API_BASE}/messages`);\n        const messages = await response.json();\n        messages.forEach(appendMessage);\n    } catch (error) {\n        console.error('Error loading messages:', error);\n    }\n}\n\nfunction setupSSE() {\n    const eventSource = new EventSource(`${API_BASE}/stream`);\n    \n    eventSource.onmessage = (event) => {\n        const msg = JSON.parse(event.data);\n        appendMessage(msg);\n    };\n    \n    eventSource.onerror = (error) => {\n        console.error('SSE error:', error);\n        eventSource.close();\n        // Try to reconnect after a delay\n        setTimeout(setupSSE, 5000);\n    };\n}\n\nmessageForm.addEventListener('submit', async (e) => {\n    e.preventDefault();\n    const text = messageInput.value;\n    if (!text) return;\n    \n    try {\n        const response = await fetch(`${API_BASE}/messages`, {\n            method: 'POST',\n            headers: { 'Content-Type': 'application/json' },\n            body: JSON.stringify({ text }),\n        });\n        \n        if (!response.ok) {\n            throw new Error('Failed to send message');\n        }\n        \n        messageInput.value = '';\n    } catch (error) {\n        console.error('Error sending message:', error);\n        alert('Error sending message');\n    }\n});\n\n// Initial load\nloadMessages();\nsetupSSE();\n", "path": "client/main.js"})
Tool Result (write_file): wrote 2159 chars to client/main.js
[tool] write_file applied in 0.00s (call 1 of 1) - tools done for this step
[agent] sending 1 tool response to the model (34 chars)

--- Step 8 ---
Reasoning (1525 chars): Now I have the basic structure. Let me check if I missed anything from the requirements.
- Node.js server using PGLite: Yes.
- PGLite persists to local disk: Yes (`dataDir: path.join(__dirname, 'pgdata')`).
- SSE for real-time updates: Yes (`/api/stream`).
- Frontend is simple Vanilla JS/Vite: Yes.
- `npm run dev` at root starts both: Yes, using `concurrently`.
- Database initialization: Yes, `CREATE TABLE IF NOT EXISTS messages`.
- `GET /api/messages` for history: Yes.
- `POST /api/messages` to send and broadcast: Yes.

Wait, I should make sure that `concurrently` and `vite` are available or  ...[truncated]
Tool Call: edit_file({"new_str": "    CREATE TABLE IF NOT EXISTS messages (\n      id SERIAL PRIMARY KEY,\n      text TEXT NOT NULL,\n      created_at TIMESTAMP DEFAULT CURRENT_TIMESTAMP\n    );\n", "old_str": "    CREATE TABLE IF NOT EXISTS messages (\n      id INTEGER PRIMARY KEY AUTOINCREMENT,\n      text TEXT NOT NULL,\n      created_at TIMESTAMP DEFAULT CURRENT_TIMESTAMP\n    );\n", "path": "server/index.js"})
Tool Result (edit_file): edited server/index.js
[tool] edit_file applied in 0.00s (call 1 of 1) - tools done for this step
[agent] sending 1 tool response to the model (22 chars)

--- Step 9 ---
Reasoning (800 chars): Everything looks good now. I'll just do a quick check on the paths and the general structure.
Root:
- package.json
Server:
- package.json
- index.js
Client:
- package.json
- index.html
- style.css
- main.js

The root `package.json` has `concurrently` in `devDependencies`.
The server `package.json` has `express`, `cors`, `@electric-sql/pglite`.
The client `package.json` has `vite`.

The `npm run dev` command will:
1. Run `npm run dev:server` which runs `npm run dev --prefix server` which runs `node index.js`.
2. Run `npm run dev:client` which runs `npm run dev --prefix client` which runs `vite` ...[truncated]
Tool Call: finish({"summary": "Implemented a real-time message board using Node.js, PGLite for embedded PostgreSQL persistence, and Server-Sent Events (SSE) for real-time updates. The project is structured with a backend Express server and a Vanilla JS frontend powered by Vite. The root package.json allows starting both servers concurrently with a single `npm run dev` command."})
Tool Result (finish): FINISHED: Implemented a real-time message board using Node.js, PGLite for embedded PostgreSQL persistence, and Server-Sent Events (SSE) for real-time ...
[tool] finish applied in 0.00s (call 1 of 1) - tools done for this step

[Agent Finished First Time] Command line arguments:
/mnt/d/eval-coding-agent/harness/agent.py --task-file tasks/message-board --condition no_verification --workspace /tmp/runs/smokes/gemma-q4/message-board/no_verification/runs/301/app/ --run-dir /tmp/runs/smokes/gemma-q4/message-board/no_verification/runs/301/smoke/logs/ --model gemma-4-31b --api-key lm-studio --max-steps 10000 --max-total-tokens 20000000 --max-same-calls 500 --max-cycle-repeats 3 --max-blocked-calls 3 --max-repeat-steps 30 --base-url http://192.168.1.110:7777/v1 --screenshot-dir /tmp/runs/smokes/gemma-q4/message-board/no_verification/runs/301/smoke/screenshot --verbose --clean-workspace --briefing-mode universal --quantization Q4_K_M --quant-registry /mnt/d/eval-coding-agent/quant-registry.json --replay-reasoning --extra-body {"chat_template_kwargs":{"enable_thinking":true,"preserve_thinking":true}} --think-preamble none --replay-format field --temperature 1.0 --top-p 0.95 --top-k 64 --min-p 0.0 --presence-penalty 0.0 --decoding-profile thinking --decoding-registry /mnt/d/eval-coding-agent/decoding-registry.json --seed 1
[no_verification] gemma-4-31b -> finished in 9 steps
